Archive member included because of file (symbol)

C:/Users/yangs/OneDrive/文档/竞赛/飞思卡尔/2016年/开发环境/SDK_1.3_MK60DN512xxx10/lib/ksdk_platform_lib/kds/K60D10/debug/libksdk_platform.a(fsl_uart_hal.o)
                              ./Sources/Utilities/fsl_debug_console.o (UART_HAL_SetBaudRate)
C:/Users/yangs/OneDrive/文档/竞赛/飞思卡尔/2016年/开发环境/SDK_1.3_MK60DN512xxx10/lib/ksdk_platform_lib/kds/K60D10/debug/libksdk_platform.a(fsl_pit_driver.o)
                              ./Board/Hardware_init.o (PIT_DRV_Init)
C:/Users/yangs/OneDrive/文档/竞赛/飞思卡尔/2016年/开发环境/SDK_1.3_MK60DN512xxx10/lib/ksdk_platform_lib/kds/K60D10/debug/libksdk_platform.a(fsl_i2c_master_driver.o)
                              ./Board/Hardware_init.o (I2C_DRV_MasterInit)
C:/Users/yangs/OneDrive/文档/竞赛/飞思卡尔/2016年/开发环境/SDK_1.3_MK60DN512xxx10/lib/ksdk_platform_lib/kds/K60D10/debug/libksdk_platform.a(fsl_i2c_common.o)
                              C:/Users/yangs/OneDrive/文档/竞赛/飞思卡尔/2016年/开发环境/SDK_1.3_MK60DN512xxx10/lib/ksdk_platform_lib/kds/K60D10/debug/libksdk_platform.a(fsl_i2c_master_driver.o) (g_i2cBase)
C:/Users/yangs/OneDrive/文档/竞赛/飞思卡尔/2016年/开发环境/SDK_1.3_MK60DN512xxx10/lib/ksdk_platform_lib/kds/K60D10/debug/libksdk_platform.a(fsl_gpio_driver.o)
                              ./Board/Hardware_init.o (GPIO_DRV_Init)
C:/Users/yangs/OneDrive/文档/竞赛/飞思卡尔/2016年/开发环境/SDK_1.3_MK60DN512xxx10/lib/ksdk_platform_lib/kds/K60D10/debug/libksdk_platform.a(fsl_clock_MK60D10.o)
                              ./Board/board.o (CLOCK_SYS_SetSimConfigration)
C:/Users/yangs/OneDrive/文档/竞赛/飞思卡尔/2016年/开发环境/SDK_1.3_MK60DN512xxx10/lib/ksdk_platform_lib/kds/K60D10/debug/libksdk_platform.a(fsl_clock_manager.o)
                              ./Board/board.o (CLOCK_SYS_BootToPee)
C:/Users/yangs/OneDrive/文档/竞赛/飞思卡尔/2016年/开发环境/SDK_1.3_MK60DN512xxx10/lib/ksdk_platform_lib/kds/K60D10/debug/libksdk_platform.a(fsl_clock_manager_common.o)
                              C:/Users/yangs/OneDrive/文档/竞赛/飞思卡尔/2016年/开发环境/SDK_1.3_MK60DN512xxx10/lib/ksdk_platform_lib/kds/K60D10/debug/libksdk_platform.a(fsl_clock_MK60D10.o) (g_oscBase)
C:/Users/yangs/OneDrive/文档/竞赛/飞思卡尔/2016年/开发环境/SDK_1.3_MK60DN512xxx10/lib/ksdk_platform_lib/kds/K60D10/debug/libksdk_platform.a(fsl_os_abstraction_bm.o)
                              C:/Users/yangs/OneDrive/文档/竞赛/飞思卡尔/2016年/开发环境/SDK_1.3_MK60DN512xxx10/lib/ksdk_platform_lib/kds/K60D10/debug/libksdk_platform.a(fsl_i2c_master_driver.o) (OSA_SemaCreate)
C:/Users/yangs/OneDrive/文档/竞赛/飞思卡尔/2016年/开发环境/SDK_1.3_MK60DN512xxx10/lib/ksdk_platform_lib/kds/K60D10/debug/libksdk_platform.a(fsl_sim_hal_MK60D10.o)
                              C:/Users/yangs/OneDrive/文档/竞赛/飞思卡尔/2016年/开发环境/SDK_1.3_MK60DN512xxx10/lib/ksdk_platform_lib/kds/K60D10/debug/libksdk_platform.a(fsl_clock_MK60D10.o) (CLOCK_HAL_GetUsbfsDiv)
C:/Users/yangs/OneDrive/文档/竞赛/飞思卡尔/2016年/开发环境/SDK_1.3_MK60DN512xxx10/lib/ksdk_platform_lib/kds/K60D10/debug/libksdk_platform.a(fsl_pit_common.o)
                              C:/Users/yangs/OneDrive/文档/竞赛/飞思卡尔/2016年/开发环境/SDK_1.3_MK60DN512xxx10/lib/ksdk_platform_lib/kds/K60D10/debug/libksdk_platform.a(fsl_pit_driver.o) (g_pitBase)
C:/Users/yangs/OneDrive/文档/竞赛/飞思卡尔/2016年/开发环境/SDK_1.3_MK60DN512xxx10/lib/ksdk_platform_lib/kds/K60D10/debug/libksdk_platform.a(fsl_osc_hal.o)
                              C:/Users/yangs/OneDrive/文档/竞赛/飞思卡尔/2016年/开发环境/SDK_1.3_MK60DN512xxx10/lib/ksdk_platform_lib/kds/K60D10/debug/libksdk_platform.a(fsl_clock_manager.o) (OSC_HAL_SetCapacitor)
C:/Users/yangs/OneDrive/文档/竞赛/飞思卡尔/2016年/开发环境/SDK_1.3_MK60DN512xxx10/lib/ksdk_platform_lib/kds/K60D10/debug/libksdk_platform.a(fsl_mcg_hal.o)
                              C:/Users/yangs/OneDrive/文档/竞赛/飞思卡尔/2016年/开发环境/SDK_1.3_MK60DN512xxx10/lib/ksdk_platform_lib/kds/K60D10/debug/libksdk_platform.a(fsl_clock_MK60D10.o) (g_xtal0ClkFreq)
C:/Users/yangs/OneDrive/文档/竞赛/飞思卡尔/2016年/开发环境/SDK_1.3_MK60DN512xxx10/lib/ksdk_platform_lib/kds/K60D10/debug/libksdk_platform.a(fsl_mcg_hal_modes.o)
                              C:/Users/yangs/OneDrive/文档/竞赛/飞思卡尔/2016年/开发环境/SDK_1.3_MK60DN512xxx10/lib/ksdk_platform_lib/kds/K60D10/debug/libksdk_platform.a(fsl_clock_manager.o) (CLOCK_HAL_GetMcgMode)
C:/Users/yangs/OneDrive/文档/竞赛/飞思卡尔/2016年/开发环境/SDK_1.3_MK60DN512xxx10/lib/ksdk_platform_lib/kds/K60D10/debug/libksdk_platform.a(fsl_lptmr_hal.o)
                              C:/Users/yangs/OneDrive/文档/竞赛/飞思卡尔/2016年/开发环境/SDK_1.3_MK60DN512xxx10/lib/ksdk_platform_lib/kds/K60D10/debug/libksdk_platform.a(fsl_os_abstraction_bm.o) (LPTMR_HAL_SetTimerWorkingMode)
C:/Users/yangs/OneDrive/文档/竞赛/飞思卡尔/2016年/开发环境/SDK_1.3_MK60DN512xxx10/lib/ksdk_platform_lib/kds/K60D10/debug/libksdk_platform.a(fsl_interrupt_manager.o)
                              C:/Users/yangs/OneDrive/文档/竞赛/飞思卡尔/2016年/开发环境/SDK_1.3_MK60DN512xxx10/lib/ksdk_platform_lib/kds/K60D10/debug/libksdk_platform.a(fsl_os_abstraction_bm.o) (INT_SYS_InstallHandler)
C:/Users/yangs/OneDrive/文档/竞赛/飞思卡尔/2016年/开发环境/SDK_1.3_MK60DN512xxx10/lib/ksdk_platform_lib/kds/K60D10/debug/libksdk_platform.a(fsl_i2c_hal.o)
[...]
Memory Configuration

Name             Origin             Length             Attributes
m_interrupts     0x00000000         0x00000400         xr
m_flash_config   0x00000400         0x00000010         xr
m_text           0x00000410         0x0007fbf0         xr
m_data           0x1fff0000         0x00010000         rw
m_data_2         0x20000000         0x00010000         rw
*default*        0x00000000         0xffffffff

Linker script and memory map

LOAD d:/freescale/kds_v3/toolchain/bin/../lib/gcc/arm-none-eabi/4.8.4/armv7e-m/crti.o
LOAD d:/freescale/kds_v3/toolchain/bin/../lib/gcc/arm-none-eabi/4.8.4/armv7e-m/crtbegin.o
LOAD d:/freescale/kds_v3/toolchain/bin/../lib/gcc/arm-none-eabi/4.8.4/../../../../arm-none-eabi/lib/armv7e-m/crt0.o
LOAD ./Sources/Utilities/fsl_debug_console.o
LOAD ./Sources/Utilities/fsl_misc_utilities.o
LOAD ./Sources/Utilities/print_scan.o
LOAD ./Sources/main.o
LOAD ./Sources/user_i2c_irq.o
LOAD ./Sources/user_pit_irq.o
LOAD ./Sources/user_uart_irq.o
LOAD ./Project_Settings/Startup_Code/startup.o
LOAD ./Project_Settings/Startup_Code/startup_MK60D10.o
LOAD ./Project_Settings/Startup_Code/system_MK60D10.o
LOAD ./Board/mma8451/MMA8451.o
LOAD ./Board/FXAS21002/fxas21002.o
LOAD ./Board/Hardware_init.o
LOAD ./Board/board.o
LOAD ./Board/gpio_pins.o
LOAD ./Board/pin_mux.o
LOAD C:/Users/yangs/OneDrive/文档/竞赛/飞思卡尔/2016年/开发环境/SDK_1.3_MK60DN512xxx10/lib/ksdk_platform_lib/kds/K60D10/debug/libksdk_platform.a
LOAD d:/freescale/kds_v3/toolchain/bin/../lib/gcc/arm-none-eabi/4.8.4/../../../../arm-none-eabi/lib/armv7e-m\libstdc++_s.a
LOAD d:/freescale/kds_v3/toolchain/bin/../lib/gcc/arm-none-eabi/4.8.4/../../../../arm-none-eabi/lib/armv7e-m\libm.a
START GROUP
LOAD d:/freescale/kds_v3/toolchain/bin/../lib/gcc/arm-none-eabi/4.8.4/armv7e-m\libgcc.a
LOAD d:/freescale/kds_v3/toolchain/bin/../lib/gcc/arm-none-eabi/4.8.4/../../../../arm-none-eabi/lib/armv7e-m\libg_s.a
LOAD d:/freescale/kds_v3/toolchain/bin/../lib/gcc/arm-none-eabi/4.8.4/../../../../arm-none-eabi/lib/armv7e-m\libc_s.a
END GROUP
START GROUP
LOAD d:/freescale/kds_v3/toolchain/bin/../lib/gcc/arm-none-eabi/4.8.4/armv7e-m\libgcc.a
LOAD d:/freescale/kds_v3/toolchain/bin/../lib/gcc/arm-none-eabi/4.8.4/../../../../arm-none-eabi/lib/armv7e-m\libc_s.a
LOAD d:/freescale/kds_v3/toolchain/bin/../lib/gcc/arm-none-eabi/4.8.4/../../../../arm-none-eabi/lib/armv7e-m\libnosys.a
END GROUP
START GROUP
LOAD d:/freescale/kds_v3/toolchain/bin/../lib/gcc/arm-none-eabi/4.8.4/armv7e-m\libgcc.a
LOAD d:/freescale/kds_v3/toolchain/bin/../lib/gcc/arm-none-eabi/4.8.4/../../../../arm-none-eabi/lib/armv7e-m\libc_s.a
LOAD d:/freescale/kds_v3/toolchain/bin/../lib/gcc/arm-none-eabi/4.8.4/../../../../arm-none-eabi/lib/armv7e-m\libnosys.a
END GROUP
LOAD d:/freescale/kds_v3/toolchain/bin/../lib/gcc/arm-none-eabi/4.8.4/armv7e-m/crtend.o
LOAD d:/freescale/kds_v3/toolchain/bin/../lib/gcc/arm-none-eabi/4.8.4/armv7e-m/crtn.o
                0x00000400                HEAP_SIZE = DEFINED (__heap_size__)?__heap_size__:0x400
                0x00000400                STACK_SIZE = DEFINED (__stack_size__)?__stack_size__:0x400
                0x00000000                M_VECTOR_RAM_SIZE = DEFINED (__ram_vector_table__)?0x400:0x0

.interrupts     0x00000000      0x400
                0x00000000                __VECTOR_TABLE = .
                0x00000000                . = ALIGN (0x4)
 *(.isr_vector)
 .isr_vector    0x00000000      0x400 ./Project_Settings/Startup_Code/startup_MK60D10.o
                0x00000000                __isr_vector
                0x00000400                . = ALIGN (0x4)

.flash_config   0x00000400       0x10
                0x00000400                . = ALIGN (0x4)
 *(.FlashConfig)
 .FlashConfig   0x00000400       0x10 ./Project_Settings/Startup_Code/startup_MK60D10.o
                0x00000410                . = ALIGN (0x4)

.text           0x00000410     0x4dfc
                0x00000410                . = ALIGN (0x4)
 *(.text)
 .text          0x00000410       0x54 d:/freescale/kds_v3/toolchain/bin/../lib/gcc/arm-none-eabi/4.8.4/armv7e-m/crtbegin.o
 .text          0x00000464       0x74 d:/freescale/kds_v3/toolchain/bin/../lib/gcc/arm-none-eabi/4.8.4/../../../../arm-none-eabi/lib/armv7e-m/crt0.o
                0x00000464                _start
                0x00000464                _mainCRTStartup
 .text          0x000004d8       0x14 ./Project_Settings/Startup_Code/startup_MK60D10.o
                0x000004d8                Reset_Handler
                0x000004e8                Reserved111_IRQHandler
                0x000004e8                DebugMon_Handler
                0x000004e8                I2C0_IRQHandler
                0x000004e8                HardFault_Handler
                0x000004e8                CAN1_ORed_Message_buffer_IRQHandler
                0x000004e8                SysTick_Handler
                0x000004e8                Reserved114_IRQHandler
                0x000004e8                PendSV_Handler
                0x000004e8                NMI_Handler
                0x000004e8                DMA2_IRQHandler
                0x000004e8                Reserved59_IRQHandler
                0x000004e8                ENET_Error_IRQHandler
                0x000004e8                CAN0_Tx_Warning_IRQHandler
                0x000004e8                Reserved119_IRQHandler
                0x000004e8                CAN0_ORed_Message_buffer_IRQHandler
                0x000004e8                CMP2_IRQHandler
                0x000004e8                LLWU_IRQHandler
                0x000004e8                Reserved116_IRQHandler
                0x000004e8                TSI0_IRQHandler
                0x000004e8                ENET_Receive_IRQHandler
                0x000004e8                ENET_1588_Timer_IRQHandler
                0x000004e8                CAN1_Error_IRQHandler
                0x000004e8                UART2_RX_TX_IRQHandler
                0x000004e8                SWI_IRQHandler
                0x000004e8                ADC0_IRQHandler
                0x000004e8                UsageFault_Handler
                0x000004e8                I2S0_Tx_IRQHandler
                0x000004e8                CMT_IRQHandler
                0x000004e8                UART4_RX_TX_IRQHandler
                0x000004e8                SPI1_IRQHandler
                0x000004e8                DefaultISR
                0x000004e8                DMA9_IRQHandler
                0x000004e8                DMA14_IRQHandler
                0x000004e8                CMP1_IRQHandler
                0x000004e8                PORTD_IRQHandler
                0x000004e8                PORTB_IRQHandler
                0x000004e8                UART4_ERR_IRQHandler
                0x000004e8                ADC1_IRQHandler
                0x000004e8                PIT2_IRQHandler
                0x000004e8                I2S0_Rx_IRQHandler
                0x000004e8                DMA5_IRQHandler
                0x000004e8                RTC_IRQHandler
                0x000004e8                PDB0_IRQHandler
                0x000004e8                CAN1_Bus_Off_IRQHandler
                0x000004e8                CAN0_Rx_Warning_IRQHandler
                0x000004e8                FTM1_IRQHandler
                0x000004e8                UART5_RX_TX_IRQHandler
                0x000004e8                Reserved95_IRQHandler
                0x000004e8                UART3_ERR_IRQHandler
                0x000004e8                PIT3_IRQHandler
                0x000004e8                SDHC_IRQHandler
                0x000004e8                RTC_Seconds_IRQHandler
                0x000004e8                MCG_IRQHandler
                0x000004e8                Reserved108_IRQHandler
                0x000004e8                Reserved117_IRQHandler
                0x000004e8                UART2_ERR_IRQHandler
                0x000004e8                DMA11_IRQHandler
                0x000004e8                UART5_ERR_IRQHandler
                0x000004e8                Read_Collision_IRQHandler
                0x000004e8                DMA7_IRQHandler
                0x000004e8                Reserved102_IRQHandler
                0x000004e8                ENET_Transmit_IRQHandler
                0x000004e8                USBDCD_IRQHandler
                0x000004e8                CAN1_Tx_Warning_IRQHandler
                0x000004e8                USB0_IRQHandler
                0x000004e8                SPI2_IRQHandler
                0x000004e8                WDOG_EWM_IRQHandler
                0x000004e8                MemManage_Handler
                0x000004e8                CAN1_Rx_Warning_IRQHandler
                0x000004e8                Reserved115_IRQHandler
                0x000004e8                SVC_Handler
                0x000004e8                CAN1_Wake_Up_IRQHandler
                0x000004e8                Reserved109_IRQHandler
                0x000004e8                DMA13_IRQHandler
                0x000004e8                DMA3_IRQHandler
                0x000004e8                UART0_LON_IRQHandler
                0x000004e8                RNG_IRQHandler
                0x000004e8                DMA0_IRQHandler
                0x000004e8                DMA15_IRQHandler
                0x000004e8                DAC0_IRQHandler
                0x000004e8                Reserved118_IRQHandler
                0x000004e8                CAN0_Error_IRQHandler
                0x000004e8                Reserved112_IRQHandler
                0x000004e8                DMA4_IRQHandler
                0x000004e8                PIT1_IRQHandler
                0x000004e8                UART0_ERR_IRQHandler
                0x000004e8                DMA_Error_IRQHandler
                0x000004e8                LVD_LVW_IRQHandler
                0x000004e8                SPI0_IRQHandler
                0x000004e8                FTM0_IRQHandler
                0x000004e8                PORTA_IRQHandler
                0x000004e8                DAC1_IRQHandler
                0x000004e8                MCM_IRQHandler
                0x000004e8                DMA12_IRQHandler
                0x000004e8                FTFL_IRQHandler
                0x000004e8                CAN0_Bus_Off_IRQHandler
                0x000004e8                PORTE_IRQHandler
                0x000004e8                FTM2_IRQHandler
                0x000004e8                LPTMR0_IRQHandler
                0x000004e8                BusFault_Handler
                0x000004e8                DMA8_IRQHandler
                0x000004e8                DMA10_IRQHandler
                0x000004e8                CAN0_Wake_Up_IRQHandler
                0x000004e8                UART1_ERR_IRQHandler
                0x000004e8                UART1_RX_TX_IRQHandler
                0x000004e8                CMP0_IRQHandler
                0x000004e8                PORTC_IRQHandler
                0x000004e8                DMA6_IRQHandler
                0x000004e8                DMA1_IRQHandler
                0x000004e8                Reserved113_IRQHandler
 *(.text*)
 .text.UART_HAL_EnableTransmitter
                0x000004ec       0x24 ./Sources/Utilities/fsl_debug_console.o
 .text.UART_HAL_EnableReceiver
                0x00000510       0x24 ./Sources/Utilities/fsl_debug_console.o
 .text.UART_HAL_SetBitCountPerChar
                0x00000534       0x28 ./Sources/Utilities/fsl_debug_console.o
 .text.DbgConsole_Init
                0x0000055c       0xc0 ./Sources/Utilities/fsl_debug_console.o
                0x0000055c                DbgConsole_Init
 .text._write   0x0000061c       0x58 ./Sources/Utilities/fsl_debug_console.o
                0x0000061c                _write
 .text._read    0x00000674       0x44 ./Sources/Utilities/fsl_debug_console.o
                0x00000674                _read
 .text._sbrk    0x000006b8       0x5c ./Sources/Utilities/fsl_misc_utilities.o
                0x000006b8                _sbrk
 .text.main     0x00000714       0x20 ./Sources/main.o
                0x00000714                main
 .text.delay_ms
                0x00000734       0x3c ./Sources/main.o
                0x00000734                delay_ms
 .text.I2C1_IRQHandler
                0x00000770        0xc ./Sources/user_i2c_irq.o
                0x00000770                I2C1_IRQHandler
 .text.PIT0_IRQHandler
                0x0000077c       0x10 ./Sources/user_pit_irq.o
                0x0000077c                PIT0_IRQHandler
 .text.UART0_RX_TX_IRQHandler
                0x0000078c        0xc ./Sources/user_uart_irq.o
                0x0000078c                UART0_RX_TX_IRQHandler
 .text.UART3_RX_TX_IRQHandler
                0x00000798        0xc ./Sources/user_uart_irq.o
                0x00000798                UART3_RX_TX_IRQHandler
 .text.init_data_bss
                0x000007a4       0xcc ./Project_Settings/Startup_Code/startup.o
                0x000007a4                init_data_bss
 .text.SystemInit
                0x00000870       0x28 ./Project_Settings/Startup_Code/system_MK60D10.o
                0x00000870                SystemInit
 .text.Hardware_Init
                0x00000898       0x50 ./Board/Hardware_init.o
                0x00000898                Hardware_Init
 .text.I2C_Init
                0x000008e8       0x44 ./Board/Hardware_init.o
 .text.PORT_HAL_SetMuxMode
                0x0000092c       0x58 ./Board/board.o
 .text.SMC_HAL_SetProtection
                0x00000984       0x1c ./Board/board.o
 .text.BOARD_InitOsc0
                0x000009a0       0x3c ./Board/board.o
                0x000009a0                BOARD_InitOsc0
 .text.BOARD_InitRtcOsc
                0x000009dc       0x30 ./Board/board.o
                0x000009dc                BOARD_InitRtcOsc
 .text.CLOCK_SetBootConfig
                0x00000a0c       0x3c ./Board/board.o
 .text.BOARD_ClockInit
                0x00000a48       0x3c ./Board/board.o
                0x00000a48                BOARD_ClockInit
 .text.dbg_uart_init
                0x00000a84       0x18 ./Board/board.o
                0x00000a84                dbg_uart_init
 .text.PORT_HAL_SetOpenDrainCmd
                0x00000a9c       0x48 ./Board/pin_mux.o
 .text.PORT_HAL_SetMuxMode
                0x00000ae4       0x58 ./Board/pin_mux.o
 .text.configure_i2c_pins
                0x00000b3c       0x44 ./Board/pin_mux.o
                0x00000b3c                configure_i2c_pins
 .text.configure_uart_pins
                0x00000b80       0x68 ./Board/pin_mux.o
                0x00000b80                configure_uart_pins
 .text.UART_HAL_SetBaudRate
                0x00000be8       0xa0 C:/Users/yangs/OneDrive/文档/竞赛/飞思卡尔/2016年/开发环境/SDK_1.3_MK60DN512xxx10/lib/ksdk_platform_lib/kds/K60D10/debug/libksdk_platform.a(fsl_uart_hal.o)
                0x00000be8                UART_HAL_SetBaudRate
 .text.UART_HAL_SetParityMode
                0x00000c88       0x40 C:/Users/yangs/OneDrive/文档/竞赛/飞思卡尔/2016年/开发环境/SDK_1.3_MK60DN512xxx10/lib/ksdk_platform_lib/kds/K60D10/debug/libksdk_platform.a(fsl_uart_hal.o)
                0x00000c88                UART_HAL_SetParityMode
 .text.UART_HAL_Putchar
                0x00000cc8       0x28 C:/Users/yangs/OneDrive/文档/竞赛/飞思卡尔/2016年/开发环境/SDK_1.3_MK60DN512xxx10/lib/ksdk_platform_lib/kds/K60D10/debug/libksdk_platform.a(fsl_uart_hal.o)
                0x00000cc8                UART_HAL_Putchar
 .text.UART_HAL_Getchar
                0x00000cf0       0x2c C:/Users/yangs/OneDrive/文档/竞赛/飞思卡尔/2016年/开发环境/SDK_1.3_MK60DN512xxx10/lib/ksdk_platform_lib/kds/K60D10/debug/libksdk_platform.a(fsl_uart_hal.o)
                0x00000cf0                UART_HAL_Getchar
 .text.UART_HAL_SendDataPolling
                0x00000d1c       0x44 C:/Users/yangs/OneDrive/文档/竞赛/飞思卡尔/2016年/开发环境/SDK_1.3_MK60DN512xxx10/lib/ksdk_platform_lib/kds/K60D10/debug/libksdk_platform.a(fsl_uart_hal.o)
                0x00000d1c                UART_HAL_SendDataPolling
 .text.UART_HAL_ReceiveDataPolling
                0x00000d60       0x78 C:/Users/yangs/OneDrive/文档/竞赛/飞思卡尔/2016年/开发环境/SDK_1.3_MK60DN512xxx10/lib/ksdk_platform_lib/kds/K60D10/debug/libksdk_platform.a(fsl_uart_hal.o)
                0x00000d60                UART_HAL_ReceiveDataPolling
 .text.PIT_HAL_ClearIntFlag
                0x00000dd8       0x40 C:/Users/yangs/OneDrive/文档/竞赛/飞思卡尔/2016年/开发环境/SDK_1.3_MK60DN512xxx10/lib/ksdk_platform_lib/kds/K60D10/debug/libksdk_platform.a(fsl_pit_driver.o)
 .text.PIT_DRV_ClearIntFlag
                0x00000e18       0x48 C:/Users/yangs/OneDrive/文档/竞赛/飞思卡尔/2016年/开发环境/SDK_1.3_MK60DN512xxx10/lib/ksdk_platform_lib/kds/K60D10/debug/libksdk_platform.a(fsl_pit_driver.o)
                0x00000e18                PIT_DRV_ClearIntFlag
 .text.NVIC_EnableIRQ
                0x00000e60       0x30 C:/Users/yangs/OneDrive/文档/竞赛/飞思卡尔/2016年/开发环境/SDK_1.3_MK60DN512xxx10/lib/ksdk_platform_lib/kds/K60D10/debug/libksdk_platform.a(fsl_i2c_master_driver.o)
 .text.I2C_HAL_Enable
                0x00000e90       0x24 C:/Users/yangs/OneDrive/文档/竞赛/飞思卡尔/2016年/开发环境/SDK_1.3_MK60DN512xxx10/lib/ksdk_platform_lib/kds/K60D10/debug/libksdk_platform.a(fsl_i2c_master_driver.o)
 .text.I2C_HAL_SendAck
                0x00000eb4       0x24 C:/Users/yangs/OneDrive/文档/竞赛/飞思卡尔/2016年/开发环境/SDK_1.3_MK60DN512xxx10/lib/ksdk_platform_lib/kds/K60D10/debug/libksdk_platform.a(fsl_i2c_master_driver.o)
 .text.I2C_HAL_SendNak
                0x00000ed8       0x24 C:/Users/yangs/OneDrive/文档/竞赛/飞思卡尔/2016年/开发环境/SDK_1.3_MK60DN512xxx10/lib/ksdk_platform_lib/kds/K60D10/debug/libksdk_platform.a(fsl_i2c_master_driver.o)
 .text.I2C_HAL_SetDirMode
                0x00000efc       0x28 C:/Users/yangs/OneDrive/文档/竞赛/飞思卡尔/2016年/开发环境/SDK_1.3_MK60DN512xxx10/lib/ksdk_platform_lib/kds/K60D10/debug/libksdk_platform.a(fsl_i2c_master_driver.o)
 .text.I2C_HAL_GetDirMode
                0x00000f24       0x24 C:/Users/yangs/OneDrive/文档/竞赛/飞思卡尔/2016年/开发环境/SDK_1.3_MK60DN512xxx10/lib/ksdk_platform_lib/kds/K60D10/debug/libksdk_platform.a(fsl_i2c_master_driver.o)
 .text.I2C_HAL_ReadByte
                0x00000f48       0x1c C:/Users/yangs/OneDrive/文档/竞赛/飞思卡尔/2016年/开发环境/SDK_1.3_MK60DN512xxx10/lib/ksdk_platform_lib/kds/K60D10/debug/libksdk_platform.a(fsl_i2c_master_driver.o)
 .text.I2C_HAL_WriteByte
                0x00000f64       0x1c C:/Users/yangs/OneDrive/文档/竞赛/飞思卡尔/2016年/开发环境/SDK_1.3_MK60DN512xxx10/lib/ksdk_platform_lib/kds/K60D10/debug/libksdk_platform.a(fsl_i2c_master_driver.o)
 .text.I2C_HAL_GetStatusFlag
                0x00000f80       0x34 C:/Users/yangs/OneDrive/文档/竞赛/飞思卡尔/2016年/开发环境/SDK_1.3_MK60DN512xxx10/lib/ksdk_platform_lib/kds/K60D10/debug/libksdk_platform.a(fsl_i2c_master_driver.o)
 .text.I2C_HAL_IsMaster
                0x00000fb4       0x30 C:/Users/yangs/OneDrive/文档/竞赛/飞思卡尔/2016年/开发环境/SDK_1.3_MK60DN512xxx10/lib/ksdk_platform_lib/kds/K60D10/debug/libksdk_platform.a(fsl_i2c_master_driver.o)
 .text.I2C_HAL_ClearArbitrationLost
                0x00000fe4       0x18 C:/Users/yangs/OneDrive/文档/竞赛/飞思卡尔/2016年/开发环境/SDK_1.3_MK60DN512xxx10/lib/ksdk_platform_lib/kds/K60D10/debug/libksdk_platform.a(fsl_i2c_master_driver.o)
 .text.I2C_HAL_SetIntCmd
                0x00000ffc       0x28 C:/Users/yangs/OneDrive/文档/竞赛/飞思卡尔/2016年/开发环境/SDK_1.3_MK60DN512xxx10/lib/ksdk_platform_lib/kds/K60D10/debug/libksdk_platform.a(fsl_i2c_master_driver.o)
 .text.I2C_HAL_ClearInt
                0x00001024       0x18 C:/Users/yangs/OneDrive/文档/竞赛/飞思卡尔/2016年/开发环境/SDK_1.3_MK60DN512xxx10/lib/ksdk_platform_lib/kds/K60D10/debug/libksdk_platform.a(fsl_i2c_master_driver.o)
 .text.CLOCK_SYS_GetI2cFreq
                0x0000103c       0x18 C:/Users/yangs/OneDrive/文档/竞赛/飞思卡尔/2016年/开发环境/SDK_1.3_MK60DN512xxx10/lib/ksdk_platform_lib/kds/K60D10/debug/libksdk_platform.a(fsl_i2c_master_driver.o)
 .text.INT_SYS_EnableIRQ
                0x00001054       0x54 C:/Users/yangs/OneDrive/文档/竞赛/飞思卡尔/2016年/开发环境/SDK_1.3_MK60DN512xxx10/lib/ksdk_platform_lib/kds/K60D10/debug/libksdk_platform.a(fsl_i2c_master_driver.o)
 .text.I2C_DRV_MasterInit
                0x000010a8       0xb8 C:/Users/yangs/OneDrive/文档/竞赛/飞思卡尔/2016年/开发环境/SDK_1.3_MK60DN512xxx10/lib/ksdk_platform_lib/kds/K60D10/debug/libksdk_platform.a(fsl_i2c_master_driver.o)
                0x000010a8                I2C_DRV_MasterInit
 .text.I2C_DRV_MasterSetBaudRate
                0x00001160       0x8c C:/Users/yangs/OneDrive/文档/竞赛/飞思卡尔/2016年/开发环境/SDK_1.3_MK60DN512xxx10/lib/ksdk_platform_lib/kds/K60D10/debug/libksdk_platform.a(fsl_i2c_master_driver.o)
                0x00001160                I2C_DRV_MasterSetBaudRate
 .text.I2C_DRV_MasterSendData
                0x000011ec       0x34 C:/Users/yangs/OneDrive/文档/竞赛/飞思卡尔/2016年/开发环境/SDK_1.3_MK60DN512xxx10/lib/ksdk_platform_lib/kds/K60D10/debug/libksdk_platform.a(fsl_i2c_master_driver.o)
                0x000011ec                I2C_DRV_MasterSendData
 .text.I2C_DRV_MasterIRQHandler
                0x00001220      0x150 C:/Users/yangs/OneDrive/文档/竞赛/飞思卡尔/2016年/开发环境/SDK_1.3_MK60DN512xxx10/lib/ksdk_platform_lib/kds/K60D10/debug/libksdk_platform.a(fsl_i2c_master_driver.o)
                0x00001220                I2C_DRV_MasterIRQHandler
 .text.I2C_DRV_MasterWait
                0x00001370       0x68 C:/Users/yangs/OneDrive/文档/竞赛/飞思卡尔/2016年/开发环境/SDK_1.3_MK60DN512xxx10/lib/ksdk_platform_lib/kds/K60D10/debug/libksdk_platform.a(fsl_i2c_master_driver.o)
 .text.I2C_DRV_CompleteTransfer
                0x000013d8       0x94 C:/Users/yangs/OneDrive/文档/竞赛/飞思卡尔/2016年/开发环境/SDK_1.3_MK60DN512xxx10/lib/ksdk_platform_lib/kds/K60D10/debug/libksdk_platform.a(fsl_i2c_master_driver.o)
 .text.I2C_DRV_SendAddress
                0x0000146c      0x1cc C:/Users/yangs/OneDrive/文档/竞赛/飞思卡尔/2016年/开发环境/SDK_1.3_MK60DN512xxx10/lib/ksdk_platform_lib/kds/K60D10/debug/libksdk_platform.a(fsl_i2c_master_driver.o)
 .text.I2C_DRV_MasterSend
                0x00001638      0x184 C:/Users/yangs/OneDrive/文档/竞赛/飞思卡尔/2016年/开发环境/SDK_1.3_MK60DN512xxx10/lib/ksdk_platform_lib/kds/K60D10/debug/libksdk_platform.a(fsl_i2c_master_driver.o)
 .text.NVIC_EnableIRQ
                0x000017bc       0x30 C:/Users/yangs/OneDrive/文档/竞赛/飞思卡尔/2016年/开发环境/SDK_1.3_MK60DN512xxx10/lib/ksdk_platform_lib/kds/K60D10/debug/libksdk_platform.a(fsl_gpio_driver.o)
 .text.PORT_HAL_SetPullMode
                0x000017ec       0x44 C:/Users/yangs/OneDrive/文档/竞赛/飞思卡尔/2016年/开发环境/SDK_1.3_MK60DN512xxx10/lib/ksdk_platform_lib/kds/K60D10/debug/libksdk_platform.a(fsl_gpio_driver.o)
 .text.PORT_HAL_SetPullCmd
                0x00001830       0x48 C:/Users/yangs/OneDrive/文档/竞赛/飞思卡尔/2016年/开发环境/SDK_1.3_MK60DN512xxx10/lib/ksdk_platform_lib/kds/K60D10/debug/libksdk_platform.a(fsl_gpio_driver.o)
 .text.PORT_HAL_SetSlewRateMode
                0x00001878       0x48 C:/Users/yangs/OneDrive/文档/竞赛/飞思卡尔/2016年/开发环境/SDK_1.3_MK60DN512xxx10/lib/ksdk_platform_lib/kds/K60D10/debug/libksdk_platform.a(fsl_gpio_driver.o)
 .text.PORT_HAL_SetPassiveFilterCmd
                0x000018c0       0x48 C:/Users/yangs/OneDrive/文档/竞赛/飞思卡尔/2016年/开发环境/SDK_1.3_MK60DN512xxx10/lib/ksdk_platform_lib/kds/K60D10/debug/libksdk_platform.a(fsl_gpio_driver.o)
 .text.PORT_HAL_SetOpenDrainCmd
                0x00001908       0x48 C:/Users/yangs/OneDrive/文档/竞赛/飞思卡尔/2016年/开发环境/SDK_1.3_MK60DN512xxx10/lib/ksdk_platform_lib/kds/K60D10/debug/libksdk_platform.a(fsl_gpio_driver.o)
 .text.PORT_HAL_SetDriveStrengthMode
                0x00001950       0x48 C:/Users/yangs/OneDrive/文档/竞赛/飞思卡尔/2016年/开发环境/SDK_1.3_MK60DN512xxx10/lib/ksdk_platform_lib/kds/K60D10/debug/libksdk_platform.a(fsl_gpio_driver.o)
 .text.PORT_HAL_SetMuxMode
                0x00001998       0x58 C:/Users/yangs/OneDrive/文档/竞赛/飞思卡尔/2016年/开发环境/SDK_1.3_MK60DN512xxx10/lib/ksdk_platform_lib/kds/K60D10/debug/libksdk_platform.a(fsl_gpio_driver.o)
 .text.PORT_HAL_SetDigitalFilterCmd
                0x000019f0       0x4c C:/Users/yangs/OneDrive/文档/竞赛/飞思卡尔/2016年/开发环境/SDK_1.3_MK60DN512xxx10/lib/ksdk_platform_lib/kds/K60D10/debug/libksdk_platform.a(fsl_gpio_driver.o)
 .text.PORT_HAL_SetPinIntMode
                0x00001a3c       0x58 C:/Users/yangs/OneDrive/文档/竞赛/飞思卡尔/2016年/开发环境/SDK_1.3_MK60DN512xxx10/lib/ksdk_platform_lib/kds/K60D10/debug/libksdk_platform.a(fsl_gpio_driver.o)
 .text.INT_SYS_EnableIRQ
                0x00001a94       0x54 C:/Users/yangs/OneDrive/文档/竞赛/飞思卡尔/2016年/开发环境/SDK_1.3_MK60DN512xxx10/lib/ksdk_platform_lib/kds/K60D10/debug/libksdk_platform.a(fsl_gpio_driver.o)
 .text.GPIO_DRV_Init
                0x00001ae8       0x50 C:/Users/yangs/OneDrive/文档/竞赛/飞思卡尔/2016年/开发环境/SDK_1.3_MK60DN512xxx10/lib/ksdk_platform_lib/kds/K60D10/debug/libksdk_platform.a(fsl_gpio_driver.o)
                0x00001ae8                GPIO_DRV_Init
 .text.GPIO_DRV_InputPinInit
                0x00001b38       0xc4 C:/Users/yangs/OneDrive/文档/竞赛/飞思卡尔/2016年/开发环境/SDK_1.3_MK60DN512xxx10/lib/ksdk_platform_lib/kds/K60D10/debug/libksdk_platform.a(fsl_gpio_driver.o)
                0x00001b38                GPIO_DRV_InputPinInit
 .text.GPIO_DRV_OutputPinInit
                0x00001bfc       0x90 C:/Users/yangs/OneDrive/文档/竞赛/飞思卡尔/2016年/开发环境/SDK_1.3_MK60DN512xxx10/lib/ksdk_platform_lib/kds/K60D10/debug/libksdk_platform.a(fsl_gpio_driver.o)
                0x00001bfc                GPIO_DRV_OutputPinInit
 .text.GPIO_DRV_WritePinOutput
                0x00001c8c       0x34 C:/Users/yangs/OneDrive/文档/竞赛/飞思卡尔/2016年/开发环境/SDK_1.3_MK60DN512xxx10/lib/ksdk_platform_lib/kds/K60D10/debug/libksdk_platform.a(fsl_gpio_driver.o)
                0x00001c8c                GPIO_DRV_WritePinOutput
 .text.SIM_HAL_EnableClock
                0x00001cc0       0x3c C:/Users/yangs/OneDrive/文档/竞赛/飞思卡尔/2016年/开发环境/SDK_1.3_MK60DN512xxx10/lib/ksdk_platform_lib/kds/K60D10/debug/libksdk_platform.a(fsl_clock_MK60D10.o)
 .text.CLOCK_HAL_SetExternalRefClock32kSrc
                0x00001cfc       0x2c C:/Users/yangs/OneDrive/文档/竞赛/飞思卡尔/2016年/开发环境/SDK_1.3_MK60DN512xxx10/lib/ksdk_platform_lib/kds/K60D10/debug/libksdk_platform.a(fsl_clock_MK60D10.o)
 .text.CLOCK_HAL_SetPllfllSel
                0x00001d28       0x2c C:/Users/yangs/OneDrive/文档/竞赛/飞思卡尔/2016年/开发环境/SDK_1.3_MK60DN512xxx10/lib/ksdk_platform_lib/kds/K60D10/debug/libksdk_platform.a(fsl_clock_MK60D10.o)
 .text.CLOCK_HAL_GetOutDiv1
                0x00001d54       0x24 C:/Users/yangs/OneDrive/文档/竞赛/飞思卡尔/2016年/开发环境/SDK_1.3_MK60DN512xxx10/lib/ksdk_platform_lib/kds/K60D10/debug/libksdk_platform.a(fsl_clock_MK60D10.o)
 .text.CLOCK_HAL_GetOutDiv2
                0x00001d78       0x28 C:/Users/yangs/OneDrive/文档/竞赛/飞思卡尔/2016年/开发环境/SDK_1.3_MK60DN512xxx10/lib/ksdk_platform_lib/kds/K60D10/debug/libksdk_platform.a(fsl_clock_MK60D10.o)
 .text.CLOCK_SYS_SetSimConfigration
                0x00001da0       0x44 C:/Users/yangs/OneDrive/文档/竞赛/飞思卡尔/2016年/开发环境/SDK_1.3_MK60DN512xxx10/lib/ksdk_platform_lib/kds/K60D10/debug/libksdk_platform.a(fsl_clock_MK60D10.o)
                0x00001da0                CLOCK_SYS_SetSimConfigration
 .text.CLOCK_SYS_GetSystemClockFreq
                0x00001de4       0x28 C:/Users/yangs/OneDrive/文档/竞赛/飞思卡尔/2016年/开发环境/SDK_1.3_MK60DN512xxx10/lib/ksdk_platform_lib/kds/K60D10/debug/libksdk_platform.a(fsl_clock_MK60D10.o)
                0x00001de4                CLOCK_SYS_GetSystemClockFreq
 .text.CLOCK_SYS_GetBusClockFreq
                0x00001e0c       0x28 C:/Users/yangs/OneDrive/文档/竞赛/飞思卡尔/2016年/开发环境/SDK_1.3_MK60DN512xxx10/lib/ksdk_platform_lib/kds/K60D10/debug/libksdk_platform.a(fsl_clock_MK60D10.o)
                0x00001e0c                CLOCK_SYS_GetBusClockFreq
 .text.CLOCK_SYS_GetUartFreq
                0x00001e34       0x4c C:/Users/yangs/OneDrive/文档/竞赛/飞思卡尔/2016年/开发环境/SDK_1.3_MK60DN512xxx10/lib/ksdk_platform_lib/kds/K60D10/debug/libksdk_platform.a(fsl_clock_MK60D10.o)
                0x00001e34                CLOCK_SYS_GetUartFreq
 .text.CLOCK_SYS_EnablePortClock
                0x00001e80       0x48 C:/Users/yangs/OneDrive/文档/竞赛/飞思卡尔/2016年/开发环境/SDK_1.3_MK60DN512xxx10/lib/ksdk_platform_lib/kds/K60D10/debug/libksdk_platform.a(fsl_clock_MK60D10.o)
                0x00001e80                CLOCK_SYS_EnablePortClock
 .text.CLOCK_SYS_EnableI2cClock
                0x00001ec8       0x48 C:/Users/yangs/OneDrive/文档/竞赛/飞思卡尔/2016年/开发环境/SDK_1.3_MK60DN512xxx10/lib/ksdk_platform_lib/kds/K60D10/debug/libksdk_platform.a(fsl_clock_MK60D10.o)
                0x00001ec8                CLOCK_SYS_EnableI2cClock
 .text.CLOCK_SYS_EnableUartClock
                0x00001f10       0x48 C:/Users/yangs/OneDrive/文档/竞赛/飞思卡尔/2016年/开发环境/SDK_1.3_MK60DN512xxx10/lib/ksdk_platform_lib/kds/K60D10/debug/libksdk_platform.a(fsl_clock_MK60D10.o)
                0x00001f10                CLOCK_SYS_EnableUartClock
 .text.SIM_HAL_EnableClock
                0x00001f58       0x3c C:/Users/yangs/OneDrive/文档/竞赛/飞思卡尔/2016年/开发环境/SDK_1.3_MK60DN512xxx10/lib/ksdk_platform_lib/kds/K60D10/debug/libksdk_platform.a(fsl_clock_manager.o)
 .text.CLOCK_HAL_SetClkOutSrc
                0x00001f94       0x30 C:/Users/yangs/OneDrive/文档/竞赛/飞思卡尔/2016年/开发环境/SDK_1.3_MK60DN512xxx10/lib/ksdk_platform_lib/kds/K60D10/debug/libksdk_platform.a(fsl_clock_manager.o)
 .text.CLOCK_HAL_SetClksFrdivIrefs
                0x00001fc4       0x54 C:/Users/yangs/OneDrive/文档/竞赛/飞思卡尔/2016年/开发环境/SDK_1.3_MK60DN512xxx10/lib/ksdk_platform_lib/kds/K60D10/debug/libksdk_platform.a(fsl_clock_manager.o)
 .text.CLOCK_HAL_GetClkOutStat
                0x00002018       0x24 C:/Users/yangs/OneDrive/文档/竞赛/飞思卡尔/2016年/开发环境/SDK_1.3_MK60DN512xxx10/lib/ksdk_platform_lib/kds/K60D10/debug/libksdk_platform.a(fsl_clock_manager.o)
 .text.CLOCK_HAL_GetFllSrc
                0x0000203c       0x24 C:/Users/yangs/OneDrive/文档/竞赛/飞思卡尔/2016年/开发环境/SDK_1.3_MK60DN512xxx10/lib/ksdk_platform_lib/kds/K60D10/debug/libksdk_platform.a(fsl_clock_manager.o)
 .text.CLOCK_HAL_IsOsc0Stable
                0x00002060       0x30 C:/Users/yangs/OneDrive/文档/竞赛/飞思卡尔/2016年/开发环境/SDK_1.3_MK60DN512xxx10/lib/ksdk_platform_lib/kds/K60D10/debug/libksdk_platform.a(fsl_clock_manager.o)
 .text.OSC_HAL_SetExternalRefClkCmd
                0x00002090       0x24 C:/Users/yangs/OneDrive/文档/竞赛/飞思卡尔/2016年/开发环境/SDK_1.3_MK60DN512xxx10/lib/ksdk_platform_lib/kds/K60D10/debug/libksdk_platform.a(fsl_clock_manager.o)
 .text.OSC_HAL_SetExternalRefClkInStopModeCmd
                0x000020b4       0x24 C:/Users/yangs/OneDrive/文档/竞赛/飞思卡尔/2016年/开发环境/SDK_1.3_MK60DN512xxx10/lib/ksdk_platform_lib/kds/K60D10/debug/libksdk_platform.a(fsl_clock_manager.o)
 .text.CLOCK_SYS_EnableRtcClock
                0x000020d8       0x1c C:/Users/yangs/OneDrive/文档/竞赛/飞思卡尔/2016年/开发环境/SDK_1.3_MK60DN512xxx10/lib/ksdk_platform_lib/kds/K60D10/debug/libksdk_platform.a(fsl_clock_manager.o)
 .text.RTC_HAL_SetOsc2pfLoadCmd
                0x000020f4       0x28 C:/Users/yangs/OneDrive/文档/竞赛/飞思卡尔/2016年/开发环境/SDK_1.3_MK60DN512xxx10/lib/ksdk_platform_lib/kds/K60D10/debug/libksdk_platform.a(fsl_clock_manager.o)
 .text.RTC_HAL_SetOsc4pfLoadCmd
                0x0000211c       0x28 C:/Users/yangs/OneDrive/文档/竞赛/飞思卡尔/2016年/开发环境/SDK_1.3_MK60DN512xxx10/lib/ksdk_platform_lib/kds/K60D10/debug/libksdk_platform.a(fsl_clock_manager.o)
 .text.RTC_HAL_SetOsc8pfLoadCmd
                0x00002144       0x28 C:/Users/yangs/OneDrive/文档/竞赛/飞思卡尔/2016年/开发环境/SDK_1.3_MK60DN512xxx10/lib/ksdk_platform_lib/kds/K60D10/debug/libksdk_platform.a(fsl_clock_manager.o)
 .text.RTC_HAL_SetOsc16pfLoadCmd
                0x0000216c       0x28 C:/Users/yangs/OneDrive/文档/竞赛/飞思卡尔/2016年/开发环境/SDK_1.3_MK60DN512xxx10/lib/ksdk_platform_lib/kds/K60D10/debug/libksdk_platform.a(fsl_clock_manager.o)
 .text.RTC_HAL_SetOscillatorCmd
                0x00002194       0x28 C:/Users/yangs/OneDrive/文档/竞赛/飞思卡尔/2016年/开发环境/SDK_1.3_MK60DN512xxx10/lib/ksdk_platform_lib/kds/K60D10/debug/libksdk_platform.a(fsl_clock_manager.o)
 .text.RTC_HAL_IsOscillatorEnabled
                0x000021bc       0x2c C:/Users/yangs/OneDrive/文档/竞赛/飞思卡尔/2016年/开发环境/SDK_1.3_MK60DN512xxx10/lib/ksdk_platform_lib/kds/K60D10/debug/libksdk_platform.a(fsl_clock_manager.o)
 .text.CLOCK_SYS_BootToPee
                0x000021e8       0xa4 C:/Users/yangs/OneDrive/文档/竞赛/飞思卡尔/2016年/开发环境/SDK_1.3_MK60DN512xxx10/lib/ksdk_platform_lib/kds/K60D10/debug/libksdk_platform.a(fsl_clock_manager.o)
                0x000021e8                CLOCK_SYS_BootToPee
 .text.CLOCK_SYS_OscInit
                0x0000228c       0xe8 C:/Users/yangs/OneDrive/文档/竞赛/飞思卡尔/2016年/开发环境/SDK_1.3_MK60DN512xxx10/lib/ksdk_platform_lib/kds/K60D10/debug/libksdk_platform.a(fsl_clock_manager.o)
                0x0000228c                CLOCK_SYS_OscInit
 .text.CLOCK_SYS_SetOscerConfigration
                0x00002374       0x3c C:/Users/yangs/OneDrive/文档/竞赛/飞思卡尔/2016年/开发环境/SDK_1.3_MK60DN512xxx10/lib/ksdk_platform_lib/kds/K60D10/debug/libksdk_platform.a(fsl_clock_manager.o)
                0x00002374                CLOCK_SYS_SetOscerConfigration
 .text.CLOCK_SYS_RtcOscInit
                0x000023b0       0xa0 C:/Users/yangs/OneDrive/文档/竞赛/飞思卡尔/2016年/开发环境/SDK_1.3_MK60DN512xxx10/lib/ksdk_platform_lib/kds/K60D10/debug/libksdk_platform.a(fsl_clock_manager.o)
                0x000023b0                CLOCK_SYS_RtcOscInit
 .text.SIM_HAL_EnableClock
                0x00002450       0x3c C:/Users/yangs/OneDrive/文档/竞赛/飞思卡尔/2016年/开发环境/SDK_1.3_MK60DN512xxx10/lib/ksdk_platform_lib/kds/K60D10/debug/libksdk_platform.a(fsl_os_abstraction_bm.o)
 .text.CLOCK_SYS_EnableLptmrClock
                0x0000248c       0x1c C:/Users/yangs/OneDrive/文档/竞赛/飞思卡尔/2016年/开发环境/SDK_1.3_MK60DN512xxx10/lib/ksdk_platform_lib/kds/K60D10/debug/libksdk_platform.a(fsl_os_abstraction_bm.o)
 .text.LPTMR_HAL_Enable
                0x000024a8       0x20 C:/Users/yangs/OneDrive/文档/竞赛/飞思卡尔/2016年/开发环境/SDK_1.3_MK60DN512xxx10/lib/ksdk_platform_lib/kds/K60D10/debug/libksdk_platform.a(fsl_os_abstraction_bm.o)
 .text.LPTMR_HAL_Disable
                0x000024c8       0x20 C:/Users/yangs/OneDrive/文档/竞赛/飞思卡尔/2016年/开发环境/SDK_1.3_MK60DN512xxx10/lib/ksdk_platform_lib/kds/K60D10/debug/libksdk_platform.a(fsl_os_abstraction_bm.o)
 .text.LPTMR_HAL_SetIntCmd
                0x000024e8       0x24 C:/Users/yangs/OneDrive/文档/竞赛/飞思卡尔/2016年/开发环境/SDK_1.3_MK60DN512xxx10/lib/ksdk_platform_lib/kds/K60D10/debug/libksdk_platform.a(fsl_os_abstraction_bm.o)
 .text.OSA_TimeInit
                0x0000250c       0x4c C:/Users/yangs/OneDrive/文档/竞赛/飞思卡尔/2016年/开发环境/SDK_1.3_MK60DN512xxx10/lib/ksdk_platform_lib/kds/K60D10/debug/libksdk_platform.a(fsl_os_abstraction_bm.o)
                0x0000250c                OSA_TimeInit
 .text.OSA_TimeDiff
                0x00002558       0x30 C:/Users/yangs/OneDrive/文档/竞赛/飞思卡尔/2016年/开发环境/SDK_1.3_MK60DN512xxx10/lib/ksdk_platform_lib/kds/K60D10/debug/libksdk_platform.a(fsl_os_abstraction_bm.o)
                0x00002558                OSA_TimeDiff
 .text.OSA_SemaCreate
                0x00002588       0x4c C:/Users/yangs/OneDrive/文档/竞赛/飞思卡尔/2016年/开发环境/SDK_1.3_MK60DN512xxx10/lib/ksdk_platform_lib/kds/K60D10/debug/libksdk_platform.a(fsl_os_abstraction_bm.o)
                0x00002588                OSA_SemaCreate
 .text.OSA_SemaWait
                0x000025d4       0xc4 C:/Users/yangs/OneDrive/文档/竞赛/飞思卡尔/2016年/开发环境/SDK_1.3_MK60DN512xxx10/lib/ksdk_platform_lib/kds/K60D10/debug/libksdk_platform.a(fsl_os_abstraction_bm.o)
                0x000025d4                OSA_SemaWait
 .text.OSA_SemaPost
                0x00002698       0x54 C:/Users/yangs/OneDrive/文档/竞赛/飞思卡尔/2016年/开发环境/SDK_1.3_MK60DN512xxx10/lib/ksdk_platform_lib/kds/K60D10/debug/libksdk_platform.a(fsl_os_abstraction_bm.o)
                0x00002698                OSA_SemaPost
 .text.task_init
                0x000026ec       0x64 C:/Users/yangs/OneDrive/文档/竞赛/飞思卡尔/2016年/开发环境/SDK_1.3_MK60DN512xxx10/lib/ksdk_platform_lib/kds/K60D10/debug/libksdk_platform.a(fsl_os_abstraction_bm.o)
                0x000026ec                task_init
 .text.OSA_TimeGetMsec
                0x00002750       0x14 C:/Users/yangs/OneDrive/文档/竞赛/飞思卡尔/2016年/开发环境/SDK_1.3_MK60DN512xxx10/lib/ksdk_platform_lib/kds/K60D10/debug/libksdk_platform.a(fsl_os_abstraction_bm.o)
                0x00002750                OSA_TimeGetMsec
 .text.OSA_Init
                0x00002764       0x14 C:/Users/yangs/OneDrive/文档/竞赛/飞思卡尔/2016年/开发环境/SDK_1.3_MK60DN512xxx10/lib/ksdk_platform_lib/kds/K60D10/debug/libksdk_platform.a(fsl_os_abstraction_bm.o)
                0x00002764                OSA_Init
 .text.CLOCK_HAL_SetOutDiv
                0x00002778       0x5c C:/Users/yangs/OneDrive/文档/竞赛/飞思卡尔/2016年/开发环境/SDK_1.3_MK60DN512xxx10/lib/ksdk_platform_lib/kds/K60D10/debug/libksdk_platform.a(fsl_sim_hal_MK60D10.o)
                0x00002778                CLOCK_HAL_SetOutDiv
 .text.OSC_HAL_SetCapacitor
                0x000027d4       0x2c C:/Users/yangs/OneDrive/文档/竞赛/飞思卡尔/2016年/开发环境/SDK_1.3_MK60DN512xxx10/lib/ksdk_platform_lib/kds/K60D10/debug/libksdk_platform.a(fsl_osc_hal.o)
                0x000027d4                OSC_HAL_SetCapacitor
 .text.CLOCK_HAL_GetClkOutStat
                0x00002800       0x24 C:/Users/yangs/OneDrive/文档/竞赛/飞思卡尔/2016年/开发环境/SDK_1.3_MK60DN512xxx10/lib/ksdk_platform_lib/kds/K60D10/debug/libksdk_platform.a(fsl_mcg_hal.o)
 .text.CLOCK_HAL_SetInternalRefClkMode
                0x00002824       0x24 C:/Users/yangs/OneDrive/文档/竞赛/飞思卡尔/2016年/开发环境/SDK_1.3_MK60DN512xxx10/lib/ksdk_platform_lib/kds/K60D10/debug/libksdk_platform.a(fsl_mcg_hal.o)
 .text.CLOCK_HAL_GetInternalRefClkMode
                0x00002848       0x24 C:/Users/yangs/OneDrive/文档/竞赛/飞思卡尔/2016年/开发环境/SDK_1.3_MK60DN512xxx10/lib/ksdk_platform_lib/kds/K60D10/debug/libksdk_platform.a(fsl_mcg_hal.o)
 .text.CLOCK_HAL_IsPllSelected
                0x0000286c       0x30 C:/Users/yangs/OneDrive/文档/竞赛/飞思卡尔/2016年/开发环境/SDK_1.3_MK60DN512xxx10/lib/ksdk_platform_lib/kds/K60D10/debug/libksdk_platform.a(fsl_mcg_hal.o)
 .text.CLOCK_HAL_IsOsc0Stable
                0x0000289c       0x30 C:/Users/yangs/OneDrive/文档/竞赛/飞思卡尔/2016年/开发环境/SDK_1.3_MK60DN512xxx10/lib/ksdk_platform_lib/kds/K60D10/debug/libksdk_platform.a(fsl_mcg_hal.o)
 .text.CLOCK_HAL_TestOscFreq
                0x000028cc       0x44 C:/Users/yangs/OneDrive/文档/竞赛/飞思卡尔/2016年/开发环境/SDK_1.3_MK60DN512xxx10/lib/ksdk_platform_lib/kds/K60D10/debug/libksdk_platform.a(fsl_mcg_hal.o)
                0x000028cc                CLOCK_HAL_TestOscFreq
 .text.CLOCK_HAL_PrepareOsc
                0x00002910       0x50 C:/Users/yangs/OneDrive/文档/竞赛/飞思卡尔/2016年/开发环境/SDK_1.3_MK60DN512xxx10/lib/ksdk_platform_lib/kds/K60D10/debug/libksdk_platform.a(fsl_mcg_hal.o)
                0x00002910                CLOCK_HAL_PrepareOsc
 .text.CLOCK_HAL_GetMcgExternalClkFreq
                0x00002960       0x28 C:/Users/yangs/OneDrive/文档/竞赛/飞思卡尔/2016年/开发环境/SDK_1.3_MK60DN512xxx10/lib/ksdk_platform_lib/kds/K60D10/debug/libksdk_platform.a(fsl_mcg_hal.o)
 .text.CLOCK_HAL_TestFllExternalRefFreq
                0x00002988       0x90 C:/Users/yangs/OneDrive/文档/竞赛/飞思卡尔/2016年/开发环境/SDK_1.3_MK60DN512xxx10/lib/ksdk_platform_lib/kds/K60D10/debug/libksdk_platform.a(fsl_mcg_hal.o)
                0x00002988                CLOCK_HAL_TestFllExternalRefFreq
 .text.CLOCK_HAL_GetFllRefClk
                0x00002a18       0x74 C:/Users/yangs/OneDrive/文档/竞赛/飞思卡尔/2016年/开发环境/SDK_1.3_MK60DN512xxx10/lib/ksdk_platform_lib/kds/K60D10/debug/libksdk_platform.a(fsl_mcg_hal.o)
                0x00002a18                CLOCK_HAL_GetFllRefClk
 .text.CLOCK_HAL_TestFllFreq
                0x00002a8c       0x5c C:/Users/yangs/OneDrive/文档/竞赛/飞思卡尔/2016年/开发环境/SDK_1.3_MK60DN512xxx10/lib/ksdk_platform_lib/kds/K60D10/debug/libksdk_platform.a(fsl_mcg_hal.o)
                0x00002a8c                CLOCK_HAL_TestFllFreq
 .text.CLOCK_HAL_GetFllClk
                0x00002ae8       0x60 C:/Users/yangs/OneDrive/文档/竞赛/飞思卡尔/2016年/开发环境/SDK_1.3_MK60DN512xxx10/lib/ksdk_platform_lib/kds/K60D10/debug/libksdk_platform.a(fsl_mcg_hal.o)
                0x00002ae8                CLOCK_HAL_GetFllClk
 .text.CLOCK_HAL_UpdateFastClkInternalRefDiv
                0x00002b48       0xa4 C:/Users/yangs/OneDrive/文档/竞赛/飞思卡尔/2016年/开发环境/SDK_1.3_MK60DN512xxx10/lib/ksdk_platform_lib/kds/K60D10/debug/libksdk_platform.a(fsl_mcg_hal.o)
                0x00002b48                CLOCK_HAL_UpdateFastClkInternalRefDiv
 .text.CLOCK_HAL_UpdateInternalRefClk
                0x00002bec       0x70 C:/Users/yangs/OneDrive/文档/竞赛/飞思卡尔/2016年/开发环境/SDK_1.3_MK60DN512xxx10/lib/ksdk_platform_lib/kds/K60D10/debug/libksdk_platform.a(fsl_mcg_hal.o)
                0x00002bec                CLOCK_HAL_UpdateInternalRefClk
 .text.CLOCK_HAL_GetPll0RefFreq
                0x00002c5c       0x18 C:/Users/yangs/OneDrive/文档/竞赛/飞思卡尔/2016年/开发环境/SDK_1.3_MK60DN512xxx10/lib/ksdk_platform_lib/kds/K60D10/debug/libksdk_platform.a(fsl_mcg_hal.o)
                0x00002c5c                CLOCK_HAL_GetPll0RefFreq
 .text.CLOCK_HAL_GetPll0Clk
                0x00002c74       0x7c C:/Users/yangs/OneDrive/文档/竞赛/飞思卡尔/2016年/开发环境/SDK_1.3_MK60DN512xxx10/lib/ksdk_platform_lib/kds/K60D10/debug/libksdk_platform.a(fsl_mcg_hal.o)
                0x00002c74                CLOCK_HAL_GetPll0Clk
 .text.CLOCK_HAL_GetInternalRefClk
                0x00002cf0       0x64 C:/Users/yangs/OneDrive/文档/竞赛/飞思卡尔/2016年/开发环境/SDK_1.3_MK60DN512xxx10/lib/ksdk_platform_lib/kds/K60D10/debug/libksdk_platform.a(fsl_mcg_hal.o)
                0x00002cf0                CLOCK_HAL_GetInternalRefClk
 .text.CLOCK_HAL_GetOutClk
                0x00002d54       0x68 C:/Users/yangs/OneDrive/文档/竞赛/飞思卡尔/2016年/开发环境/SDK_1.3_MK60DN512xxx10/lib/ksdk_platform_lib/kds/K60D10/debug/libksdk_platform.a(fsl_mcg_hal.o)
                0x00002d54                CLOCK_HAL_GetOutClk
 .text.CLOCK_HAL_SetOsc0Mode
                0x00002dbc       0x58 C:/Users/yangs/OneDrive/文档/竞赛/飞思卡尔/2016年/开发环境/SDK_1.3_MK60DN512xxx10/lib/ksdk_platform_lib/kds/K60D10/debug/libksdk_platform.a(fsl_mcg_hal.o)
                0x00002dbc                CLOCK_HAL_SetOsc0Mode
 .text.CLOCK_HAL_GetClkOutStat
                0x00002e14       0x24 C:/Users/yangs/OneDrive/文档/竞赛/飞思卡尔/2016年/开发环境/SDK_1.3_MK60DN512xxx10/lib/ksdk_platform_lib/kds/K60D10/debug/libksdk_platform.a(fsl_mcg_hal_modes.o)
 .text.CLOCK_HAL_SetPll0EnableCmd
                0x00002e38       0x28 C:/Users/yangs/OneDrive/文档/竞赛/飞思卡尔/2016年/开发环境/SDK_1.3_MK60DN512xxx10/lib/ksdk_platform_lib/kds/K60D10/debug/libksdk_platform.a(fsl_mcg_hal_modes.o)
 .text.CLOCK_HAL_IsPll0Locked
                0x00002e60       0x30 C:/Users/yangs/OneDrive/文档/竞赛/飞思卡尔/2016年/开发环境/SDK_1.3_MK60DN512xxx10/lib/ksdk_platform_lib/kds/K60D10/debug/libksdk_platform.a(fsl_mcg_hal_modes.o)
 .text.CLOCK_HAL_IsPllSelected
                0x00002e90       0x30 C:/Users/yangs/OneDrive/文档/竞赛/飞思卡尔/2016年/开发环境/SDK_1.3_MK60DN512xxx10/lib/ksdk_platform_lib/kds/K60D10/debug/libksdk_platform.a(fsl_mcg_hal_modes.o)
 .text.CLOCK_HAL_SetPbeMode
                0x00002ec0       0xec C:/Users/yangs/OneDrive/文档/竞赛/飞思卡尔/2016年/开发环境/SDK_1.3_MK60DN512xxx10/lib/ksdk_platform_lib/kds/K60D10/debug/libksdk_platform.a(fsl_mcg_hal_modes.o)
                0x00002ec0                CLOCK_HAL_SetPbeMode
 .text.LPTMR_HAL_SetTimerWorkingMode
                0x00002fac       0x54 C:/Users/yangs/OneDrive/文档/竞赛/飞思卡尔/2016年/开发环境/SDK_1.3_MK60DN512xxx10/lib/ksdk_platform_lib/kds/K60D10/debug/libksdk_platform.a(fsl_lptmr_hal.o)
                0x00002fac                LPTMR_HAL_SetTimerWorkingMode
 .text.LPTMR_HAL_SetPrescalerMode
                0x00003000       0x38 C:/Users/yangs/OneDrive/文档/竞赛/飞思卡尔/2016年/开发环境/SDK_1.3_MK60DN512xxx10/lib/ksdk_platform_lib/kds/K60D10/debug/libksdk_platform.a(fsl_lptmr_hal.o)
                0x00003000                LPTMR_HAL_SetPrescalerMode
 .text.LPTMR_HAL_GetCounterValue
                0x00003038       0x28 C:/Users/yangs/OneDrive/文档/竞赛/飞思卡尔/2016年/开发环境/SDK_1.3_MK60DN512xxx10/lib/ksdk_platform_lib/kds/K60D10/debug/libksdk_platform.a(fsl_lptmr_hal.o)
                0x00003038                LPTMR_HAL_GetCounterValue
 .text.INT_SYS_EnableIRQGlobal
                0x00003060       0x30 C:/Users/yangs/OneDrive/文档/竞赛/飞思卡尔/2016年/开发环境/SDK_1.3_MK60DN512xxx10/lib/ksdk_platform_lib/kds/K60D10/debug/libksdk_platform.a(fsl_interrupt_manager.o)
                0x00003060                INT_SYS_EnableIRQGlobal
 .text.INT_SYS_DisableIRQGlobal
                0x00003090       0x1c C:/Users/yangs/OneDrive/文档/竞赛/飞思卡尔/2016年/开发环境/SDK_1.3_MK60DN512xxx10/lib/ksdk_platform_lib/kds/K60D10/debug/libksdk_platform.a(fsl_interrupt_manager.o)
                0x00003090                INT_SYS_DisableIRQGlobal
 .text.I2C_HAL_GetStatusFlag
                0x000030ac       0x34 C:/Users/yangs/OneDrive/文档/竞赛/飞思卡尔/2016年/开发环境/SDK_1.3_MK60DN512xxx10/lib/ksdk_platform_lib/kds/K60D10/debug/libksdk_platform.a(fsl_i2c_hal.o)
 .text.I2C_HAL_Init
                0x000030e0       0x54 C:/Users/yangs/OneDrive/文档/竞赛/飞思卡尔/2016年/开发环境/SDK_1.3_MK60DN512xxx10/lib/ksdk_platform_lib/kds/K60D10/debug/libksdk_platform.a(fsl_i2c_hal.o)
                0x000030e0                I2C_HAL_Init
 .text.I2C_HAL_SetBaudRate
                0x00003134       0xe4 C:/Users/yangs/OneDrive/文档/竞赛/飞思卡尔/2016年/开发环境/SDK_1.3_MK60DN512xxx10/lib/ksdk_platform_lib/kds/K60D10/debug/libksdk_platform.a(fsl_i2c_hal.o)
                0x00003134                I2C_HAL_SetBaudRate
 .text.I2C_HAL_SendStart
                0x00003218       0x48 C:/Users/yangs/OneDrive/文档/竞赛/飞思卡尔/2016年/开发环境/SDK_1.3_MK60DN512xxx10/lib/ksdk_platform_lib/kds/K60D10/debug/libksdk_platform.a(fsl_i2c_hal.o)
                0x00003218                I2C_HAL_SendStart
 .text.I2C_HAL_SendStop
                0x00003260       0x78 C:/Users/yangs/OneDrive/文档/竞赛/飞思卡尔/2016年/开发环境/SDK_1.3_MK60DN512xxx10/lib/ksdk_platform_lib/kds/K60D10/debug/libksdk_platform.a(fsl_i2c_hal.o)
                0x00003260                I2C_HAL_SendStop
 .text.GPIO_HAL_SetPinDir
                0x000032d8       0x60 C:/Users/yangs/OneDrive/文档/竞赛/飞思卡尔/2016年/开发环境/SDK_1.3_MK60DN512xxx10/lib/ksdk_platform_lib/kds/K60D10/debug/libksdk_platform.a(fsl_gpio_hal.o)
                0x000032d8                GPIO_HAL_SetPinDir
 .text.GPIO_HAL_WritePinOutput
                0x00003338       0x4c C:/Users/yangs/OneDrive/文档/竞赛/飞思卡尔/2016年/开发环境/SDK_1.3_MK60DN512xxx10/lib/ksdk_platform_lib/kds/K60D10/debug/libksdk_platform.a(fsl_gpio_hal.o)
                0x00003338                GPIO_HAL_WritePinOutput
 .text.__assert_func
                0x00003384       0x38 d:/freescale/kds_v3/toolchain/bin/../lib/gcc/arm-none-eabi/4.8.4/../../../../arm-none-eabi/lib/armv7e-m\libg_s.a(lib_a-assert.o)
                0x00003384                __assert_func
 .text.__errno  0x000033bc        0xc d:/freescale/kds_v3/toolchain/bin/../lib/gcc/arm-none-eabi/4.8.4/../../../../arm-none-eabi/lib/armv7e-m\libg_s.a(lib_a-errno.o)
                0x000033bc                __errno
 .text.exit     0x000033c8       0x28 d:/freescale/kds_v3/toolchain/bin/../lib/gcc/arm-none-eabi/4.8.4/../../../../arm-none-eabi/lib/armv7e-m\libg_s.a(lib_a-exit.o)
                0x000033c8                exit
 .text.fprintf  0x000033f0       0x24 d:/freescale/kds_v3/toolchain/bin/../lib/gcc/arm-none-eabi/4.8.4/../../../../arm-none-eabi/lib/armv7e-m\libg_s.a(lib_a-fprintf.o)
                0x000033f0                fiprintf
                0x000033f0                fprintf
 .text.__libc_init_array
                0x00003414       0x4c d:/freescale/kds_v3/toolchain/bin/../lib/gcc/arm-none-eabi/4.8.4/../../../../arm-none-eabi/lib/armv7e-m\libg_s.a(lib_a-init.o)
                0x00003414                __libc_init_array
 .text.memset   0x00003460       0x10 d:/freescale/kds_v3/toolchain/bin/../lib/gcc/arm-none-eabi/4.8.4/../../../../arm-none-eabi/lib/armv7e-m\libg_s.a(lib_a-memset.o)
                0x00003460                memset
 .text._free_r  0x00003470       0x88 d:/freescale/kds_v3/toolchain/bin/../lib/gcc/arm-none-eabi/4.8.4/../../../../arm-none-eabi/lib/armv7e-m\libg_s.a(lib_a-nano-freer.o)
                0x00003470                _free_r
 .text._malloc_r
                0x000034f8       0xa8 d:/freescale/kds_v3/toolchain/bin/../lib/gcc/arm-none-eabi/4.8.4/../../../../arm-none-eabi/lib/armv7e-m\libg_s.a(lib_a-nano-mallocr.o)
                0x000034f8                _malloc_r
 .text._sbrk_r  0x000035a0       0x20 d:/freescale/kds_v3/toolchain/bin/../lib/gcc/arm-none-eabi/4.8.4/../../../../arm-none-eabi/lib/armv7e-m\libg_s.a(lib_a-sbrkr.o)
                0x000035a0                _sbrk_r
 .text.strlen   0x000035c0       0x10 d:/freescale/kds_v3/toolchain/bin/../lib/gcc/arm-none-eabi/4.8.4/../../../../arm-none-eabi/lib/armv7e-m\libg_s.a(lib_a-strlen.o)
                0x000035c0                strlen
 .text.__sfputc_r
                0x000035d0       0x2c d:/freescale/kds_v3/toolchain/bin/../lib/gcc/arm-none-eabi/4.8.4/../../../../arm-none-eabi/lib/armv7e-m\libg_s.a(lib_a-vfprintf.o)
 .text.__sfputs_r
                0x000035fc       0x24 d:/freescale/kds_v3/toolchain/bin/../lib/gcc/arm-none-eabi/4.8.4/../../../../arm-none-eabi/lib/armv7e-m\libg_s.a(lib_a-vfprintf.o)
                0x000035fc                __sfputs_r
 .text._vfprintf_r
                0x00003620      0x208 d:/freescale/kds_v3/toolchain/bin/../lib/gcc/arm-none-eabi/4.8.4/../../../../arm-none-eabi/lib/armv7e-m\libg_s.a(lib_a-vfprintf.o)
                0x00003620                _vfprintf_r
                0x00003620                _vfiprintf_r
 .text._printf_common
                0x00003828       0xe4 d:/freescale/kds_v3/toolchain/bin/../lib/gcc/arm-none-eabi/4.8.4/../../../../arm-none-eabi/lib/armv7e-m\libg_s.a(lib_a-vfprintf_i.o)
                0x00003828                _printf_common
 .text._printf_i
                0x0000390c      0x228 d:/freescale/kds_v3/toolchain/bin/../lib/gcc/arm-none-eabi/4.8.4/../../../../arm-none-eabi/lib/armv7e-m\libg_s.a(lib_a-vfprintf_i.o)
                0x0000390c                _printf_i
 .text.__swbuf_r
                0x00003b34       0xa8 d:/freescale/kds_v3/toolchain/bin/../lib/gcc/arm-none-eabi/4.8.4/../../../../arm-none-eabi/lib/armv7e-m\libg_s.a(lib_a-wbuf.o)
                0x00003b34                __swbuf_r
 .text.__swsetup_r
                0x00003bdc       0xdc d:/freescale/kds_v3/toolchain/bin/../lib/gcc/arm-none-eabi/4.8.4/../../../../arm-none-eabi/lib/armv7e-m\libg_s.a(lib_a-wsetup.o)
                0x00003bdc                __swsetup_r
 .text.abort    0x00003cb8        0xe d:/freescale/kds_v3/toolchain/bin/../lib/gcc/arm-none-eabi/4.8.4/../../../../arm-none-eabi/lib/armv7e-m\libg_s.a(lib_a-abort.o)
                0x00003cb8                abort
 .text.__sflush_r
                0x00003cc6      0x106 d:/freescale/kds_v3/toolchain/bin/../lib/gcc/arm-none-eabi/4.8.4/../../../../arm-none-eabi/lib/armv7e-m\libg_s.a(lib_a-fflush.o)
                0x00003cc6                __sflush_r
 .text._fflush_r
                0x00003dcc       0x54 d:/freescale/kds_v3/toolchain/bin/../lib/gcc/arm-none-eabi/4.8.4/../../../../arm-none-eabi/lib/armv7e-m\libg_s.a(lib_a-fflush.o)
                0x00003dcc                _fflush_r
 .text._cleanup_r
                0x00003e20       0x32 d:/freescale/kds_v3/toolchain/bin/../lib/gcc/arm-none-eabi/4.8.4/../../../../arm-none-eabi/lib/armv7e-m\libg_s.a(lib_a-findfp.o)
                0x00003e20                _cleanup_r
 *fill*         0x00003e52        0x2 
 .text.std.isra.0
                0x00003e54       0x48 d:/freescale/kds_v3/toolchain/bin/../lib/gcc/arm-none-eabi/4.8.4/../../../../arm-none-eabi/lib/armv7e-m\libg_s.a(lib_a-findfp.o)
 .text.__sfmoreglue
                0x00003e9c       0x2c d:/freescale/kds_v3/toolchain/bin/../lib/gcc/arm-none-eabi/4.8.4/../../../../arm-none-eabi/lib/armv7e-m\libg_s.a(lib_a-findfp.o)
                0x00003e9c                __sfmoreglue
 .text.__sinit  0x00003ec8       0x60 d:/freescale/kds_v3/toolchain/bin/../lib/gcc/arm-none-eabi/4.8.4/../../../../arm-none-eabi/lib/armv7e-m\libg_s.a(lib_a-findfp.o)
                0x00003ec8                __sinit
 .text.__sfp    0x00003f28       0x74 d:/freescale/kds_v3/toolchain/bin/../lib/gcc/arm-none-eabi/4.8.4/../../../../arm-none-eabi/lib/armv7e-m\libg_s.a(lib_a-findfp.o)
                0x00003f28                __sfp
 .text.__smakebuf_r
                0x00003f9c       0x9c d:/freescale/kds_v3/toolchain/bin/../lib/gcc/arm-none-eabi/4.8.4/../../../../arm-none-eabi/lib/armv7e-m\libg_s.a(lib_a-makebuf.o)
                0x00003f9c                __smakebuf_r
 .text.memchr   0x00004038       0x1e d:/freescale/kds_v3/toolchain/bin/../lib/gcc/arm-none-eabi/4.8.4/../../../../arm-none-eabi/lib/armv7e-m\libg_s.a(lib_a-memchr-stub.o)
                0x00004038                memchr
 .text._raise_r
                0x00004056       0x50 d:/freescale/kds_v3/toolchain/bin/../lib/gcc/arm-none-eabi/4.8.4/../../../../arm-none-eabi/lib/armv7e-m\libg_s.a(lib_a-signal.o)
                0x00004056                _raise_r
 *fill*         0x000040a6        0x2 
 .text.raise    0x000040a8       0x10 d:/freescale/kds_v3/toolchain/bin/../lib/gcc/arm-none-eabi/4.8.4/../../../../arm-none-eabi/lib/armv7e-m\libg_s.a(lib_a-signal.o)
                0x000040a8                raise
 .text._kill_r  0x000040b8       0x24 d:/freescale/kds_v3/toolchain/bin/../lib/gcc/arm-none-eabi/4.8.4/../../../../arm-none-eabi/lib/armv7e-m\libg_s.a(lib_a-signalr.o)
                0x000040b8                _kill_r
 .text._getpid_r
                0x000040dc        0x4 d:/freescale/kds_v3/toolchain/bin/../lib/gcc/arm-none-eabi/4.8.4/../../../../arm-none-eabi/lib/armv7e-m\libg_s.a(lib_a-signalr.o)
                0x000040dc                _getpid_r
 .text.__sread  0x000040e0       0x22 d:/freescale/kds_v3/toolchain/bin/../lib/gcc/arm-none-eabi/4.8.4/../../../../arm-none-eabi/lib/armv7e-m\libg_s.a(lib_a-stdio.o)
                0x000040e0                __sread
 .text.__swrite
                0x00004102       0x38 d:/freescale/kds_v3/toolchain/bin/../lib/gcc/arm-none-eabi/4.8.4/../../../../arm-none-eabi/lib/armv7e-m\libg_s.a(lib_a-stdio.o)
                0x00004102                __swrite
 .text.__sseek  0x0000413a       0x24 d:/freescale/kds_v3/toolchain/bin/../lib/gcc/arm-none-eabi/4.8.4/../../../../arm-none-eabi/lib/armv7e-m\libg_s.a(lib_a-stdio.o)
                0x0000413a                __sseek
 .text.__sclose
                0x0000415e        0x8 d:/freescale/kds_v3/toolchain/bin/../lib/gcc/arm-none-eabi/4.8.4/../../../../arm-none-eabi/lib/armv7e-m\libg_s.a(lib_a-stdio.o)
                0x0000415e                __sclose
 *fill*         0x00004166        0x2 
 .text._write_r
                0x00004168       0x24 d:/freescale/kds_v3/toolchain/bin/../lib/gcc/arm-none-eabi/4.8.4/../../../../arm-none-eabi/lib/armv7e-m\libg_s.a(lib_a-writer.o)
                0x00004168                _write_r
 .text._close_r
                0x0000418c       0x20 d:/freescale/kds_v3/toolchain/bin/../lib/gcc/arm-none-eabi/4.8.4/../../../../arm-none-eabi/lib/armv7e-m\libg_s.a(lib_a-closer.o)
                0x0000418c                _close_r
 .text._fstat_r
                0x000041ac       0x24 d:/freescale/kds_v3/toolchain/bin/../lib/gcc/arm-none-eabi/4.8.4/../../../../arm-none-eabi/lib/armv7e-m\libg_s.a(lib_a-fstatr.o)
                0x000041ac                _fstat_r
 .text._isatty_r
                0x000041d0       0x20 d:/freescale/kds_v3/toolchain/bin/../lib/gcc/arm-none-eabi/4.8.4/../../../../arm-none-eabi/lib/armv7e-m\libg_s.a(lib_a-isattyr.o)
                0x000041d0                _isatty_r
 .text._lseek_r
                0x000041f0       0x24 d:/freescale/kds_v3/toolchain/bin/../lib/gcc/arm-none-eabi/4.8.4/../../../../arm-none-eabi/lib/armv7e-m\libg_s.a(lib_a-lseekr.o)
                0x000041f0                _lseek_r
 .text._read_r  0x00004214       0x24 d:/freescale/kds_v3/toolchain/bin/../lib/gcc/arm-none-eabi/4.8.4/../../../../arm-none-eabi/lib/armv7e-m\libg_s.a(lib_a-readr.o)
                0x00004214                _read_r
 .text._close   0x00004238       0x10 d:/freescale/kds_v3/toolchain/bin/../lib/gcc/arm-none-eabi/4.8.4/../../../../arm-none-eabi/lib/armv7e-m\libnosys.a(close.o)
                0x00004238                _close
 .text._fstat   0x00004248       0x10 d:/freescale/kds_v3/toolchain/bin/../lib/gcc/arm-none-eabi/4.8.4/../../../../arm-none-eabi/lib/armv7e-m\libnosys.a(fstat.o)
                0x00004248                _fstat
 .text._getpid  0x00004258       0x10 d:/freescale/kds_v3/toolchain/bin/../lib/gcc/arm-none-eabi/4.8.4/../../../../arm-none-eabi/lib/armv7e-m\libnosys.a(getpid.o)
                0x00004258                _getpid
 .text._isatty  0x00004268       0x10 d:/freescale/kds_v3/toolchain/bin/../lib/gcc/arm-none-eabi/4.8.4/../../../../arm-none-eabi/lib/armv7e-m\libnosys.a(isatty.o)
                0x00004268                _isatty
 .text._kill    0x00004278       0x10 d:/freescale/kds_v3/toolchain/bin/../lib/gcc/arm-none-eabi/4.8.4/../../../../arm-none-eabi/lib/armv7e-m\libnosys.a(kill.o)
                0x00004278                _kill
 .text._lseek   0x00004288       0x10 d:/freescale/kds_v3/toolchain/bin/../lib/gcc/arm-none-eabi/4.8.4/../../../../arm-none-eabi/lib/armv7e-m\libnosys.a(lseek.o)
                0x00004288                _lseek
 .text._exit    0x00004298        0x4 d:/freescale/kds_v3/toolchain/bin/../lib/gcc/arm-none-eabi/4.8.4/../../../../arm-none-eabi/lib/armv7e-m\libnosys.a(_exit.o)
                0x00004298                _exit
 *(.rodata)
 .rodata        0x0000429c       0x18 ./Sources/Utilities/fsl_debug_console.o
 .rodata        0x000042b4       0x80 ./Board/board.o
 .rodata        0x00004334       0x80 ./Board/pin_mux.o
 .rodata        0x000043b4      0x180 C:/Users/yangs/OneDrive/文档/竞赛/飞思卡尔/2016年/开发环境/SDK_1.3_MK60DN512xxx10/lib/ksdk_platform_lib/kds/K60D10/debug/libksdk_platform.a(fsl_pit_driver.o)
 .rodata        0x00004534      0x140 C:/Users/yangs/OneDrive/文档/竞赛/飞思卡尔/2016年/开发环境/SDK_1.3_MK60DN512xxx10/lib/ksdk_platform_lib/kds/K60D10/debug/libksdk_platform.a(fsl_i2c_master_driver.o)
 .rodata        0x00004674       0xf0 C:/Users/yangs/OneDrive/文档/竞赛/飞思卡尔/2016年/开发环境/SDK_1.3_MK60DN512xxx10/lib/ksdk_platform_lib/kds/K60D10/debug/libksdk_platform.a(fsl_gpio_driver.o)
 .rodata        0x00004764      0x26c C:/Users/yangs/OneDrive/文档/竞赛/飞思卡尔/2016年/开发环境/SDK_1.3_MK60DN512xxx10/lib/ksdk_platform_lib/kds/K60D10/debug/libksdk_platform.a(fsl_clock_MK60D10.o)
 .rodata        0x000049d0      0x108 C:/Users/yangs/OneDrive/文档/竞赛/飞思卡尔/2016年/开发环境/SDK_1.3_MK60DN512xxx10/lib/ksdk_platform_lib/kds/K60D10/debug/libksdk_platform.a(fsl_clock_manager.o)
 .rodata        0x00004ad8       0xb4 C:/Users/yangs/OneDrive/文档/竞赛/飞思卡尔/2016年/开发环境/SDK_1.3_MK60DN512xxx10/lib/ksdk_platform_lib/kds/K60D10/debug/libksdk_platform.a(fsl_os_abstraction_bm.o)
 .rodata        0x00004b8c       0x98 C:/Users/yangs/OneDrive/文档/竞赛/飞思卡尔/2016年/开发环境/SDK_1.3_MK60DN512xxx10/lib/ksdk_platform_lib/kds/K60D10/debug/libksdk_platform.a(fsl_i2c_hal.o)
 .rodata        0x00004c24       0x88 C:/Users/yangs/OneDrive/文档/竞赛/飞思卡尔/2016年/开发环境/SDK_1.3_MK60DN512xxx10/lib/ksdk_platform_lib/kds/K60D10/debug/libksdk_platform.a(fsl_gpio_hal.o)
 *(.rodata*)
 .rodata.dev_fxas21002
                0x00004cac        0x8 ./Board/Hardware_init.o
                0x00004cac                dev_fxas21002
 .rodata.g_defaultClockConfigRun
                0x00004cb4       0x18 ./Board/board.o
                0x00004cb4                g_defaultClockConfigRun
 .rodata.__func__.6267
                0x00004ccc       0x14 ./Board/board.o
 .rodata.__func__.6255
                0x00004ce0       0x14 ./Board/pin_mux.o
 .rodata.__func__.6243
                0x00004cf4       0x1c ./Board/pin_mux.o
 .rodata.__func__.7898
                0x00004d10       0x18 C:/Users/yangs/OneDrive/文档/竞赛/飞思卡尔/2016年/开发环境/SDK_1.3_MK60DN512xxx10/lib/ksdk_platform_lib/kds/K60D10/debug/libksdk_platform.a(fsl_pit_driver.o)
 .rodata.__func__.6127
                0x00004d28       0x18 C:/Users/yangs/OneDrive/文档/竞赛/飞思卡尔/2016年/开发环境/SDK_1.3_MK60DN512xxx10/lib/ksdk_platform_lib/kds/K60D10/debug/libksdk_platform.a(fsl_pit_driver.o)
 .rodata.__func__.8339
                0x00004d40       0x14 C:/Users/yangs/OneDrive/文档/竞赛/飞思卡尔/2016年/开发环境/SDK_1.3_MK60DN512xxx10/lib/ksdk_platform_lib/kds/K60D10/debug/libksdk_platform.a(fsl_i2c_master_driver.o)
 .rodata.__func__.8296
                0x00004d54       0x14 C:/Users/yangs/OneDrive/文档/竞赛/飞思卡尔/2016年/开发环境/SDK_1.3_MK60DN512xxx10/lib/ksdk_platform_lib/kds/K60D10/debug/libksdk_platform.a(fsl_i2c_master_driver.o)
 .rodata.__func__.8351
                0x00004d68       0x1c C:/Users/yangs/OneDrive/文档/竞赛/飞思卡尔/2016年/开发环境/SDK_1.3_MK60DN512xxx10/lib/ksdk_platform_lib/kds/K60D10/debug/libksdk_platform.a(fsl_i2c_master_driver.o)
 .rodata.__func__.8410
                0x00004d84       0x1c C:/Users/yangs/OneDrive/文档/竞赛/飞思卡尔/2016年/开发环境/SDK_1.3_MK60DN512xxx10/lib/ksdk_platform_lib/kds/K60D10/debug/libksdk_platform.a(fsl_i2c_master_driver.o)
 .rodata.__func__.8423
                0x00004da0       0x14 C:/Users/yangs/OneDrive/文档/竞赛/飞思卡尔/2016年/开发环境/SDK_1.3_MK60DN512xxx10/lib/ksdk_platform_lib/kds/K60D10/debug/libksdk_platform.a(fsl_i2c_master_driver.o)
 .rodata.__func__.8431
                0x00004db4       0x1c C:/Users/yangs/OneDrive/文档/竞赛/飞思卡尔/2016年/开发环境/SDK_1.3_MK60DN512xxx10/lib/ksdk_platform_lib/kds/K60D10/debug/libksdk_platform.a(fsl_i2c_master_driver.o)
 .rodata.__func__.8442
                0x00004dd0       0x14 C:/Users/yangs/OneDrive/文档/竞赛/飞思卡尔/2016年/开发环境/SDK_1.3_MK60DN512xxx10/lib/ksdk_platform_lib/kds/K60D10/debug/libksdk_platform.a(fsl_i2c_master_driver.o)
 .rodata.__func__.8462
                0x00004de4       0x14 C:/Users/yangs/OneDrive/文档/竞赛/飞思卡尔/2016年/开发环境/SDK_1.3_MK60DN512xxx10/lib/ksdk_platform_lib/kds/K60D10/debug/libksdk_platform.a(fsl_i2c_master_driver.o)
 .rodata.g_i2cBase
                0x00004df8        0x8 C:/Users/yangs/OneDrive/文档/竞赛/飞思卡尔/2016年/开发环境/SDK_1.3_MK60DN512xxx10/lib/ksdk_platform_lib/kds/K60D10/debug/libksdk_platform.a(fsl_i2c_common.o)
                0x00004df8                g_i2cBase
 .rodata.g_i2cIrqId
                0x00004e00        0x4 C:/Users/yangs/OneDrive/文档/竞赛/飞思卡尔/2016年/开发环境/SDK_1.3_MK60DN512xxx10/lib/ksdk_platform_lib/kds/K60D10/debug/libksdk_platform.a(fsl_i2c_common.o)
                0x00004e00                g_i2cIrqId
 .rodata.__func__.6139
                0x00004e04       0x14 C:/Users/yangs/OneDrive/文档/竞赛/飞思卡尔/2016年/开发环境/SDK_1.3_MK60DN512xxx10/lib/ksdk_platform_lib/kds/K60D10/debug/libksdk_platform.a(fsl_gpio_driver.o)
 .rodata.__func__.6109
                0x00004e18       0x14 C:/Users/yangs/OneDrive/文档/竞赛/飞思卡尔/2016年/开发环境/SDK_1.3_MK60DN512xxx10/lib/ksdk_platform_lib/kds/K60D10/debug/libksdk_platform.a(fsl_gpio_driver.o)
 .rodata.__func__.6103
                0x00004e2c       0x18 C:/Users/yangs/OneDrive/文档/竞赛/飞思卡尔/2016年/开发环境/SDK_1.3_MK60DN512xxx10/lib/ksdk_platform_lib/kds/K60D10/debug/libksdk_platform.a(fsl_gpio_driver.o)
 .rodata.__func__.6121
                0x00004e44       0x20 C:/Users/yangs/OneDrive/文档/竞赛/飞思卡尔/2016年/开发环境/SDK_1.3_MK60DN512xxx10/lib/ksdk_platform_lib/kds/K60D10/debug/libksdk_platform.a(fsl_gpio_driver.o)
 .rodata.__func__.6151
                0x00004e64       0x20 C:/Users/yangs/OneDrive/文档/竞赛/飞思卡尔/2016年/开发环境/SDK_1.3_MK60DN512xxx10/lib/ksdk_platform_lib/kds/K60D10/debug/libksdk_platform.a(fsl_gpio_driver.o)
 .rodata.__func__.6173
                0x00004e84       0x18 C:/Users/yangs/OneDrive/文档/竞赛/飞思卡尔/2016年/开发环境/SDK_1.3_MK60DN512xxx10/lib/ksdk_platform_lib/kds/K60D10/debug/libksdk_platform.a(fsl_gpio_driver.o)
 .rodata.__func__.7929
                0x00004e9c       0x14 C:/Users/yangs/OneDrive/文档/竞赛/飞思卡尔/2016年/开发环境/SDK_1.3_MK60DN512xxx10/lib/ksdk_platform_lib/kds/K60D10/debug/libksdk_platform.a(fsl_gpio_driver.o)
 .rodata.__func__.6115
                0x00004eb0       0x1c C:/Users/yangs/OneDrive/文档/竞赛/飞思卡尔/2016年/开发环境/SDK_1.3_MK60DN512xxx10/lib/ksdk_platform_lib/kds/K60D10/debug/libksdk_platform.a(fsl_gpio_driver.o)
 .rodata.__func__.6133
                0x00004ecc       0x20 C:/Users/yangs/OneDrive/文档/竞赛/飞思卡尔/2016年/开发环境/SDK_1.3_MK60DN512xxx10/lib/ksdk_platform_lib/kds/K60D10/debug/libksdk_platform.a(fsl_gpio_driver.o)
 .rodata.__func__.6127
                0x00004eec       0x1c C:/Users/yangs/OneDrive/文档/竞赛/飞思卡尔/2016年/开发环境/SDK_1.3_MK60DN512xxx10/lib/ksdk_platform_lib/kds/K60D10/debug/libksdk_platform.a(fsl_gpio_driver.o)
 .rodata.portGateTable
                0x00004f08        0x8 C:/Users/yangs/OneDrive/文档/竞赛/飞思卡尔/2016年/开发环境/SDK_1.3_MK60DN512xxx10/lib/ksdk_platform_lib/kds/K60D10/debug/libksdk_platform.a(fsl_clock_MK60D10.o)
 .rodata.i2cGateTable
                0x00004f10        0x4 C:/Users/yangs/OneDrive/文档/竞赛/飞思卡尔/2016年/开发环境/SDK_1.3_MK60DN512xxx10/lib/ksdk_platform_lib/kds/K60D10/debug/libksdk_platform.a(fsl_clock_MK60D10.o)
 .rodata.uartGateTable
                0x00004f14        0x8 C:/Users/yangs/OneDrive/文档/竞赛/飞思卡尔/2016年/开发环境/SDK_1.3_MK60DN512xxx10/lib/ksdk_platform_lib/kds/K60D10/debug/libksdk_platform.a(fsl_clock_MK60D10.o)
 .rodata.__func__.7804
                0x00004f1c       0x1c C:/Users/yangs/OneDrive/文档/竞赛/飞思卡尔/2016年/开发环境/SDK_1.3_MK60DN512xxx10/lib/ksdk_platform_lib/kds/K60D10/debug/libksdk_platform.a(fsl_clock_MK60D10.o)
 .rodata.__func__.7882
                0x00004f38       0x1c C:/Users/yangs/OneDrive/文档/竞赛/飞思卡尔/2016年/开发环境/SDK_1.3_MK60DN512xxx10/lib/ksdk_platform_lib/kds/K60D10/debug/libksdk_platform.a(fsl_clock_MK60D10.o)
 .rodata.__func__.7895
                0x00004f54       0x1c C:/Users/yangs/OneDrive/文档/竞赛/飞思卡尔/2016年/开发环境/SDK_1.3_MK60DN512xxx10/lib/ksdk_platform_lib/kds/K60D10/debug/libksdk_platform.a(fsl_clock_MK60D10.o)
 .rodata.__func__.8093
                0x00004f70       0x14 C:/Users/yangs/OneDrive/文档/竞赛/飞思卡尔/2016年/开发环境/SDK_1.3_MK60DN512xxx10/lib/ksdk_platform_lib/kds/K60D10/debug/libksdk_platform.a(fsl_clock_manager.o)
 .rodata.__func__.8110
                0x00004f84       0x18 C:/Users/yangs/OneDrive/文档/竞赛/飞思卡尔/2016年/开发环境/SDK_1.3_MK60DN512xxx10/lib/ksdk_platform_lib/kds/K60D10/debug/libksdk_platform.a(fsl_clock_manager.o)
 .rodata.g_oscBase
                0x00004f9c        0x4 C:/Users/yangs/OneDrive/文档/竞赛/飞思卡尔/2016年/开发环境/SDK_1.3_MK60DN512xxx10/lib/ksdk_platform_lib/kds/K60D10/debug/libksdk_platform.a(fsl_clock_manager_common.o)
                0x00004f9c                g_oscBase
 .rodata.__func__.7938
                0x00004fa0       0x10 C:/Users/yangs/OneDrive/文档/竞赛/飞思卡尔/2016年/开发环境/SDK_1.3_MK60DN512xxx10/lib/ksdk_platform_lib/kds/K60D10/debug/libksdk_platform.a(fsl_os_abstraction_bm.o)
 .rodata.__func__.7944
                0x00004fb0       0x10 C:/Users/yangs/OneDrive/文档/竞赛/飞思卡尔/2016年/开发环境/SDK_1.3_MK60DN512xxx10/lib/ksdk_platform_lib/kds/K60D10/debug/libksdk_platform.a(fsl_os_abstraction_bm.o)
 .rodata.__func__.7948
                0x00004fc0       0x10 C:/Users/yangs/OneDrive/文档/竞赛/飞思卡尔/2016年/开发环境/SDK_1.3_MK60DN512xxx10/lib/ksdk_platform_lib/kds/K60D10/debug/libksdk_platform.a(fsl_os_abstraction_bm.o)
 .rodata.g_pitBase
                0x00004fd0        0x4 C:/Users/yangs/OneDrive/文档/竞赛/飞思卡尔/2016年/开发环境/SDK_1.3_MK60DN512xxx10/lib/ksdk_platform_lib/kds/K60D10/debug/libksdk_platform.a(fsl_pit_common.o)
                0x00004fd0                g_pitBase
 .rodata.fllFactorTable.6377
                0x00004fd4       0x10 C:/Users/yangs/OneDrive/文档/竞赛/飞思卡尔/2016年/开发环境/SDK_1.3_MK60DN512xxx10/lib/ksdk_platform_lib/kds/K60D10/debug/libksdk_platform.a(fsl_mcg_hal.o)
 .rodata.kI2CDividerTable
                0x00004fe4       0xc8 C:/Users/yangs/OneDrive/文档/竞赛/飞思卡尔/2016年/开发环境/SDK_1.3_MK60DN512xxx10/lib/ksdk_platform_lib/kds/K60D10/debug/libksdk_platform.a(fsl_i2c_hal.o)
                0x00004fe4                kI2CDividerTable
 .rodata.__func__.6311
                0x000050ac       0x14 C:/Users/yangs/OneDrive/文档/竞赛/飞思卡尔/2016年/开发环境/SDK_1.3_MK60DN512xxx10/lib/ksdk_platform_lib/kds/K60D10/debug/libksdk_platform.a(fsl_i2c_hal.o)
 .rodata.__func__.6137
                0x000050c0       0x14 C:/Users/yangs/OneDrive/文档/竞赛/飞思卡尔/2016年/开发环境/SDK_1.3_MK60DN512xxx10/lib/ksdk_platform_lib/kds/K60D10/debug/libksdk_platform.a(fsl_gpio_hal.o)
 .rodata.__func__.6143
                0x000050d4       0x18 C:/Users/yangs/OneDrive/文档/竞赛/飞思卡尔/2016年/开发环境/SDK_1.3_MK60DN512xxx10/lib/ksdk_platform_lib/kds/K60D10/debug/libksdk_platform.a(fsl_gpio_hal.o)
 .rodata.g_gpioBase
                0x000050ec       0x14 C:/Users/yangs/OneDrive/文档/竞赛/飞思卡尔/2016年/开发环境/SDK_1.3_MK60DN512xxx10/lib/ksdk_platform_lib/kds/K60D10/debug/libksdk_platform.a(fsl_gpio_common.o)
                0x000050ec                g_gpioBase
 .rodata.g_portBase
                0x00005100       0x14 C:/Users/yangs/OneDrive/文档/竞赛/飞思卡尔/2016年/开发环境/SDK_1.3_MK60DN512xxx10/lib/ksdk_platform_lib/kds/K60D10/debug/libksdk_platform.a(fsl_gpio_common.o)
                0x00005100                g_portBase
 .rodata.g_portIrqId
                0x00005114        0x8 C:/Users/yangs/OneDrive/文档/竞赛/飞思卡尔/2016年/开发环境/SDK_1.3_MK60DN512xxx10/lib/ksdk_platform_lib/kds/K60D10/debug/libksdk_platform.a(fsl_gpio_common.o)
                0x00005114                g_portIrqId
 .rodata.str1.1
                0x0000511c       0x3c d:/freescale/kds_v3/toolchain/bin/../lib/gcc/arm-none-eabi/4.8.4/../../../../arm-none-eabi/lib/armv7e-m\libg_s.a(lib_a-assert.o)
                                 0x3d (size before relaxing)
 .rodata.str1.1
                0x00005158        0x2 d:/freescale/kds_v3/toolchain/bin/../lib/gcc/arm-none-eabi/4.8.4/../../../../arm-none-eabi/lib/armv7e-m\libg_s.a(lib_a-impure.o)
 *fill*         0x0000515a        0x2 
 .rodata._global_impure_ptr
                0x0000515c        0x4 d:/freescale/kds_v3/toolchain/bin/../lib/gcc/arm-none-eabi/4.8.4/../../../../arm-none-eabi/lib/armv7e-m\libg_s.a(lib_a-impure.o)
                0x0000515c                _global_impure_ptr
 .rodata.str1.1
                0x00005160       0x11 d:/freescale/kds_v3/toolchain/bin/../lib/gcc/arm-none-eabi/4.8.4/../../../../arm-none-eabi/lib/armv7e-m\libg_s.a(lib_a-vfprintf.o)
 .rodata.str1.1
                0x00005171       0x22 d:/freescale/kds_v3/toolchain/bin/../lib/gcc/arm-none-eabi/4.8.4/../../../../arm-none-eabi/lib/armv7e-m\libg_s.a(lib_a-vfprintf_i.o)
 *fill*         0x00005193        0x1 
 .rodata.__sf_fake_stdin
                0x00005194       0x20 d:/freescale/kds_v3/toolchain/bin/../lib/gcc/arm-none-eabi/4.8.4/../../../../arm-none-eabi/lib/armv7e-m\libg_s.a(lib_a-findfp.o)
                0x00005194                __sf_fake_stdin
 .rodata.__sf_fake_stdout
                0x000051b4       0x20 d:/freescale/kds_v3/toolchain/bin/../lib/gcc/arm-none-eabi/4.8.4/../../../../arm-none-eabi/lib/armv7e-m\libg_s.a(lib_a-findfp.o)
                0x000051b4                __sf_fake_stdout
 .rodata.__sf_fake_stderr
                0x000051d4       0x20 d:/freescale/kds_v3/toolchain/bin/../lib/gcc/arm-none-eabi/4.8.4/../../../../arm-none-eabi/lib/armv7e-m\libg_s.a(lib_a-findfp.o)
                0x000051d4                __sf_fake_stderr
 *(.glue_7)
 .glue_7        0x00000000        0x0 linker stubs
 *(.glue_7t)
 .glue_7t       0x00000000        0x0 linker stubs
 *(.eh_frame)
 .eh_frame      0x000051f4        0x0 d:/freescale/kds_v3/toolchain/bin/../lib/gcc/arm-none-eabi/4.8.4/armv7e-m/crtbegin.o
 *(.init)
 .init          0x000051f4        0x4 d:/freescale/kds_v3/toolchain/bin/../lib/gcc/arm-none-eabi/4.8.4/armv7e-m/crti.o
                0x000051f4                _init
 .init          0x000051f8        0x8 d:/freescale/kds_v3/toolchain/bin/../lib/gcc/arm-none-eabi/4.8.4/armv7e-m/crtn.o
 *(.fini)
 .fini          0x00005200        0x4 d:/freescale/kds_v3/toolchain/bin/../lib/gcc/arm-none-eabi/4.8.4/armv7e-m/crti.o
                0x00005200                _fini
 .fini          0x00005204        0x8 d:/freescale/kds_v3/toolchain/bin/../lib/gcc/arm-none-eabi/4.8.4/armv7e-m/crtn.o
                0x0000520c                . = ALIGN (0x4)

.vfp11_veneer   0x0000520c        0x0
 .vfp11_veneer  0x00000000        0x0 linker stubs

.v4_bx          0x0000520c        0x0
 .v4_bx         0x00000000        0x0 linker stubs

.iplt           0x0000520c        0x0
 .iplt          0x00000000        0x0 d:/freescale/kds_v3/toolchain/bin/../lib/gcc/arm-none-eabi/4.8.4/armv7e-m/crtbegin.o

.ARM.extab
 *(.ARM.extab* .gnu.linkonce.armextab.*)

.ARM            0x0000520c        0x8
                0x0000520c                __exidx_start = .
 *(.ARM.exidx*)
 .ARM.exidx     0x0000520c        0x8 d:/freescale/kds_v3/toolchain/bin/../lib/gcc/arm-none-eabi/4.8.4/../../../../arm-none-eabi/lib/armv7e-m/crt0.o
                0x00005214                __exidx_end = .

.rel.dyn        0x00005214        0x0
 .rel.iplt      0x00000000        0x0 d:/freescale/kds_v3/toolchain/bin/../lib/gcc/arm-none-eabi/4.8.4/armv7e-m/crtbegin.o

.ctors          0x00005214        0x0
                0x00005214                __CTOR_LIST__ = .
 *crtbegin.o(.ctors)
 *crtbegin?.o(.ctors)
 *(EXCLUDE_FILE(*crtend.o *crtend?.o) .ctors)
 *(SORT(.ctors.*))
 *(.ctors)
                0x00005214                __CTOR_END__ = .

.dtors          0x00005214        0x0
                0x00005214                __DTOR_LIST__ = .
 *crtbegin.o(.dtors)
 *crtbegin?.o(.dtors)
 *(EXCLUDE_FILE(*crtend.o *crtend?.o) .dtors)
 *(SORT(.dtors.*))
 *(.dtors)
                0x00005214                __DTOR_END__ = .

.preinit_array  0x00005214        0x0
                0x00005214                PROVIDE (__preinit_array_start, .)
 *(.preinit_array*)
                0x00005214                PROVIDE (__preinit_array_end, .)

.init_array     0x00005214        0x4
                0x00005214                PROVIDE (__init_array_start, .)
 *(SORT(.init_array.*))
 *(.init_array*)
 .init_array    0x00005214        0x4 d:/freescale/kds_v3/toolchain/bin/../lib/gcc/arm-none-eabi/4.8.4/armv7e-m/crtbegin.o
                0x00005218                PROVIDE (__init_array_end, .)

.fini_array     0x00005218        0x4
                0x00005218                PROVIDE (__fini_array_start, .)
 *(SORT(.fini_array.*))
 *(.fini_array*)
 .fini_array    0x00005218        0x4 d:/freescale/kds_v3/toolchain/bin/../lib/gcc/arm-none-eabi/4.8.4/armv7e-m/crtbegin.o
                0x0000521c                PROVIDE (__fini_array_end, .)
                0x0000521c                __etext = .
                0x0000521c                __DATA_ROM = .

.interrupts_ram
                0x1fff0000        0x0
                0x1fff0000                . = ALIGN (0x4)
                0x1fff0000                __VECTOR_RAM__ = .
                0x1fff0000                __interrupts_ram_start__ = .
 *(.m_interrupts_ram)
                0x1fff0000                . = (. + M_VECTOR_RAM_SIZE)
                0x1fff0000                . = ALIGN (0x4)
                0x1fff0000                __interrupts_ram_end__ = .
                0x00000000                __VECTOR_RAM = DEFINED (__ram_vector_table__)?__VECTOR_RAM__:ORIGIN (m_interrupts)
                0x00000000                __RAM_VECTOR_TABLE_SIZE_BYTES = DEFINED (__ram_vector_table__)?(__interrupts_ram_end__ - __interrupts_ram_start__):0x0

.data           0x1fff0000       0xd4 load address 0x0000521c
                0x1fff0000                . = ALIGN (0x4)
                0x1fff0000                __DATA_RAM = .
                0x1fff0000                __data_start__ = .
 *(.data)
 *(.data*)
 .data.SystemCoreClock
                0x1fff0000        0x4 ./Project_Settings/Startup_Code/system_MK60D10.o
                0x1fff0000                SystemCoreClock
 .data.inputPins
                0x1fff0004       0x48 ./Board/gpio_pins.o
                0x1fff0004                inputPins
 .data.outputPins
                0x1fff004c       0x18 ./Board/gpio_pins.o
                0x1fff004c                outputPins
 .data.g_fastInternalRefClkFreq
                0x1fff0064        0x4 C:/Users/yangs/OneDrive/文档/竞赛/飞思卡尔/2016年/开发环境/SDK_1.3_MK60DN512xxx10/lib/ksdk_platform_lib/kds/K60D10/debug/libksdk_platform.a(fsl_mcg_hal.o)
                0x1fff0064                g_fastInternalRefClkFreq
 .data.g_slowInternalRefClkFreq
                0x1fff0068        0x4 C:/Users/yangs/OneDrive/文档/竞赛/飞思卡尔/2016年/开发环境/SDK_1.3_MK60DN512xxx10/lib/ksdk_platform_lib/kds/K60D10/debug/libksdk_platform.a(fsl_mcg_hal.o)
                0x1fff0068                g_slowInternalRefClkFreq
 .data.impure_data
                0x1fff006c       0x60 d:/freescale/kds_v3/toolchain/bin/../lib/gcc/arm-none-eabi/4.8.4/../../../../arm-none-eabi/lib/armv7e-m\libg_s.a(lib_a-impure.o)
 .data._impure_ptr
                0x1fff00cc        0x4 d:/freescale/kds_v3/toolchain/bin/../lib/gcc/arm-none-eabi/4.8.4/../../../../arm-none-eabi/lib/armv7e-m\libg_s.a(lib_a-impure.o)
                0x1fff00cc                _impure_ptr
 *(.jcr*)
 .jcr           0x1fff00d0        0x0 d:/freescale/kds_v3/toolchain/bin/../lib/gcc/arm-none-eabi/4.8.4/armv7e-m/crtbegin.o
 .jcr           0x1fff00d0        0x4 d:/freescale/kds_v3/toolchain/bin/../lib/gcc/arm-none-eabi/4.8.4/armv7e-m/crtend.o
                0x1fff00d4                . = ALIGN (0x4)
                0x1fff00d4                __data_end__ = .
                0x000052f0                __DATA_END = (__DATA_ROM + (__data_end__ - __data_start__))
                0x00080000                text_end = (ORIGIN (m_text) + 0x7fbf0)
                0x00000001                ASSERT ((__DATA_END <= text_end), region m_text overflowed with text and data)

.igot.plt       0x1fff00d4        0x0 load address 0x000052f0
 .igot.plt      0x00000000        0x0 d:/freescale/kds_v3/toolchain/bin/../lib/gcc/arm-none-eabi/4.8.4/armv7e-m/crtbegin.o

.bss            0x1fff00d4       0xd8 load address 0x000052f0
                0x1fff00d4                . = ALIGN (0x4)
                0x1fff00d4                __START_BSS = .
                0x1fff00d4                __bss_start__ = .
 *(.bss)
 .bss           0x1fff00d4       0x1c d:/freescale/kds_v3/toolchain/bin/../lib/gcc/arm-none-eabi/4.8.4/armv7e-m/crtbegin.o
 *(.bss*)
 .bss.s_debugConsole
                0x1fff00f0       0x10 ./Sources/Utilities/fsl_debug_console.o
 .bss.heap_end.5138
                0x1fff0100        0x4 ./Sources/Utilities/fsl_misc_utilities.o
 .bss.i.9002    0x1fff0104        0x1 ./Sources/main.o
 *fill*         0x1fff0105        0x3 
 .bss.g_i2cStatePtr
                0x1fff0108        0x8 C:/Users/yangs/OneDrive/文档/竞赛/飞思卡尔/2016年/开发环境/SDK_1.3_MK60DN512xxx10/lib/ksdk_platform_lib/kds/K60D10/debug/libksdk_platform.a(fsl_i2c_common.o)
                0x1fff0108                g_i2cStatePtr
 .bss.g_taskControlBlockPool
                0x1fff0110       0x50 C:/Users/yangs/OneDrive/文档/竞赛/飞思卡尔/2016年/开发环境/SDK_1.3_MK60DN512xxx10/lib/ksdk_platform_lib/kds/K60D10/debug/libksdk_platform.a(fsl_os_abstraction_bm.o)
 .bss.g_freeTaskControlBlock
                0x1fff0160        0x4 C:/Users/yangs/OneDrive/文档/竞赛/飞思卡尔/2016年/开发环境/SDK_1.3_MK60DN512xxx10/lib/ksdk_platform_lib/kds/K60D10/debug/libksdk_platform.a(fsl_os_abstraction_bm.o)
 .bss.g_taskListHead
                0x1fff0164       0x10 C:/Users/yangs/OneDrive/文档/竞赛/飞思卡尔/2016年/开发环境/SDK_1.3_MK60DN512xxx10/lib/ksdk_platform_lib/kds/K60D10/debug/libksdk_platform.a(fsl_os_abstraction_bm.o)
 .bss.g_xtal0ClkFreq
                0x1fff0174        0x4 C:/Users/yangs/OneDrive/文档/竞赛/飞思卡尔/2016年/开发环境/SDK_1.3_MK60DN512xxx10/lib/ksdk_platform_lib/kds/K60D10/debug/libksdk_platform.a(fsl_mcg_hal.o)
                0x1fff0174                g_xtal0ClkFreq
 .bss.g_xtalRtcClkFreq
                0x1fff0178        0x4 C:/Users/yangs/OneDrive/文档/竞赛/飞思卡尔/2016年/开发环境/SDK_1.3_MK60DN512xxx10/lib/ksdk_platform_lib/kds/K60D10/debug/libksdk_platform.a(fsl_mcg_hal.o)
                0x1fff0178                g_xtalRtcClkFreq
 .bss.g_interruptDisableCount
                0x1fff017c        0x4 C:/Users/yangs/OneDrive/文档/竞赛/飞思卡尔/2016年/开发环境/SDK_1.3_MK60DN512xxx10/lib/ksdk_platform_lib/kds/K60D10/debug/libksdk_platform.a(fsl_interrupt_manager.o)
                0x1fff017c                g_interruptDisableCount
 .bss.__malloc_sbrk_start
                0x1fff0180        0x4 d:/freescale/kds_v3/toolchain/bin/../lib/gcc/arm-none-eabi/4.8.4/../../../../arm-none-eabi/lib/armv7e-m\libg_s.a(lib_a-nano-mallocr.o)
                0x1fff0180                __malloc_sbrk_start
 .bss.__malloc_free_list
                0x1fff0184        0x4 d:/freescale/kds_v3/toolchain/bin/../lib/gcc/arm-none-eabi/4.8.4/../../../../arm-none-eabi/lib/armv7e-m\libg_s.a(lib_a-nano-mallocr.o)
                0x1fff0184                __malloc_free_list
 *(COMMON)
 COMMON         0x1fff0188       0x1e ./Board/Hardware_init.o
                0x1fff0188                txbuff
                0x1fff019c                Cmdbuff
 *fill*         0x1fff01a6        0x2 
 COMMON         0x1fff01a8        0x4 d:/freescale/kds_v3/toolchain/bin/../lib/gcc/arm-none-eabi/4.8.4/../../../../arm-none-eabi/lib/armv7e-m\libg_s.a(lib_a-reent.o)
                0x1fff01a8                errno
                0x1fff01ac                . = ALIGN (0x4)
                0x1fff01ac                __bss_end__ = .
                0x1fff01ac                __END_BSS = .

.heap           0x20000000      0x400
                0x20000000                . = ALIGN (0x8)
                0x20000000                __end__ = .
                0x20000000                PROVIDE (end, .)
                0x20000000                __HeapBase = .
                0x20000400                . = (. + HEAP_SIZE)
 *fill*         0x20000000      0x400 
                0x20000400                __HeapLimit = .

.stack          0x20000400      0x400
                0x20000400                . = ALIGN (0x8)
                0x20000800                . = (. + STACK_SIZE)
 *fill*         0x20000400      0x400 
                0x20010000                __StackTop = (ORIGIN (m_data_2) + 0x10000)
                0x2000fc00                __StackLimit = (__StackTop - STACK_SIZE)
                0x20010000                PROVIDE (__stack, __StackTop)

.ARM.attributes
                0x00000000       0x2a
 *(.ARM.attributes)
 .ARM.attributes
                0x00000000       0x1e d:/freescale/kds_v3/toolchain/bin/../lib/gcc/arm-none-eabi/4.8.4/armv7e-m/crti.o
 .ARM.attributes
                0x0000001e       0x2e d:/freescale/kds_v3/toolchain/bin/../lib/gcc/arm-none-eabi/4.8.4/armv7e-m/crtbegin.o
 .ARM.attributes
                0x0000004c       0x1c d:/freescale/kds_v3/toolchain/bin/../lib/gcc/arm-none-eabi/4.8.4/../../../../arm-none-eabi/lib/armv7e-m/crt0.o
 .ARM.attributes
                0x00000068       0x33 ./Sources/Utilities/fsl_debug_console.o
 .ARM.attributes
                0x0000009b       0x33 ./Sources/Utilities/fsl_misc_utilities.o
 .ARM.attributes
                0x000000ce       0x33 ./Sources/main.o
 .ARM.attributes
                0x00000101       0x33 ./Sources/user_i2c_irq.o
 .ARM.attributes
                0x00000134       0x33 ./Sources/user_pit_irq.o
 .ARM.attributes
                0x00000167       0x33 ./Sources/user_uart_irq.o
 .ARM.attributes
                0x0000019a       0x33 ./Project_Settings/Startup_Code/startup.o
 .ARM.attributes
                0x000001cd       0x1b ./Project_Settings/Startup_Code/startup_MK60D10.o
 .ARM.attributes
                0x000001e8       0x33 ./Project_Settings/Startup_Code/system_MK60D10.o
 .ARM.attributes
                0x0000021b       0x33 ./Board/Hardware_init.o
 .ARM.attributes
                0x0000024e       0x33 ./Board/board.o
 .ARM.attributes
                0x00000281       0x33 ./Board/gpio_pins.o
 .ARM.attributes
                0x000002b4       0x33 ./Board/pin_mux.o
 .ARM.attributes
                0x000002e7       0x33 C:/Users/yangs/OneDrive/文档/竞赛/飞思卡尔/2016年/开发环境/SDK_1.3_MK60DN512xxx10/lib/ksdk_platform_lib/kds/K60D10/debug/libksdk_platform.a(fsl_uart_hal.o)
 .ARM.attributes
                0x0000031a       0x33 C:/Users/yangs/OneDrive/文档/竞赛/飞思卡尔/2016年/开发环境/SDK_1.3_MK60DN512xxx10/lib/ksdk_platform_lib/kds/K60D10/debug/libksdk_platform.a(fsl_pit_driver.o)
 .ARM.attributes
                0x0000034d       0x33 C:/Users/yangs/OneDrive/文档/竞赛/飞思卡尔/2016年/开发环境/SDK_1.3_MK60DN512xxx10/lib/ksdk_platform_lib/kds/K60D10/debug/libksdk_platform.a(fsl_i2c_master_driver.o)
 .ARM.attributes
                0x00000380       0x33 C:/Users/yangs/OneDrive/文档/竞赛/飞思卡尔/2016年/开发环境/SDK_1.3_MK60DN512xxx10/lib/ksdk_platform_lib/kds/K60D10/debug/libksdk_platform.a(fsl_i2c_common.o)
 .ARM.attributes
                0x000003b3       0x33 C:/Users/yangs/OneDrive/文档/竞赛/飞思卡尔/2016年/开发环境/SDK_1.3_MK60DN512xxx10/lib/ksdk_platform_lib/kds/K60D10/debug/libksdk_platform.a(fsl_gpio_driver.o)
 .ARM.attributes
                0x000003e6       0x33 C:/Users/yangs/OneDrive/文档/竞赛/飞思卡尔/2016年/开发环境/SDK_1.3_MK60DN512xxx10/lib/ksdk_platform_lib/kds/K60D10/debug/libksdk_platform.a(fsl_clock_MK60D10.o)
 .ARM.attributes
                0x00000419       0x33 C:/Users/yangs/OneDrive/文档/竞赛/飞思卡尔/2016年/开发环境/SDK_1.3_MK60DN512xxx10/lib/ksdk_platform_lib/kds/K60D10/debug/libksdk_platform.a(fsl_clock_manager.o)
 .ARM.attributes
                0x0000044c       0x33 C:/Users/yangs/OneDrive/文档/竞赛/飞思卡尔/2016年/开发环境/SDK_1.3_MK60DN512xxx10/lib/ksdk_platform_lib/kds/K60D10/debug/libksdk_platform.a(fsl_clock_manager_common.o)
 .ARM.attributes
                0x0000047f       0x33 C:/Users/yangs/OneDrive/文档/竞赛/飞思卡尔/2016年/开发环境/SDK_1.3_MK60DN512xxx10/lib/ksdk_platform_lib/kds/K60D10/debug/libksdk_platform.a(fsl_os_abstraction_bm.o)
 .ARM.attributes
                0x000004b2       0x33 C:/Users/yangs/OneDrive/文档/竞赛/飞思卡尔/2016年/开发环境/SDK_1.3_MK60DN512xxx10/lib/ksdk_platform_lib/kds/K60D10/debug/libksdk_platform.a(fsl_sim_hal_MK60D10.o)
 .ARM.attributes
                0x000004e5       0x33 C:/Users/yangs/OneDrive/文档/竞赛/飞思卡尔/2016年/开发环境/SDK_1.3_MK60DN512xxx10/lib/ksdk_platform_lib/kds/K60D10/debug/libksdk_platform.a(fsl_pit_common.o)
 .ARM.attributes
                0x00000518       0x33 C:/Users/yangs/OneDrive/文档/竞赛/飞思卡尔/2016年/开发环境/SDK_1.3_MK60DN512xxx10/lib/ksdk_platform_lib/kds/K60D10/debug/libksdk_platform.a(fsl_osc_hal.o)
 .ARM.attributes
                0x0000054b       0x33 C:/Users/yangs/OneDrive/文档/竞赛/飞思卡尔/2016年/开发环境/SDK_1.3_MK60DN512xxx10/lib/ksdk_platform_lib/kds/K60D10/debug/libksdk_platform.a(fsl_mcg_hal.o)
 .ARM.attributes
                0x0000057e       0x33 C:/Users/yangs/OneDrive/文档/竞赛/飞思卡尔/2016年/开发环境/SDK_1.3_MK60DN512xxx10/lib/ksdk_platform_lib/kds/K60D10/debug/libksdk_platform.a(fsl_mcg_hal_modes.o)
 .ARM.attributes
                0x000005b1       0x33 C:/Users/yangs/OneDrive/文档/竞赛/飞思卡尔/2016年/开发环境/SDK_1.3_MK60DN512xxx10/lib/ksdk_platform_lib/kds/K60D10/debug/libksdk_platform.a(fsl_lptmr_hal.o)
 .ARM.attributes
                0x000005e4       0x33 C:/Users/yangs/OneDrive/文档/竞赛/飞思卡尔/2016年/开发环境/SDK_1.3_MK60DN512xxx10/lib/ksdk_platform_lib/kds/K60D10/debug/libksdk_platform.a(fsl_interrupt_manager.o)
 .ARM.attributes
                0x00000617       0x33 C:/Users/yangs/OneDrive/文档/竞赛/飞思卡尔/2016年/开发环境/SDK_1.3_MK60DN512xxx10/lib/ksdk_platform_lib/kds/K60D10/debug/libksdk_platform.a(fsl_i2c_hal.o)
 .ARM.attributes
                0x0000064a       0x33 C:/Users/yangs/OneDrive/文档/竞赛/飞思卡尔/2016年/开发环境/SDK_1.3_MK60DN512xxx10/lib/ksdk_platform_lib/kds/K60D10/debug/libksdk_platform.a(fsl_gpio_hal.o)
 .ARM.attributes
                0x0000067d       0x33 C:/Users/yangs/OneDrive/文档/竞赛/飞思卡尔/2016年/开发环境/SDK_1.3_MK60DN512xxx10/lib/ksdk_platform_lib/kds/K60D10/debug/libksdk_platform.a(fsl_gpio_common.o)
 .ARM.attributes
                0x000006b0       0x2e d:/freescale/kds_v3/toolchain/bin/../lib/gcc/arm-none-eabi/4.8.4/../../../../arm-none-eabi/lib/armv7e-m\libg_s.a(lib_a-assert.o)
 .ARM.attributes
                0x000006de       0x2e d:/freescale/kds_v3/toolchain/bin/../lib/gcc/arm-none-eabi/4.8.4/../../../../arm-none-eabi/lib/armv7e-m\libg_s.a(lib_a-errno.o)
 .ARM.attributes
                0x0000070c       0x2e d:/freescale/kds_v3/toolchain/bin/../lib/gcc/arm-none-eabi/4.8.4/../../../../arm-none-eabi/lib/armv7e-m\libg_s.a(lib_a-exit.o)
 .ARM.attributes
                0x0000073a       0x2e d:/freescale/kds_v3/toolchain/bin/../lib/gcc/arm-none-eabi/4.8.4/../../../../arm-none-eabi/lib/armv7e-m\libg_s.a(lib_a-fprintf.o)
 .ARM.attributes
                0x00000768       0x2e d:/freescale/kds_v3/toolchain/bin/../lib/gcc/arm-none-eabi/4.8.4/../../../../arm-none-eabi/lib/armv7e-m\libg_s.a(lib_a-impure.o)
 .ARM.attributes
                0x00000796       0x2e d:/freescale/kds_v3/toolchain/bin/../lib/gcc/arm-none-eabi/4.8.4/../../../../arm-none-eabi/lib/armv7e-m\libg_s.a(lib_a-init.o)
 .ARM.attributes
                0x000007c4       0x2e d:/freescale/kds_v3/toolchain/bin/../lib/gcc/arm-none-eabi/4.8.4/../../../../arm-none-eabi/lib/armv7e-m\libg_s.a(lib_a-memset.o)
 .ARM.attributes
                0x000007f2       0x2e d:/freescale/kds_v3/toolchain/bin/../lib/gcc/arm-none-eabi/4.8.4/../../../../arm-none-eabi/lib/armv7e-m\libg_s.a(lib_a-nano-freer.o)
 .ARM.attributes
                0x00000820       0x2e d:/freescale/kds_v3/toolchain/bin/../lib/gcc/arm-none-eabi/4.8.4/../../../../arm-none-eabi/lib/armv7e-m\libg_s.a(lib_a-nano-mallocr.o)
 .ARM.attributes
                0x0000084e       0x2e d:/freescale/kds_v3/toolchain/bin/../lib/gcc/arm-none-eabi/4.8.4/../../../../arm-none-eabi/lib/armv7e-m\libg_s.a(lib_a-sbrkr.o)
 .ARM.attributes
                0x0000087c       0x2e d:/freescale/kds_v3/toolchain/bin/../lib/gcc/arm-none-eabi/4.8.4/../../../../arm-none-eabi/lib/armv7e-m\libg_s.a(lib_a-strlen.o)
 .ARM.attributes
                0x000008aa       0x2e d:/freescale/kds_v3/toolchain/bin/../lib/gcc/arm-none-eabi/4.8.4/../../../../arm-none-eabi/lib/armv7e-m\libg_s.a(lib_a-vfprintf.o)
 .ARM.attributes
                0x000008d8       0x2e d:/freescale/kds_v3/toolchain/bin/../lib/gcc/arm-none-eabi/4.8.4/../../../../arm-none-eabi/lib/armv7e-m\libg_s.a(lib_a-vfprintf_i.o)
 .ARM.attributes
                0x00000906       0x2e d:/freescale/kds_v3/toolchain/bin/../lib/gcc/arm-none-eabi/4.8.4/../../../../arm-none-eabi/lib/armv7e-m\libg_s.a(lib_a-wbuf.o)
 .ARM.attributes
                0x00000934       0x2e d:/freescale/kds_v3/toolchain/bin/../lib/gcc/arm-none-eabi/4.8.4/../../../../arm-none-eabi/lib/armv7e-m\libg_s.a(lib_a-wsetup.o)
 .ARM.attributes
                0x00000962       0x2e d:/freescale/kds_v3/toolchain/bin/../lib/gcc/arm-none-eabi/4.8.4/../../../../arm-none-eabi/lib/armv7e-m\libg_s.a(lib_a-abort.o)
 .ARM.attributes
                0x00000990       0x2e d:/freescale/kds_v3/toolchain/bin/../lib/gcc/arm-none-eabi/4.8.4/../../../../arm-none-eabi/lib/armv7e-m\libg_s.a(lib_a-fflush.o)
 .ARM.attributes
                0x000009be       0x2e d:/freescale/kds_v3/toolchain/bin/../lib/gcc/arm-none-eabi/4.8.4/../../../../arm-none-eabi/lib/armv7e-m\libg_s.a(lib_a-findfp.o)
 .ARM.attributes
                0x000009ec       0x2e d:/freescale/kds_v3/toolchain/bin/../lib/gcc/arm-none-eabi/4.8.4/../../../../arm-none-eabi/lib/armv7e-m\libg_s.a(lib_a-makebuf.o)
 .ARM.attributes
                0x00000a1a       0x2e d:/freescale/kds_v3/toolchain/bin/../lib/gcc/arm-none-eabi/4.8.4/../../../../arm-none-eabi/lib/armv7e-m\libg_s.a(lib_a-memchr-stub.o)
 .ARM.attributes
                0x00000a48       0x2e d:/freescale/kds_v3/toolchain/bin/../lib/gcc/arm-none-eabi/4.8.4/../../../../arm-none-eabi/lib/armv7e-m\libg_s.a(lib_a-reent.o)
 .ARM.attributes
                0x00000a76       0x2e d:/freescale/kds_v3/toolchain/bin/../lib/gcc/arm-none-eabi/4.8.4/../../../../arm-none-eabi/lib/armv7e-m\libg_s.a(lib_a-signal.o)
 .ARM.attributes
                0x00000aa4       0x2e d:/freescale/kds_v3/toolchain/bin/../lib/gcc/arm-none-eabi/4.8.4/../../../../arm-none-eabi/lib/armv7e-m\libg_s.a(lib_a-signalr.o)
 .ARM.attributes
                0x00000ad2       0x2e d:/freescale/kds_v3/toolchain/bin/../lib/gcc/arm-none-eabi/4.8.4/../../../../arm-none-eabi/lib/armv7e-m\libg_s.a(lib_a-stdio.o)
 .ARM.attributes
                0x00000b00       0x2e d:/freescale/kds_v3/toolchain/bin/../lib/gcc/arm-none-eabi/4.8.4/../../../../arm-none-eabi/lib/armv7e-m\libg_s.a(lib_a-writer.o)
 .ARM.attributes
                0x00000b2e       0x2e d:/freescale/kds_v3/toolchain/bin/../lib/gcc/arm-none-eabi/4.8.4/../../../../arm-none-eabi/lib/armv7e-m\libg_s.a(lib_a-closer.o)
 .ARM.attributes
                0x00000b5c       0x2e d:/freescale/kds_v3/toolchain/bin/../lib/gcc/arm-none-eabi/4.8.4/../../../../arm-none-eabi/lib/armv7e-m\libg_s.a(lib_a-fstatr.o)
 .ARM.attributes
                0x00000b8a       0x2e d:/freescale/kds_v3/toolchain/bin/../lib/gcc/arm-none-eabi/4.8.4/../../../../arm-none-eabi/lib/armv7e-m\libg_s.a(lib_a-isattyr.o)
 .ARM.attributes
                0x00000bb8       0x2e d:/freescale/kds_v3/toolchain/bin/../lib/gcc/arm-none-eabi/4.8.4/../../../../arm-none-eabi/lib/armv7e-m\libg_s.a(lib_a-lseekr.o)
 .ARM.attributes
                0x00000be6       0x2e d:/freescale/kds_v3/toolchain/bin/../lib/gcc/arm-none-eabi/4.8.4/../../../../arm-none-eabi/lib/armv7e-m\libg_s.a(lib_a-readr.o)
 .ARM.attributes
                0x00000c14       0x2e d:/freescale/kds_v3/toolchain/bin/../lib/gcc/arm-none-eabi/4.8.4/../../../../arm-none-eabi/lib/armv7e-m\libnosys.a(close.o)
 .ARM.attributes
                0x00000c42       0x2e d:/freescale/kds_v3/toolchain/bin/../lib/gcc/arm-none-eabi/4.8.4/../../../../arm-none-eabi/lib/armv7e-m\libnosys.a(fstat.o)
 .ARM.attributes
                0x00000c70       0x2e d:/freescale/kds_v3/toolchain/bin/../lib/gcc/arm-none-eabi/4.8.4/../../../../arm-none-eabi/lib/armv7e-m\libnosys.a(getpid.o)
 .ARM.attributes
                0x00000c9e       0x2e d:/freescale/kds_v3/toolchain/bin/../lib/gcc/arm-none-eabi/4.8.4/../../../../arm-none-eabi/lib/armv7e-m\libnosys.a(isatty.o)
 .ARM.attributes
                0x00000ccc       0x2e d:/freescale/kds_v3/toolchain/bin/../lib/gcc/arm-none-eabi/4.8.4/../../../../arm-none-eabi/lib/armv7e-m\libnosys.a(kill.o)
 .ARM.attributes
                0x00000cfa       0x2e d:/freescale/kds_v3/toolchain/bin/../lib/gcc/arm-none-eabi/4.8.4/../../../../arm-none-eabi/lib/armv7e-m\libnosys.a(lseek.o)
 .ARM.attributes
                0x00000d28       0x2e d:/freescale/kds_v3/toolchain/bin/../lib/gcc/arm-none-eabi/4.8.4/../../../../arm-none-eabi/lib/armv7e-m\libnosys.a(_exit.o)
 .ARM.attributes
                0x00000d56       0x2e d:/freescale/kds_v3/toolchain/bin/../lib/gcc/arm-none-eabi/4.8.4/armv7e-m/crtend.o
 .ARM.attributes
                0x00000d84       0x1e d:/freescale/kds_v3/toolchain/bin/../lib/gcc/arm-none-eabi/4.8.4/armv7e-m/crtn.o
                0x00000001                ASSERT ((__StackLimit >= __HeapLimit), region m_data_2 overflowed with stack and heap)
OUTPUT(Hardware_test.elf elf32-littlearm)

.debug_info     0x00000000    0x10e78
 .debug_info    0x00000000      0x9be ./Sources/Utilities/fsl_debug_console.o
 .debug_info    0x000009be      0x172 ./Sources/Utilities/fsl_misc_utilities.o
 .debug_info    0x00000b30      0x200 ./Sources/main.o
 .debug_info    0x00000d30      0x1a5 ./Sources/user_i2c_irq.o
 .debug_info    0x00000ed5       0xbd ./Sources/user_pit_irq.o
 .debug_info    0x00000f92      0x13b ./Sources/user_uart_irq.o
 .debug_info    0x000010cd      0x3a7 ./Project_Settings/Startup_Code/startup.o
 .debug_info    0x00001474       0x90 ./Project_Settings/Startup_Code/startup_MK60D10.o
 .debug_info    0x00001504      0x4a4 ./Project_Settings/Startup_Code/system_MK60D10.o