Archive member included because of file (symbol)

C:/Users/yangs/OneDrive/文档/竞赛/飞思卡尔/2016年/开发环境/SDK_1.3_MK60DN512xxx10/lib/ksdk_platform_lib/kds/K60D10/debug/libksdk_platform.a(fsl_uart_hal.o)
                              ./Sources/Utilities/fsl_debug_console.o (UART_HAL_SetBaudRate)
C:/Users/yangs/OneDrive/文档/竞赛/飞思卡尔/2016年/开发环境/SDK_1.3_MK60DN512xxx10/lib/ksdk_platform_lib/kds/K60D10/debug/libksdk_platform.a(fsl_pit_driver.o)
                              ./Sources/Board/Hardware_init.o (PIT_DRV_Init)
C:/Users/yangs/OneDrive/文档/竞赛/飞思卡尔/2016年/开发环境/SDK_1.3_MK60DN512xxx10/lib/ksdk_platform_lib/kds/K60D10/debug/libksdk_platform.a(fsl_gpio_driver.o)
                              ./Sources/Board/Hardware_init.o (GPIO_DRV_Init)
C:/Users/yangs/OneDrive/文档/竞赛/飞思卡尔/2016年/开发环境/SDK_1.3_MK60DN512xxx10/lib/ksdk_platform_lib/kds/K60D10/debug/libksdk_platform.a(fsl_clock_MK60D10.o)
                              ./Sources/Board/board.o (CLOCK_SYS_SetSimConfigration)
C:/Users/yangs/OneDrive/文档/竞赛/飞思卡尔/2016年/开发环境/SDK_1.3_MK60DN512xxx10/lib/ksdk_platform_lib/kds/K60D10/debug/libksdk_platform.a(fsl_clock_manager.o)
                              ./Sources/Board/board.o (CLOCK_SYS_BootToPee)
C:/Users/yangs/OneDrive/文档/竞赛/飞思卡尔/2016年/开发环境/SDK_1.3_MK60DN512xxx10/lib/ksdk_platform_lib/kds/K60D10/debug/libksdk_platform.a(fsl_clock_manager_common.o)
                              C:/Users/yangs/OneDrive/文档/竞赛/飞思卡尔/2016年/开发环境/SDK_1.3_MK60DN512xxx10/lib/ksdk_platform_lib/kds/K60D10/debug/libksdk_platform.a(fsl_clock_MK60D10.o) (g_oscBase)
C:/Users/yangs/OneDrive/文档/竞赛/飞思卡尔/2016年/开发环境/SDK_1.3_MK60DN512xxx10/lib/ksdk_platform_lib/kds/K60D10/debug/libksdk_platform.a(fsl_os_abstraction_bm.o)
                              C:/Users/yangs/OneDrive/文档/竞赛/飞思卡尔/2016年/开发环境/SDK_1.3_MK60DN512xxx10/lib/ksdk_platform_lib/kds/K60D10/debug/libksdk_platform.a(fsl_clock_manager.o) (OSA_EnterCritical)
C:/Users/yangs/OneDrive/文档/竞赛/飞思卡尔/2016年/开发环境/SDK_1.3_MK60DN512xxx10/lib/ksdk_platform_lib/kds/K60D10/debug/libksdk_platform.a(fsl_sim_hal_MK60D10.o)
                              C:/Users/yangs/OneDrive/文档/竞赛/飞思卡尔/2016年/开发环境/SDK_1.3_MK60DN512xxx10/lib/ksdk_platform_lib/kds/K60D10/debug/libksdk_platform.a(fsl_clock_MK60D10.o) (CLOCK_HAL_GetUsbfsDiv)
C:/Users/yangs/OneDrive/文档/竞赛/飞思卡尔/2016年/开发环境/SDK_1.3_MK60DN512xxx10/lib/ksdk_platform_lib/kds/K60D10/debug/libksdk_platform.a(fsl_pit_common.o)
                              C:/Users/yangs/OneDrive/文档/竞赛/飞思卡尔/2016年/开发环境/SDK_1.3_MK60DN512xxx10/lib/ksdk_platform_lib/kds/K60D10/debug/libksdk_platform.a(fsl_pit_driver.o) (g_pitBase)
C:/Users/yangs/OneDrive/文档/竞赛/飞思卡尔/2016年/开发环境/SDK_1.3_MK60DN512xxx10/lib/ksdk_platform_lib/kds/K60D10/debug/libksdk_platform.a(fsl_osc_hal.o)
                              C:/Users/yangs/OneDrive/文档/竞赛/飞思卡尔/2016年/开发环境/SDK_1.3_MK60DN512xxx10/lib/ksdk_platform_lib/kds/K60D10/debug/libksdk_platform.a(fsl_clock_manager.o) (OSC_HAL_SetCapacitor)
C:/Users/yangs/OneDrive/文档/竞赛/飞思卡尔/2016年/开发环境/SDK_1.3_MK60DN512xxx10/lib/ksdk_platform_lib/kds/K60D10/debug/libksdk_platform.a(fsl_mcg_hal.o)
                              C:/Users/yangs/OneDrive/文档/竞赛/飞思卡尔/2016年/开发环境/SDK_1.3_MK60DN512xxx10/lib/ksdk_platform_lib/kds/K60D10/debug/libksdk_platform.a(fsl_clock_MK60D10.o) (g_xtal0ClkFreq)
C:/Users/yangs/OneDrive/文档/竞赛/飞思卡尔/2016年/开发环境/SDK_1.3_MK60DN512xxx10/lib/ksdk_platform_lib/kds/K60D10/debug/libksdk_platform.a(fsl_mcg_hal_modes.o)
                              C:/Users/yangs/OneDrive/文档/竞赛/飞思卡尔/2016年/开发环境/SDK_1.3_MK60DN512xxx10/lib/ksdk_platform_lib/kds/K60D10/debug/libksdk_platform.a(fsl_clock_manager.o) (CLOCK_HAL_GetMcgMode)
C:/Users/yangs/OneDrive/文档/竞赛/飞思卡尔/2016年/开发环境/SDK_1.3_MK60DN512xxx10/lib/ksdk_platform_lib/kds/K60D10/debug/libksdk_platform.a(fsl_lptmr_hal.o)
                              C:/Users/yangs/OneDrive/文档/竞赛/飞思卡尔/2016年/开发环境/SDK_1.3_MK60DN512xxx10/lib/ksdk_platform_lib/kds/K60D10/debug/libksdk_platform.a(fsl_os_abstraction_bm.o) (LPTMR_HAL_SetTimerWorkingMode)
C:/Users/yangs/OneDrive/文档/竞赛/飞思卡尔/2016年/开发环境/SDK_1.3_MK60DN512xxx10/lib/ksdk_platform_lib/kds/K60D10/debug/libksdk_platform.a(fsl_interrupt_manager.o)
                              C:/Users/yangs/OneDrive/文档/竞赛/飞思卡尔/2016年/开发环境/SDK_1.3_MK60DN512xxx10/lib/ksdk_platform_lib/kds/K60D10/debug/libksdk_platform.a(fsl_os_abstraction_bm.o) (INT_SYS_InstallHandler)
C:/Users/yangs/OneDrive/文档/竞赛/飞思卡尔/2016年/开发环境/SDK_1.3_MK60DN512xxx10/lib/ksdk_platform_lib/kds/K60D10/debug/libksdk_platform.a(fsl_gpio_hal.o)
                              C:/Users/yangs/OneDrive/文档/竞赛/飞思卡尔/2016年/开发环境/SDK_1.3_MK60DN512xxx10/lib/ksdk_platform_lib/kds/K60D10/debug/libksdk_platform.a(fsl_gpio_driver.o) (GPIO_HAL_SetPinDir)
C:/Users/yangs/OneDrive/文档/竞赛/飞思卡尔/2016年/开发环境/SDK_1.3_MK60DN512xxx10/lib/ksdk_platform_lib/kds/K60D10/debug/libksdk_platform.a(fsl_gpio_common.o)
                              C:/Users/yangs/OneDrive/文档/竞赛/飞思卡尔/2016年/开发环境/SDK_1.3_MK60DN512xxx10/lib/ksdk_platform_lib/kds/K60D10/debug/libksdk_platform.a(fsl_gpio_driver.o) (g_gpioBase)
[...]
Memory Configuration

Name             Origin             Length             Attributes
m_interrupts     0x00000000         0x00000400         xr
m_flash_config   0x00000400         0x00000010         xr
m_text           0x00000410         0x0007fbf0         xr
m_data           0x1fff0000         0x00010000         rw
m_data_2         0x20000000         0x00010000         rw
*default*        0x00000000         0xffffffff

Linker script and memory map

LOAD d:/freescale/kds_v3/toolchain/bin/../lib/gcc/arm-none-eabi/4.8.4/armv7e-m/crti.o
LOAD d:/freescale/kds_v3/toolchain/bin/../lib/gcc/arm-none-eabi/4.8.4/armv7e-m/crtbegin.o
LOAD d:/freescale/kds_v3/toolchain/bin/../lib/gcc/arm-none-eabi/4.8.4/../../../../arm-none-eabi/lib/armv7e-m/crt0.o
LOAD ./Sources/Utilities/fsl_debug_console.o
LOAD ./Sources/Utilities/fsl_misc_utilities.o
LOAD ./Sources/Utilities/print_scan.o
LOAD ./Sources/Board/Hardware_init.o
LOAD ./Sources/Board/board.o
LOAD ./Sources/Board/gpio_pins.o
LOAD ./Sources/Board/pin_mux.o
LOAD ./Sources/main.o
LOAD ./Project_Settings/Startup_Code/startup.o
LOAD ./Project_Settings/Startup_Code/startup_MK60D10.o
LOAD ./Project_Settings/Startup_Code/system_MK60D10.o
LOAD C:/Users/yangs/OneDrive/文档/竞赛/飞思卡尔/2016年/开发环境/SDK_1.3_MK60DN512xxx10/lib/ksdk_platform_lib/kds/K60D10/debug/libksdk_platform.a
LOAD d:/freescale/kds_v3/toolchain/bin/../lib/gcc/arm-none-eabi/4.8.4/../../../../arm-none-eabi/lib/armv7e-m\libstdc++_s.a
LOAD d:/freescale/kds_v3/toolchain/bin/../lib/gcc/arm-none-eabi/4.8.4/../../../../arm-none-eabi/lib/armv7e-m\libm.a
START GROUP
LOAD d:/freescale/kds_v3/toolchain/bin/../lib/gcc/arm-none-eabi/4.8.4/armv7e-m\libgcc.a
LOAD d:/freescale/kds_v3/toolchain/bin/../lib/gcc/arm-none-eabi/4.8.4/../../../../arm-none-eabi/lib/armv7e-m\libg_s.a
LOAD d:/freescale/kds_v3/toolchain/bin/../lib/gcc/arm-none-eabi/4.8.4/../../../../arm-none-eabi/lib/armv7e-m\libc_s.a
END GROUP
START GROUP
LOAD d:/freescale/kds_v3/toolchain/bin/../lib/gcc/arm-none-eabi/4.8.4/armv7e-m\libgcc.a
LOAD d:/freescale/kds_v3/toolchain/bin/../lib/gcc/arm-none-eabi/4.8.4/../../../../arm-none-eabi/lib/armv7e-m\libc_s.a
LOAD d:/freescale/kds_v3/toolchain/bin/../lib/gcc/arm-none-eabi/4.8.4/../../../../arm-none-eabi/lib/armv7e-m\libnosys.a
END GROUP
START GROUP
LOAD d:/freescale/kds_v3/toolchain/bin/../lib/gcc/arm-none-eabi/4.8.4/armv7e-m\libgcc.a
LOAD d:/freescale/kds_v3/toolchain/bin/../lib/gcc/arm-none-eabi/4.8.4/../../../../arm-none-eabi/lib/armv7e-m\libc_s.a
LOAD d:/freescale/kds_v3/toolchain/bin/../lib/gcc/arm-none-eabi/4.8.4/../../../../arm-none-eabi/lib/armv7e-m\libnosys.a
END GROUP
LOAD d:/freescale/kds_v3/toolchain/bin/../lib/gcc/arm-none-eabi/4.8.4/armv7e-m/crtend.o
LOAD d:/freescale/kds_v3/toolchain/bin/../lib/gcc/arm-none-eabi/4.8.4/armv7e-m/crtn.o
                0x00000400                HEAP_SIZE = DEFINED (__heap_size__)?__heap_size__:0x400
                0x00000400                STACK_SIZE = DEFINED (__stack_size__)?__stack_size__:0x400
                0x00000000                M_VECTOR_RAM_SIZE = DEFINED (__ram_vector_table__)?0x400:0x0

.interrupts     0x00000000      0x400
                0x00000000                __VECTOR_TABLE = .
                0x00000000                . = ALIGN (0x4)
 *(.isr_vector)
 .isr_vector    0x00000000      0x400 ./Project_Settings/Startup_Code/startup_MK60D10.o
                0x00000000                __isr_vector
                0x00000400                . = ALIGN (0x4)

.flash_config   0x00000400       0x10
                0x00000400                . = ALIGN (0x4)
 *(.FlashConfig)
 .FlashConfig   0x00000400       0x10 ./Project_Settings/Startup_Code/startup_MK60D10.o
                0x00000410                . = ALIGN (0x4)

.text           0x00000410     0x3b80
                0x00000410                . = ALIGN (0x4)
 *(.text)
 .text          0x00000410       0x54 d:/freescale/kds_v3/toolchain/bin/../lib/gcc/arm-none-eabi/4.8.4/armv7e-m/crtbegin.o
 .text          0x00000464       0x74 d:/freescale/kds_v3/toolchain/bin/../lib/gcc/arm-none-eabi/4.8.4/../../../../arm-none-eabi/lib/armv7e-m/crt0.o
                0x00000464                _start
                0x00000464                _mainCRTStartup
 .text          0x000004d8       0x14 ./Project_Settings/Startup_Code/startup_MK60D10.o
                0x000004d8                Reset_Handler
                0x000004e8                Reserved111_IRQHandler
                0x000004e8                DebugMon_Handler
                0x000004e8                I2C0_IRQHandler
                0x000004e8                HardFault_Handler
                0x000004e8                CAN1_ORed_Message_buffer_IRQHandler
                0x000004e8                SysTick_Handler
                0x000004e8                UART3_RX_TX_IRQHandler
                0x000004e8                Reserved114_IRQHandler
                0x000004e8                PendSV_Handler
                0x000004e8                NMI_Handler
                0x000004e8                UART0_RX_TX_IRQHandler
                0x000004e8                I2C1_IRQHandler
                0x000004e8                DMA2_IRQHandler
                0x000004e8                Reserved59_IRQHandler
                0x000004e8                ENET_Error_IRQHandler
                0x000004e8                CAN0_Tx_Warning_IRQHandler
                0x000004e8                Reserved119_IRQHandler
                0x000004e8                CAN0_ORed_Message_buffer_IRQHandler
                0x000004e8                CMP2_IRQHandler
                0x000004e8                LLWU_IRQHandler
                0x000004e8                Reserved116_IRQHandler
                0x000004e8                TSI0_IRQHandler
                0x000004e8                ENET_Receive_IRQHandler
                0x000004e8                ENET_1588_Timer_IRQHandler
                0x000004e8                CAN1_Error_IRQHandler
                0x000004e8                UART2_RX_TX_IRQHandler
                0x000004e8                SWI_IRQHandler
                0x000004e8                ADC0_IRQHandler
                0x000004e8                UsageFault_Handler
                0x000004e8                I2S0_Tx_IRQHandler
                0x000004e8                CMT_IRQHandler
                0x000004e8                UART4_RX_TX_IRQHandler
                0x000004e8                SPI1_IRQHandler
                0x000004e8                DefaultISR
                0x000004e8                DMA9_IRQHandler
                0x000004e8                DMA14_IRQHandler
                0x000004e8                CMP1_IRQHandler
                0x000004e8                PORTD_IRQHandler
                0x000004e8                PORTB_IRQHandler
                0x000004e8                UART4_ERR_IRQHandler
                0x000004e8                ADC1_IRQHandler
                0x000004e8                PIT2_IRQHandler
                0x000004e8                I2S0_Rx_IRQHandler
                0x000004e8                DMA5_IRQHandler
                0x000004e8                RTC_IRQHandler
                0x000004e8                PDB0_IRQHandler
                0x000004e8                CAN1_Bus_Off_IRQHandler
                0x000004e8                CAN0_Rx_Warning_IRQHandler
                0x000004e8                FTM1_IRQHandler
                0x000004e8                UART5_RX_TX_IRQHandler
                0x000004e8                Reserved95_IRQHandler
                0x000004e8                UART3_ERR_IRQHandler
                0x000004e8                PIT3_IRQHandler
                0x000004e8                SDHC_IRQHandler
                0x000004e8                RTC_Seconds_IRQHandler
                0x000004e8                MCG_IRQHandler
                0x000004e8                Reserved108_IRQHandler
                0x000004e8                Reserved117_IRQHandler
                0x000004e8                UART2_ERR_IRQHandler
                0x000004e8                DMA11_IRQHandler
                0x000004e8                UART5_ERR_IRQHandler
                0x000004e8                Read_Collision_IRQHandler
                0x000004e8                DMA7_IRQHandler
                0x000004e8                Reserved102_IRQHandler
                0x000004e8                ENET_Transmit_IRQHandler
                0x000004e8                USBDCD_IRQHandler
                0x000004e8                CAN1_Tx_Warning_IRQHandler
                0x000004e8                USB0_IRQHandler
                0x000004e8                SPI2_IRQHandler
                0x000004e8                WDOG_EWM_IRQHandler
                0x000004e8                MemManage_Handler
                0x000004e8                CAN1_Rx_Warning_IRQHandler
                0x000004e8                Reserved115_IRQHandler
                0x000004e8                SVC_Handler
                0x000004e8                CAN1_Wake_Up_IRQHandler
                0x000004e8                Reserved109_IRQHandler
                0x000004e8                DMA13_IRQHandler
                0x000004e8                DMA3_IRQHandler
                0x000004e8                UART0_LON_IRQHandler
                0x000004e8                RNG_IRQHandler
                0x000004e8                DMA0_IRQHandler
                0x000004e8                DMA15_IRQHandler
                0x000004e8                DAC0_IRQHandler
                0x000004e8                Reserved118_IRQHandler
                0x000004e8                CAN0_Error_IRQHandler
                0x000004e8                Reserved112_IRQHandler
                0x000004e8                DMA4_IRQHandler
                0x000004e8                PIT1_IRQHandler
                0x000004e8                UART0_ERR_IRQHandler
                0x000004e8                DMA_Error_IRQHandler
                0x000004e8                LVD_LVW_IRQHandler
                0x000004e8                SPI0_IRQHandler
                0x000004e8                FTM0_IRQHandler
                0x000004e8                PORTA_IRQHandler
                0x000004e8                DAC1_IRQHandler
                0x000004e8                MCM_IRQHandler
                0x000004e8                DMA12_IRQHandler
                0x000004e8                FTFL_IRQHandler
                0x000004e8                CAN0_Bus_Off_IRQHandler
                0x000004e8                PORTE_IRQHandler
                0x000004e8                FTM2_IRQHandler
                0x000004e8                LPTMR0_IRQHandler
                0x000004e8                BusFault_Handler
                0x000004e8                DMA8_IRQHandler
                0x000004e8                DMA10_IRQHandler
                0x000004e8                CAN0_Wake_Up_IRQHandler
                0x000004e8                UART1_ERR_IRQHandler
                0x000004e8                UART1_RX_TX_IRQHandler
                0x000004e8                CMP0_IRQHandler
                0x000004e8                PORTC_IRQHandler
                0x000004e8                DMA6_IRQHandler
                0x000004e8                DMA1_IRQHandler
                0x000004e8                Reserved113_IRQHandler
 *(.text*)
 .text._write   0x000004ec       0x58 ./Sources/Utilities/fsl_debug_console.o
                0x000004ec                _write
 .text._read    0x00000544       0x44 ./Sources/Utilities/fsl_debug_console.o
                0x00000544                _read
 .text.debug_printf
                0x00000588       0x48 ./Sources/Utilities/fsl_debug_console.o
                0x00000588                debug_printf
 .text.debug_putc
                0x000005d0       0x40 ./Sources/Utilities/fsl_debug_console.o
 .text._sbrk    0x00000610       0x5c ./Sources/Utilities/fsl_misc_utilities.o
                0x00000610                _sbrk
 .text._doprint
                0x0000066c      0x754 ./Sources/Utilities/print_scan.o
                0x0000066c                _doprint
 .text.mknumstr
                0x00000dc0      0x110 ./Sources/Utilities/print_scan.o
 .text.fput_pad
                0x00000ed0       0x40 ./Sources/Utilities/print_scan.o
 .text.Hardware_Init
                0x00000f10       0x64 ./Sources/Board/Hardware_init.o
                0x00000f10                Hardware_Init
 .text.PORT_HAL_SetMuxMode
                0x00000f74       0x58 ./Sources/Board/board.o
 .text.SMC_HAL_SetProtection
                0x00000fcc       0x1c ./Sources/Board/board.o
 .text.BOARD_InitOsc0
                0x00000fe8       0x3c ./Sources/Board/board.o
                0x00000fe8                BOARD_InitOsc0
 .text.BOARD_InitRtcOsc
                0x00001024       0x30 ./Sources/Board/board.o
                0x00001024                BOARD_InitRtcOsc
 .text.CLOCK_SetBootConfig
                0x00001054       0x3c ./Sources/Board/board.o
 .text.BOARD_ClockInit
                0x00001090       0x3c ./Sources/Board/board.o
                0x00001090                BOARD_ClockInit
 .text.PORT_HAL_SetOpenDrainCmd
                0x000010cc       0x48 ./Sources/Board/pin_mux.o
 .text.PORT_HAL_SetMuxMode
                0x00001114       0x58 ./Sources/Board/pin_mux.o
 .text.configure_adc_pins
                0x0000116c       0x78 ./Sources/Board/pin_mux.o
                0x0000116c                configure_adc_pins
 .text.configure_i2c_pins
                0x000011e4       0x44 ./Sources/Board/pin_mux.o
                0x000011e4                configure_i2c_pins
 .text.configure_uart_pins
                0x00001228       0x68 ./Sources/Board/pin_mux.o
                0x00001228                configure_uart_pins
 .text.configure_ftm_pins
                0x00001290       0x80 ./Sources/Board/pin_mux.o
                0x00001290                configure_ftm_pins
 .text.main     0x00001310       0x3c ./Sources/main.o
                0x00001310                main
 .text.delay_ms
                0x0000134c       0x3c ./Sources/main.o
                0x0000134c                delay_ms
 .text.PIT0_IRQHandler
                0x00001388       0x18 ./Sources/main.o
                0x00001388                PIT0_IRQHandler
 .text.init_data_bss
                0x000013a0       0xcc ./Project_Settings/Startup_Code/startup.o
                0x000013a0                init_data_bss
 .text.SystemInit
                0x0000146c       0x28 ./Project_Settings/Startup_Code/system_MK60D10.o
                0x0000146c                SystemInit
 .text.PIT_HAL_ClearIntFlag
                0x00001494       0x40 C:/Users/yangs/OneDrive/文档/竞赛/飞思卡尔/2016年/开发环境/SDK_1.3_MK60DN512xxx10/lib/ksdk_platform_lib/kds/K60D10/debug/libksdk_platform.a(fsl_pit_driver.o)
 .text.PIT_DRV_ClearIntFlag
                0x000014d4       0x48 C:/Users/yangs/OneDrive/文档/竞赛/飞思卡尔/2016年/开发环境/SDK_1.3_MK60DN512xxx10/lib/ksdk_platform_lib/kds/K60D10/debug/libksdk_platform.a(fsl_pit_driver.o)
                0x000014d4                PIT_DRV_ClearIntFlag
 .text.NVIC_EnableIRQ
                0x0000151c       0x30 C:/Users/yangs/OneDrive/文档/竞赛/飞思卡尔/2016年/开发环境/SDK_1.3_MK60DN512xxx10/lib/ksdk_platform_lib/kds/K60D10/debug/libksdk_platform.a(fsl_gpio_driver.o)
 .text.PORT_HAL_SetPullMode
                0x0000154c       0x44 C:/Users/yangs/OneDrive/文档/竞赛/飞思卡尔/2016年/开发环境/SDK_1.3_MK60DN512xxx10/lib/ksdk_platform_lib/kds/K60D10/debug/libksdk_platform.a(fsl_gpio_driver.o)
 .text.PORT_HAL_SetPullCmd
                0x00001590       0x48 C:/Users/yangs/OneDrive/文档/竞赛/飞思卡尔/2016年/开发环境/SDK_1.3_MK60DN512xxx10/lib/ksdk_platform_lib/kds/K60D10/debug/libksdk_platform.a(fsl_gpio_driver.o)
 .text.PORT_HAL_SetSlewRateMode
                0x000015d8       0x48 C:/Users/yangs/OneDrive/文档/竞赛/飞思卡尔/2016年/开发环境/SDK_1.3_MK60DN512xxx10/lib/ksdk_platform_lib/kds/K60D10/debug/libksdk_platform.a(fsl_gpio_driver.o)
 .text.PORT_HAL_SetPassiveFilterCmd
                0x00001620       0x48 C:/Users/yangs/OneDrive/文档/竞赛/飞思卡尔/2016年/开发环境/SDK_1.3_MK60DN512xxx10/lib/ksdk_platform_lib/kds/K60D10/debug/libksdk_platform.a(fsl_gpio_driver.o)
 .text.PORT_HAL_SetOpenDrainCmd
                0x00001668       0x48 C:/Users/yangs/OneDrive/文档/竞赛/飞思卡尔/2016年/开发环境/SDK_1.3_MK60DN512xxx10/lib/ksdk_platform_lib/kds/K60D10/debug/libksdk_platform.a(fsl_gpio_driver.o)
 .text.PORT_HAL_SetDriveStrengthMode
                0x000016b0       0x48 C:/Users/yangs/OneDrive/文档/竞赛/飞思卡尔/2016年/开发环境/SDK_1.3_MK60DN512xxx10/lib/ksdk_platform_lib/kds/K60D10/debug/libksdk_platform.a(fsl_gpio_driver.o)
 .text.PORT_HAL_SetMuxMode
                0x000016f8       0x58 C:/Users/yangs/OneDrive/文档/竞赛/飞思卡尔/2016年/开发环境/SDK_1.3_MK60DN512xxx10/lib/ksdk_platform_lib/kds/K60D10/debug/libksdk_platform.a(fsl_gpio_driver.o)
 .text.PORT_HAL_SetDigitalFilterCmd
                0x00001750       0x4c C:/Users/yangs/OneDrive/文档/竞赛/飞思卡尔/2016年/开发环境/SDK_1.3_MK60DN512xxx10/lib/ksdk_platform_lib/kds/K60D10/debug/libksdk_platform.a(fsl_gpio_driver.o)
 .text.PORT_HAL_SetPinIntMode
                0x0000179c       0x58 C:/Users/yangs/OneDrive/文档/竞赛/飞思卡尔/2016年/开发环境/SDK_1.3_MK60DN512xxx10/lib/ksdk_platform_lib/kds/K60D10/debug/libksdk_platform.a(fsl_gpio_driver.o)
 .text.GPIO_HAL_TogglePinOutput
                0x000017f4       0x38 C:/Users/yangs/OneDrive/文档/竞赛/飞思卡尔/2016年/开发环境/SDK_1.3_MK60DN512xxx10/lib/ksdk_platform_lib/kds/K60D10/debug/libksdk_platform.a(fsl_gpio_driver.o)
 .text.INT_SYS_EnableIRQ
                0x0000182c       0x54 C:/Users/yangs/OneDrive/文档/竞赛/飞思卡尔/2016年/开发环境/SDK_1.3_MK60DN512xxx10/lib/ksdk_platform_lib/kds/K60D10/debug/libksdk_platform.a(fsl_gpio_driver.o)
 .text.GPIO_DRV_Init
                0x00001880       0x50 C:/Users/yangs/OneDrive/文档/竞赛/飞思卡尔/2016年/开发环境/SDK_1.3_MK60DN512xxx10/lib/ksdk_platform_lib/kds/K60D10/debug/libksdk_platform.a(fsl_gpio_driver.o)
                0x00001880                GPIO_DRV_Init
 .text.GPIO_DRV_InputPinInit
                0x000018d0       0xc4 C:/Users/yangs/OneDrive/文档/竞赛/飞思卡尔/2016年/开发环境/SDK_1.3_MK60DN512xxx10/lib/ksdk_platform_lib/kds/K60D10/debug/libksdk_platform.a(fsl_gpio_driver.o)
                0x000018d0                GPIO_DRV_InputPinInit
 .text.GPIO_DRV_OutputPinInit
                0x00001994       0x90 C:/Users/yangs/OneDrive/文档/竞赛/飞思卡尔/2016年/开发环境/SDK_1.3_MK60DN512xxx10/lib/ksdk_platform_lib/kds/K60D10/debug/libksdk_platform.a(fsl_gpio_driver.o)
                0x00001994                GPIO_DRV_OutputPinInit
 .text.GPIO_DRV_WritePinOutput
                0x00001a24       0x34 C:/Users/yangs/OneDrive/文档/竞赛/飞思卡尔/2016年/开发环境/SDK_1.3_MK60DN512xxx10/lib/ksdk_platform_lib/kds/K60D10/debug/libksdk_platform.a(fsl_gpio_driver.o)
                0x00001a24                GPIO_DRV_WritePinOutput
 .text.GPIO_DRV_TogglePinOutput
                0x00001a58       0x30 C:/Users/yangs/OneDrive/文档/竞赛/飞思卡尔/2016年/开发环境/SDK_1.3_MK60DN512xxx10/lib/ksdk_platform_lib/kds/K60D10/debug/libksdk_platform.a(fsl_gpio_driver.o)
                0x00001a58                GPIO_DRV_TogglePinOutput
 .text.SIM_HAL_EnableClock
                0x00001a88       0x3c C:/Users/yangs/OneDrive/文档/竞赛/飞思卡尔/2016年/开发环境/SDK_1.3_MK60DN512xxx10/lib/ksdk_platform_lib/kds/K60D10/debug/libksdk_platform.a(fsl_clock_MK60D10.o)
 .text.CLOCK_HAL_SetExternalRefClock32kSrc
                0x00001ac4       0x2c C:/Users/yangs/OneDrive/文档/竞赛/飞思卡尔/2016年/开发环境/SDK_1.3_MK60DN512xxx10/lib/ksdk_platform_lib/kds/K60D10/debug/libksdk_platform.a(fsl_clock_MK60D10.o)
 .text.CLOCK_HAL_SetPllfllSel
                0x00001af0       0x2c C:/Users/yangs/OneDrive/文档/竞赛/飞思卡尔/2016年/开发环境/SDK_1.3_MK60DN512xxx10/lib/ksdk_platform_lib/kds/K60D10/debug/libksdk_platform.a(fsl_clock_MK60D10.o)
 .text.CLOCK_SYS_SetSimConfigration
                0x00001b1c       0x44 C:/Users/yangs/OneDrive/文档/竞赛/飞思卡尔/2016年/开发环境/SDK_1.3_MK60DN512xxx10/lib/ksdk_platform_lib/kds/K60D10/debug/libksdk_platform.a(fsl_clock_MK60D10.o)
                0x00001b1c                CLOCK_SYS_SetSimConfigration
 .text.CLOCK_SYS_EnablePortClock
                0x00001b60       0x48 C:/Users/yangs/OneDrive/文档/竞赛/飞思卡尔/2016年/开发环境/SDK_1.3_MK60DN512xxx10/lib/ksdk_platform_lib/kds/K60D10/debug/libksdk_platform.a(fsl_clock_MK60D10.o)
                0x00001b60                CLOCK_SYS_EnablePortClock
 .text.SIM_HAL_EnableClock
                0x00001ba8       0x3c C:/Users/yangs/OneDrive/文档/竞赛/飞思卡尔/2016年/开发环境/SDK_1.3_MK60DN512xxx10/lib/ksdk_platform_lib/kds/K60D10/debug/libksdk_platform.a(fsl_clock_manager.o)
 .text.CLOCK_HAL_SetClkOutSrc
                0x00001be4       0x30 C:/Users/yangs/OneDrive/文档/竞赛/飞思卡尔/2016年/开发环境/SDK_1.3_MK60DN512xxx10/lib/ksdk_platform_lib/kds/K60D10/debug/libksdk_platform.a(fsl_clock_manager.o)
 .text.CLOCK_HAL_SetClksFrdivIrefs
                0x00001c14       0x54 C:/Users/yangs/OneDrive/文档/竞赛/飞思卡尔/2016年/开发环境/SDK_1.3_MK60DN512xxx10/lib/ksdk_platform_lib/kds/K60D10/debug/libksdk_platform.a(fsl_clock_manager.o)
 .text.CLOCK_HAL_GetClkOutStat
                0x00001c68       0x24 C:/Users/yangs/OneDrive/文档/竞赛/飞思卡尔/2016年/开发环境/SDK_1.3_MK60DN512xxx10/lib/ksdk_platform_lib/kds/K60D10/debug/libksdk_platform.a(fsl_clock_manager.o)
 .text.CLOCK_HAL_GetFllSrc
                0x00001c8c       0x24 C:/Users/yangs/OneDrive/文档/竞赛/飞思卡尔/2016年/开发环境/SDK_1.3_MK60DN512xxx10/lib/ksdk_platform_lib/kds/K60D10/debug/libksdk_platform.a(fsl_clock_manager.o)
 .text.CLOCK_HAL_IsOsc0Stable
                0x00001cb0       0x30 C:/Users/yangs/OneDrive/文档/竞赛/飞思卡尔/2016年/开发环境/SDK_1.3_MK60DN512xxx10/lib/ksdk_platform_lib/kds/K60D10/debug/libksdk_platform.a(fsl_clock_manager.o)
 .text.OSC_HAL_SetExternalRefClkCmd
                0x00001ce0       0x24 C:/Users/yangs/OneDrive/文档/竞赛/飞思卡尔/2016年/开发环境/SDK_1.3_MK60DN512xxx10/lib/ksdk_platform_lib/kds/K60D10/debug/libksdk_platform.a(fsl_clock_manager.o)
 .text.OSC_HAL_SetExternalRefClkInStopModeCmd
                0x00001d04       0x24 C:/Users/yangs/OneDrive/文档/竞赛/飞思卡尔/2016年/开发环境/SDK_1.3_MK60DN512xxx10/lib/ksdk_platform_lib/kds/K60D10/debug/libksdk_platform.a(fsl_clock_manager.o)
 .text.CLOCK_SYS_EnableRtcClock
                0x00001d28       0x1c C:/Users/yangs/OneDrive/文档/竞赛/飞思卡尔/2016年/开发环境/SDK_1.3_MK60DN512xxx10/lib/ksdk_platform_lib/kds/K60D10/debug/libksdk_platform.a(fsl_clock_manager.o)
 .text.RTC_HAL_SetOsc2pfLoadCmd
                0x00001d44       0x28 C:/Users/yangs/OneDrive/文档/竞赛/飞思卡尔/2016年/开发环境/SDK_1.3_MK60DN512xxx10/lib/ksdk_platform_lib/kds/K60D10/debug/libksdk_platform.a(fsl_clock_manager.o)
 .text.RTC_HAL_SetOsc4pfLoadCmd
                0x00001d6c       0x28 C:/Users/yangs/OneDrive/文档/竞赛/飞思卡尔/2016年/开发环境/SDK_1.3_MK60DN512xxx10/lib/ksdk_platform_lib/kds/K60D10/debug/libksdk_platform.a(fsl_clock_manager.o)
 .text.RTC_HAL_SetOsc8pfLoadCmd
                0x00001d94       0x28 C:/Users/yangs/OneDrive/文档/竞赛/飞思卡尔/2016年/开发环境/SDK_1.3_MK60DN512xxx10/lib/ksdk_platform_lib/kds/K60D10/debug/libksdk_platform.a(fsl_clock_manager.o)
 .text.RTC_HAL_SetOsc16pfLoadCmd
                0x00001dbc       0x28 C:/Users/yangs/OneDrive/文档/竞赛/飞思卡尔/2016年/开发环境/SDK_1.3_MK60DN512xxx10/lib/ksdk_platform_lib/kds/K60D10/debug/libksdk_platform.a(fsl_clock_manager.o)
 .text.RTC_HAL_SetOscillatorCmd
                0x00001de4       0x28 C:/Users/yangs/OneDrive/文档/竞赛/飞思卡尔/2016年/开发环境/SDK_1.3_MK60DN512xxx10/lib/ksdk_platform_lib/kds/K60D10/debug/libksdk_platform.a(fsl_clock_manager.o)
 .text.RTC_HAL_IsOscillatorEnabled
                0x00001e0c       0x2c C:/Users/yangs/OneDrive/文档/竞赛/飞思卡尔/2016年/开发环境/SDK_1.3_MK60DN512xxx10/lib/ksdk_platform_lib/kds/K60D10/debug/libksdk_platform.a(fsl_clock_manager.o)
 .text.CLOCK_SYS_BootToPee
                0x00001e38       0xa4 C:/Users/yangs/OneDrive/文档/竞赛/飞思卡尔/2016年/开发环境/SDK_1.3_MK60DN512xxx10/lib/ksdk_platform_lib/kds/K60D10/debug/libksdk_platform.a(fsl_clock_manager.o)
                0x00001e38                CLOCK_SYS_BootToPee
 .text.CLOCK_SYS_OscInit
                0x00001edc       0xe8 C:/Users/yangs/OneDrive/文档/竞赛/飞思卡尔/2016年/开发环境/SDK_1.3_MK60DN512xxx10/lib/ksdk_platform_lib/kds/K60D10/debug/libksdk_platform.a(fsl_clock_manager.o)
                0x00001edc                CLOCK_SYS_OscInit
 .text.CLOCK_SYS_SetOscerConfigration
                0x00001fc4       0x3c C:/Users/yangs/OneDrive/文档/竞赛/飞思卡尔/2016年/开发环境/SDK_1.3_MK60DN512xxx10/lib/ksdk_platform_lib/kds/K60D10/debug/libksdk_platform.a(fsl_clock_manager.o)
                0x00001fc4                CLOCK_SYS_SetOscerConfigration
 .text.CLOCK_SYS_RtcOscInit
                0x00002000       0xa0 C:/Users/yangs/OneDrive/文档/竞赛/飞思卡尔/2016年/开发环境/SDK_1.3_MK60DN512xxx10/lib/ksdk_platform_lib/kds/K60D10/debug/libksdk_platform.a(fsl_clock_manager.o)
                0x00002000                CLOCK_SYS_RtcOscInit
 .text.CLOCK_HAL_SetOutDiv
                0x000020a0       0x5c C:/Users/yangs/OneDrive/文档/竞赛/飞思卡尔/2016年/开发环境/SDK_1.3_MK60DN512xxx10/lib/ksdk_platform_lib/kds/K60D10/debug/libksdk_platform.a(fsl_sim_hal_MK60D10.o)
                0x000020a0                CLOCK_HAL_SetOutDiv
 .text.OSC_HAL_SetCapacitor
                0x000020fc       0x2c C:/Users/yangs/OneDrive/文档/竞赛/飞思卡尔/2016年/开发环境/SDK_1.3_MK60DN512xxx10/lib/ksdk_platform_lib/kds/K60D10/debug/libksdk_platform.a(fsl_osc_hal.o)
                0x000020fc                OSC_HAL_SetCapacitor
 .text.CLOCK_HAL_SetInternalRefClkMode
                0x00002128       0x24 C:/Users/yangs/OneDrive/文档/竞赛/飞思卡尔/2016年/开发环境/SDK_1.3_MK60DN512xxx10/lib/ksdk_platform_lib/kds/K60D10/debug/libksdk_platform.a(fsl_mcg_hal.o)
 .text.CLOCK_HAL_GetInternalRefClkMode
                0x0000214c       0x24 C:/Users/yangs/OneDrive/文档/竞赛/飞思卡尔/2016年/开发环境/SDK_1.3_MK60DN512xxx10/lib/ksdk_platform_lib/kds/K60D10/debug/libksdk_platform.a(fsl_mcg_hal.o)
 .text.CLOCK_HAL_IsOsc0Stable
                0x00002170       0x30 C:/Users/yangs/OneDrive/文档/竞赛/飞思卡尔/2016年/开发环境/SDK_1.3_MK60DN512xxx10/lib/ksdk_platform_lib/kds/K60D10/debug/libksdk_platform.a(fsl_mcg_hal.o)
 .text.CLOCK_HAL_PrepareOsc
                0x000021a0       0x50 C:/Users/yangs/OneDrive/文档/竞赛/飞思卡尔/2016年/开发环境/SDK_1.3_MK60DN512xxx10/lib/ksdk_platform_lib/kds/K60D10/debug/libksdk_platform.a(fsl_mcg_hal.o)
                0x000021a0                CLOCK_HAL_PrepareOsc
 .text.CLOCK_HAL_UpdateFastClkInternalRefDiv
                0x000021f0       0xa4 C:/Users/yangs/OneDrive/文档/竞赛/飞思卡尔/2016年/开发环境/SDK_1.3_MK60DN512xxx10/lib/ksdk_platform_lib/kds/K60D10/debug/libksdk_platform.a(fsl_mcg_hal.o)
                0x000021f0                CLOCK_HAL_UpdateFastClkInternalRefDiv
 .text.CLOCK_HAL_UpdateInternalRefClk
                0x00002294       0x70 C:/Users/yangs/OneDrive/文档/竞赛/飞思卡尔/2016年/开发环境/SDK_1.3_MK60DN512xxx10/lib/ksdk_platform_lib/kds/K60D10/debug/libksdk_platform.a(fsl_mcg_hal.o)
                0x00002294                CLOCK_HAL_UpdateInternalRefClk
 .text.CLOCK_HAL_SetOsc0Mode
                0x00002304       0x58 C:/Users/yangs/OneDrive/文档/竞赛/飞思卡尔/2016年/开发环境/SDK_1.3_MK60DN512xxx10/lib/ksdk_platform_lib/kds/K60D10/debug/libksdk_platform.a(fsl_mcg_hal.o)
                0x00002304                CLOCK_HAL_SetOsc0Mode
 .text.CLOCK_HAL_GetClkOutStat
                0x0000235c       0x24 C:/Users/yangs/OneDrive/文档/竞赛/飞思卡尔/2016年/开发环境/SDK_1.3_MK60DN512xxx10/lib/ksdk_platform_lib/kds/K60D10/debug/libksdk_platform.a(fsl_mcg_hal_modes.o)
 .text.CLOCK_HAL_SetPll0EnableCmd
                0x00002380       0x28 C:/Users/yangs/OneDrive/文档/竞赛/飞思卡尔/2016年/开发环境/SDK_1.3_MK60DN512xxx10/lib/ksdk_platform_lib/kds/K60D10/debug/libksdk_platform.a(fsl_mcg_hal_modes.o)
 .text.CLOCK_HAL_IsPll0Locked
                0x000023a8       0x30 C:/Users/yangs/OneDrive/文档/竞赛/飞思卡尔/2016年/开发环境/SDK_1.3_MK60DN512xxx10/lib/ksdk_platform_lib/kds/K60D10/debug/libksdk_platform.a(fsl_mcg_hal_modes.o)
 .text.CLOCK_HAL_IsPllSelected
                0x000023d8       0x30 C:/Users/yangs/OneDrive/文档/竞赛/飞思卡尔/2016年/开发环境/SDK_1.3_MK60DN512xxx10/lib/ksdk_platform_lib/kds/K60D10/debug/libksdk_platform.a(fsl_mcg_hal_modes.o)
 .text.CLOCK_HAL_SetPbeMode
                0x00002408       0xec C:/Users/yangs/OneDrive/文档/竞赛/飞思卡尔/2016年/开发环境/SDK_1.3_MK60DN512xxx10/lib/ksdk_platform_lib/kds/K60D10/debug/libksdk_platform.a(fsl_mcg_hal_modes.o)
                0x00002408                CLOCK_HAL_SetPbeMode
 .text.GPIO_HAL_SetPinDir
                0x000024f4       0x60 C:/Users/yangs/OneDrive/文档/竞赛/飞思卡尔/2016年/开发环境/SDK_1.3_MK60DN512xxx10/lib/ksdk_platform_lib/kds/K60D10/debug/libksdk_platform.a(fsl_gpio_hal.o)
                0x000024f4                GPIO_HAL_SetPinDir
 .text.GPIO_HAL_WritePinOutput
                0x00002554       0x4c C:/Users/yangs/OneDrive/文档/竞赛/飞思卡尔/2016年/开发环境/SDK_1.3_MK60DN512xxx10/lib/ksdk_platform_lib/kds/K60D10/debug/libksdk_platform.a(fsl_gpio_hal.o)
                0x00002554                GPIO_HAL_WritePinOutput
 .text.__assert_func
                0x000025a0       0x38 d:/freescale/kds_v3/toolchain/bin/../lib/gcc/arm-none-eabi/4.8.4/../../../../arm-none-eabi/lib/armv7e-m\libg_s.a(lib_a-assert.o)
                0x000025a0                __assert_func
 .text.__errno  0x000025d8        0xc d:/freescale/kds_v3/toolchain/bin/../lib/gcc/arm-none-eabi/4.8.4/../../../../arm-none-eabi/lib/armv7e-m\libg_s.a(lib_a-errno.o)
                0x000025d8                __errno
 .text.exit     0x000025e4       0x28 d:/freescale/kds_v3/toolchain/bin/../lib/gcc/arm-none-eabi/4.8.4/../../../../arm-none-eabi/lib/armv7e-m\libg_s.a(lib_a-exit.o)
                0x000025e4                exit
 .text.fprintf  0x0000260c       0x24 d:/freescale/kds_v3/toolchain/bin/../lib/gcc/arm-none-eabi/4.8.4/../../../../arm-none-eabi/lib/armv7e-m\libg_s.a(lib_a-fprintf.o)
                0x0000260c                fiprintf
                0x0000260c                fprintf
 .text.__libc_init_array
                0x00002630       0x4c d:/freescale/kds_v3/toolchain/bin/../lib/gcc/arm-none-eabi/4.8.4/../../../../arm-none-eabi/lib/armv7e-m\libg_s.a(lib_a-init.o)
                0x00002630                __libc_init_array
 .text.memset   0x0000267c       0x10 d:/freescale/kds_v3/toolchain/bin/../lib/gcc/arm-none-eabi/4.8.4/../../../../arm-none-eabi/lib/armv7e-m\libg_s.a(lib_a-memset.o)
                0x0000267c                memset
 .text._free_r  0x0000268c       0x88 d:/freescale/kds_v3/toolchain/bin/../lib/gcc/arm-none-eabi/4.8.4/../../../../arm-none-eabi/lib/armv7e-m\libg_s.a(lib_a-nano-freer.o)
                0x0000268c                _free_r
 .text._malloc_r
                0x00002714       0xa8 d:/freescale/kds_v3/toolchain/bin/../lib/gcc/arm-none-eabi/4.8.4/../../../../arm-none-eabi/lib/armv7e-m\libg_s.a(lib_a-nano-mallocr.o)
                0x00002714                _malloc_r
 .text._sbrk_r  0x000027bc       0x20 d:/freescale/kds_v3/toolchain/bin/../lib/gcc/arm-none-eabi/4.8.4/../../../../arm-none-eabi/lib/armv7e-m\libg_s.a(lib_a-sbrkr.o)
                0x000027bc                _sbrk_r
 .text.strlen   0x000027dc       0x10 d:/freescale/kds_v3/toolchain/bin/../lib/gcc/arm-none-eabi/4.8.4/../../../../arm-none-eabi/lib/armv7e-m\libg_s.a(lib_a-strlen.o)
                0x000027dc                strlen
 .text.__sfputc_r
                0x000027ec       0x2c d:/freescale/kds_v3/toolchain/bin/../lib/gcc/arm-none-eabi/4.8.4/../../../../arm-none-eabi/lib/armv7e-m\libg_s.a(lib_a-vfprintf.o)
 .text.__sfputs_r
                0x00002818       0x24 d:/freescale/kds_v3/toolchain/bin/../lib/gcc/arm-none-eabi/4.8.4/../../../../arm-none-eabi/lib/armv7e-m\libg_s.a(lib_a-vfprintf.o)
                0x00002818                __sfputs_r
 .text._vfprintf_r
                0x0000283c      0x208 d:/freescale/kds_v3/toolchain/bin/../lib/gcc/arm-none-eabi/4.8.4/../../../../arm-none-eabi/lib/armv7e-m\libg_s.a(lib_a-vfprintf.o)
                0x0000283c                _vfprintf_r
                0x0000283c                _vfiprintf_r
 .text._printf_common
                0x00002a44       0xe4 d:/freescale/kds_v3/toolchain/bin/../lib/gcc/arm-none-eabi/4.8.4/../../../../arm-none-eabi/lib/armv7e-m\libg_s.a(lib_a-vfprintf_i.o)
                0x00002a44                _printf_common
 .text._printf_i
                0x00002b28      0x228 d:/freescale/kds_v3/toolchain/bin/../lib/gcc/arm-none-eabi/4.8.4/../../../../arm-none-eabi/lib/armv7e-m\libg_s.a(lib_a-vfprintf_i.o)
                0x00002b28                _printf_i
 .text.__swbuf_r
                0x00002d50       0xa8 d:/freescale/kds_v3/toolchain/bin/../lib/gcc/arm-none-eabi/4.8.4/../../../../arm-none-eabi/lib/armv7e-m\libg_s.a(lib_a-wbuf.o)
                0x00002d50                __swbuf_r
 .text.__swsetup_r
                0x00002df8       0xdc d:/freescale/kds_v3/toolchain/bin/../lib/gcc/arm-none-eabi/4.8.4/../../../../arm-none-eabi/lib/armv7e-m\libg_s.a(lib_a-wsetup.o)
                0x00002df8                __swsetup_r
 .text.abort    0x00002ed4        0xe d:/freescale/kds_v3/toolchain/bin/../lib/gcc/arm-none-eabi/4.8.4/../../../../arm-none-eabi/lib/armv7e-m\libg_s.a(lib_a-abort.o)
                0x00002ed4                abort
 .text.__sflush_r
                0x00002ee2      0x106 d:/freescale/kds_v3/toolchain/bin/../lib/gcc/arm-none-eabi/4.8.4/../../../../arm-none-eabi/lib/armv7e-m\libg_s.a(lib_a-fflush.o)
                0x00002ee2                __sflush_r
 .text._fflush_r
                0x00002fe8       0x54 d:/freescale/kds_v3/toolchain/bin/../lib/gcc/arm-none-eabi/4.8.4/../../../../arm-none-eabi/lib/armv7e-m\libg_s.a(lib_a-fflush.o)
                0x00002fe8                _fflush_r
 .text._cleanup_r
                0x0000303c       0x32 d:/freescale/kds_v3/toolchain/bin/../lib/gcc/arm-none-eabi/4.8.4/../../../../arm-none-eabi/lib/armv7e-m\libg_s.a(lib_a-findfp.o)
                0x0000303c                _cleanup_r
 *fill*         0x0000306e        0x2 
 .text.std.isra.0
                0x00003070       0x48 d:/freescale/kds_v3/toolchain/bin/../lib/gcc/arm-none-eabi/4.8.4/../../../../arm-none-eabi/lib/armv7e-m\libg_s.a(lib_a-findfp.o)
 .text.__sfmoreglue
                0x000030b8       0x2c d:/freescale/kds_v3/toolchain/bin/../lib/gcc/arm-none-eabi/4.8.4/../../../../arm-none-eabi/lib/armv7e-m\libg_s.a(lib_a-findfp.o)
                0x000030b8                __sfmoreglue
 .text.__sinit  0x000030e4       0x60 d:/freescale/kds_v3/toolchain/bin/../lib/gcc/arm-none-eabi/4.8.4/../../../../arm-none-eabi/lib/armv7e-m\libg_s.a(lib_a-findfp.o)
                0x000030e4                __sinit
 .text.__sfp    0x00003144       0x74 d:/freescale/kds_v3/toolchain/bin/../lib/gcc/arm-none-eabi/4.8.4/../../../../arm-none-eabi/lib/armv7e-m\libg_s.a(lib_a-findfp.o)
                0x00003144                __sfp
 .text.__smakebuf_r
                0x000031b8       0x9c d:/freescale/kds_v3/toolchain/bin/../lib/gcc/arm-none-eabi/4.8.4/../../../../arm-none-eabi/lib/armv7e-m\libg_s.a(lib_a-makebuf.o)
                0x000031b8                __smakebuf_r
 .text.memchr   0x00003254       0x1e d:/freescale/kds_v3/toolchain/bin/../lib/gcc/arm-none-eabi/4.8.4/../../../../arm-none-eabi/lib/armv7e-m\libg_s.a(lib_a-memchr-stub.o)
                0x00003254                memchr
 .text._raise_r
                0x00003272       0x50 d:/freescale/kds_v3/toolchain/bin/../lib/gcc/arm-none-eabi/4.8.4/../../../../arm-none-eabi/lib/armv7e-m\libg_s.a(lib_a-signal.o)
                0x00003272                _raise_r
 *fill*         0x000032c2        0x2 
 .text.raise    0x000032c4       0x10 d:/freescale/kds_v3/toolchain/bin/../lib/gcc/arm-none-eabi/4.8.4/../../../../arm-none-eabi/lib/armv7e-m\libg_s.a(lib_a-signal.o)
                0x000032c4                raise
 .text._kill_r  0x000032d4       0x24 d:/freescale/kds_v3/toolchain/bin/../lib/gcc/arm-none-eabi/4.8.4/../../../../arm-none-eabi/lib/armv7e-m\libg_s.a(lib_a-signalr.o)
                0x000032d4                _kill_r
 .text._getpid_r
                0x000032f8        0x4 d:/freescale/kds_v3/toolchain/bin/../lib/gcc/arm-none-eabi/4.8.4/../../../../arm-none-eabi/lib/armv7e-m\libg_s.a(lib_a-signalr.o)
                0x000032f8                _getpid_r
 .text.__sread  0x000032fc       0x22 d:/freescale/kds_v3/toolchain/bin/../lib/gcc/arm-none-eabi/4.8.4/../../../../arm-none-eabi/lib/armv7e-m\libg_s.a(lib_a-stdio.o)
                0x000032fc                __sread
 .text.__swrite
                0x0000331e       0x38 d:/freescale/kds_v3/toolchain/bin/../lib/gcc/arm-none-eabi/4.8.4/../../../../arm-none-eabi/lib/armv7e-m\libg_s.a(lib_a-stdio.o)
                0x0000331e                __swrite
 .text.__sseek  0x00003356       0x24 d:/freescale/kds_v3/toolchain/bin/../lib/gcc/arm-none-eabi/4.8.4/../../../../arm-none-eabi/lib/armv7e-m\libg_s.a(lib_a-stdio.o)
                0x00003356                __sseek
 .text.__sclose
                0x0000337a        0x8 d:/freescale/kds_v3/toolchain/bin/../lib/gcc/arm-none-eabi/4.8.4/../../../../arm-none-eabi/lib/armv7e-m\libg_s.a(lib_a-stdio.o)
                0x0000337a                __sclose
 *fill*         0x00003382        0x2 
 .text._write_r
                0x00003384       0x24 d:/freescale/kds_v3/toolchain/bin/../lib/gcc/arm-none-eabi/4.8.4/../../../../arm-none-eabi/lib/armv7e-m\libg_s.a(lib_a-writer.o)
                0x00003384                _write_r
 .text._close_r
                0x000033a8       0x20 d:/freescale/kds_v3/toolchain/bin/../lib/gcc/arm-none-eabi/4.8.4/../../../../arm-none-eabi/lib/armv7e-m\libg_s.a(lib_a-closer.o)
                0x000033a8                _close_r
 .text._fstat_r
                0x000033c8       0x24 d:/freescale/kds_v3/toolchain/bin/../lib/gcc/arm-none-eabi/4.8.4/../../../../arm-none-eabi/lib/armv7e-m\libg_s.a(lib_a-fstatr.o)
                0x000033c8                _fstat_r
 .text._isatty_r
                0x000033ec       0x20 d:/freescale/kds_v3/toolchain/bin/../lib/gcc/arm-none-eabi/4.8.4/../../../../arm-none-eabi/lib/armv7e-m\libg_s.a(lib_a-isattyr.o)
                0x000033ec                _isatty_r
 .text._lseek_r
                0x0000340c       0x24 d:/freescale/kds_v3/toolchain/bin/../lib/gcc/arm-none-eabi/4.8.4/../../../../arm-none-eabi/lib/armv7e-m\libg_s.a(lib_a-lseekr.o)
                0x0000340c                _lseek_r
 .text._read_r  0x00003430       0x24 d:/freescale/kds_v3/toolchain/bin/../lib/gcc/arm-none-eabi/4.8.4/../../../../arm-none-eabi/lib/armv7e-m\libg_s.a(lib_a-readr.o)
                0x00003430                _read_r
 .text._close   0x00003454       0x10 d:/freescale/kds_v3/toolchain/bin/../lib/gcc/arm-none-eabi/4.8.4/../../../../arm-none-eabi/lib/armv7e-m\libnosys.a(close.o)
                0x00003454                _close
 .text._fstat   0x00003464       0x10 d:/freescale/kds_v3/toolchain/bin/../lib/gcc/arm-none-eabi/4.8.4/../../../../arm-none-eabi/lib/armv7e-m\libnosys.a(fstat.o)
                0x00003464                _fstat
 .text._getpid  0x00003474       0x10 d:/freescale/kds_v3/toolchain/bin/../lib/gcc/arm-none-eabi/4.8.4/../../../../arm-none-eabi/lib/armv7e-m\libnosys.a(getpid.o)
                0x00003474                _getpid
 .text._isatty  0x00003484       0x10 d:/freescale/kds_v3/toolchain/bin/../lib/gcc/arm-none-eabi/4.8.4/../../../../arm-none-eabi/lib/armv7e-m\libnosys.a(isatty.o)
                0x00003484                _isatty
 .text._kill    0x00003494       0x10 d:/freescale/kds_v3/toolchain/bin/../lib/gcc/arm-none-eabi/4.8.4/../../../../arm-none-eabi/lib/armv7e-m\libnosys.a(kill.o)
                0x00003494                _kill
 .text._lseek   0x000034a4       0x10 d:/freescale/kds_v3/toolchain/bin/../lib/gcc/arm-none-eabi/4.8.4/../../../../arm-none-eabi/lib/armv7e-m\libnosys.a(lseek.o)
                0x000034a4                _lseek
 .text._exit    0x000034b4        0x4 d:/freescale/kds_v3/toolchain/bin/../lib/gcc/arm-none-eabi/4.8.4/../../../../arm-none-eabi/lib/armv7e-m\libnosys.a(_exit.o)
                0x000034b4                _exit
 *(.rodata)
 .rodata        0x000034b8       0x80 ./Sources/Board/board.o
 .rodata        0x00003538       0x80 ./Sources/Board/pin_mux.o
 .rodata        0x000035b8       0x1c ./Sources/main.o
 .rodata        0x000035d4      0x180 C:/Users/yangs/OneDrive/文档/竞赛/飞思卡尔/2016年/开发环境/SDK_1.3_MK60DN512xxx10/lib/ksdk_platform_lib/kds/K60D10/debug/libksdk_platform.a(fsl_pit_driver.o)
 .rodata        0x00003754       0xf0 C:/Users/yangs/OneDrive/文档/竞赛/飞思卡尔/2016年/开发环境/SDK_1.3_MK60DN512xxx10/lib/ksdk_platform_lib/kds/K60D10/debug/libksdk_platform.a(fsl_gpio_driver.o)
 .rodata        0x00003844      0x26c C:/Users/yangs/OneDrive/文档/竞赛/飞思卡尔/2016年/开发环境/SDK_1.3_MK60DN512xxx10/lib/ksdk_platform_lib/kds/K60D10/debug/libksdk_platform.a(fsl_clock_MK60D10.o)
 .rodata        0x00003ab0      0x108 C:/Users/yangs/OneDrive/文档/竞赛/飞思卡尔/2016年/开发环境/SDK_1.3_MK60DN512xxx10/lib/ksdk_platform_lib/kds/K60D10/debug/libksdk_platform.a(fsl_clock_manager.o)
 .rodata        0x00003bb8       0x88 C:/Users/yangs/OneDrive/文档/竞赛/飞思卡尔/2016年/开发环境/SDK_1.3_MK60DN512xxx10/lib/ksdk_platform_lib/kds/K60D10/debug/libksdk_platform.a(fsl_gpio_hal.o)
 *(.rodata*)
 .rodata.g_defaultClockConfigRun
                0x00003c40       0x18 ./Sources/Board/board.o
                0x00003c40                g_defaultClockConfigRun
 .rodata.__func__.6265
                0x00003c58       0x14 ./Sources/Board/board.o
 .rodata.__func__.6255
                0x00003c6c       0x14 ./Sources/Board/pin_mux.o
 .rodata.__func__.6243
                0x00003c80       0x1c ./Sources/Board/pin_mux.o
 .rodata.__func__.7898
                0x00003c9c       0x18 C:/Users/yangs/OneDrive/文档/竞赛/飞思卡尔/2016年/开发环境/SDK_1.3_MK60DN512xxx10/lib/ksdk_platform_lib/kds/K60D10/debug/libksdk_platform.a(fsl_pit_driver.o)
 .rodata.__func__.6127
                0x00003cb4       0x18 C:/Users/yangs/OneDrive/文档/竞赛/飞思卡尔/2016年/开发环境/SDK_1.3_MK60DN512xxx10/lib/ksdk_platform_lib/kds/K60D10/debug/libksdk_platform.a(fsl_pit_driver.o)
 .rodata.__func__.6139
                0x00003ccc       0x14 C:/Users/yangs/OneDrive/文档/竞赛/飞思卡尔/2016年/开发环境/SDK_1.3_MK60DN512xxx10/lib/ksdk_platform_lib/kds/K60D10/debug/libksdk_platform.a(fsl_gpio_driver.o)
 .rodata.__func__.6109
                0x00003ce0       0x14 C:/Users/yangs/OneDrive/文档/竞赛/飞思卡尔/2016年/开发环境/SDK_1.3_MK60DN512xxx10/lib/ksdk_platform_lib/kds/K60D10/debug/libksdk_platform.a(fsl_gpio_driver.o)
 .rodata.__func__.6103
                0x00003cf4       0x18 C:/Users/yangs/OneDrive/文档/竞赛/飞思卡尔/2016年/开发环境/SDK_1.3_MK60DN512xxx10/lib/ksdk_platform_lib/kds/K60D10/debug/libksdk_platform.a(fsl_gpio_driver.o)
 .rodata.__func__.6121
                0x00003d0c       0x20 C:/Users/yangs/OneDrive/文档/竞赛/飞思卡尔/2016年/开发环境/SDK_1.3_MK60DN512xxx10/lib/ksdk_platform_lib/kds/K60D10/debug/libksdk_platform.a(fsl_gpio_driver.o)
 .rodata.__func__.6151
                0x00003d2c       0x20 C:/Users/yangs/OneDrive/文档/竞赛/飞思卡尔/2016年/开发环境/SDK_1.3_MK60DN512xxx10/lib/ksdk_platform_lib/kds/K60D10/debug/libksdk_platform.a(fsl_gpio_driver.o)
 .rodata.__func__.6173
                0x00003d4c       0x18 C:/Users/yangs/OneDrive/文档/竞赛/飞思卡尔/2016年/开发环境/SDK_1.3_MK60DN512xxx10/lib/ksdk_platform_lib/kds/K60D10/debug/libksdk_platform.a(fsl_gpio_driver.o)
 .rodata.__func__.7929
                0x00003d64       0x14 C:/Users/yangs/OneDrive/文档/竞赛/飞思卡尔/2016年/开发环境/SDK_1.3_MK60DN512xxx10/lib/ksdk_platform_lib/kds/K60D10/debug/libksdk_platform.a(fsl_gpio_driver.o)
 .rodata.__func__.6115
                0x00003d78       0x1c C:/Users/yangs/OneDrive/文档/竞赛/飞思卡尔/2016年/开发环境/SDK_1.3_MK60DN512xxx10/lib/ksdk_platform_lib/kds/K60D10/debug/libksdk_platform.a(fsl_gpio_driver.o)
 .rodata.__func__.6133
                0x00003d94       0x20 C:/Users/yangs/OneDrive/文档/竞赛/飞思卡尔/2016年/开发环境/SDK_1.3_MK60DN512xxx10/lib/ksdk_platform_lib/kds/K60D10/debug/libksdk_platform.a(fsl_gpio_driver.o)
 .rodata.__func__.6127
                0x00003db4       0x1c C:/Users/yangs/OneDrive/文档/竞赛/飞思卡尔/2016年/开发环境/SDK_1.3_MK60DN512xxx10/lib/ksdk_platform_lib/kds/K60D10/debug/libksdk_platform.a(fsl_gpio_driver.o)
 .rodata.__func__.6247
                0x00003dd0       0x1c C:/Users/yangs/OneDrive/文档/竞赛/飞思卡尔/2016年/开发环境/SDK_1.3_MK60DN512xxx10/lib/ksdk_platform_lib/kds/K60D10/debug/libksdk_platform.a(fsl_gpio_driver.o)
 .rodata.portGateTable
                0x00003dec        0x8 C:/Users/yangs/OneDrive/文档/竞赛/飞思卡尔/2016年/开发环境/SDK_1.3_MK60DN512xxx10/lib/ksdk_platform_lib/kds/K60D10/debug/libksdk_platform.a(fsl_clock_MK60D10.o)
 .rodata.__func__.7804
                0x00003df4       0x1c C:/Users/yangs/OneDrive/文档/竞赛/飞思卡尔/2016年/开发环境/SDK_1.3_MK60DN512xxx10/lib/ksdk_platform_lib/kds/K60D10/debug/libksdk_platform.a(fsl_clock_MK60D10.o)
 .rodata.__func__.8093
                0x00003e10       0x14 C:/Users/yangs/OneDrive/文档/竞赛/飞思卡尔/2016年/开发环境/SDK_1.3_MK60DN512xxx10/lib/ksdk_platform_lib/kds/K60D10/debug/libksdk_platform.a(fsl_clock_manager.o)
 .rodata.__func__.8110
                0x00003e24       0x18 C:/Users/yangs/OneDrive/文档/竞赛/飞思卡尔/2016年/开发环境/SDK_1.3_MK60DN512xxx10/lib/ksdk_platform_lib/kds/K60D10/debug/libksdk_platform.a(fsl_clock_manager.o)
 .rodata.g_oscBase
                0x00003e3c        0x4 C:/Users/yangs/OneDrive/文档/竞赛/飞思卡尔/2016年/开发环境/SDK_1.3_MK60DN512xxx10/lib/ksdk_platform_lib/kds/K60D10/debug/libksdk_platform.a(fsl_clock_manager_common.o)
                0x00003e3c                g_oscBase
 .rodata.g_pitBase
                0x00003e40        0x4 C:/Users/yangs/OneDrive/文档/竞赛/飞思卡尔/2016年/开发环境/SDK_1.3_MK60DN512xxx10/lib/ksdk_platform_lib/kds/K60D10/debug/libksdk_platform.a(fsl_pit_common.o)
                0x00003e40                g_pitBase
 .rodata.__func__.6137
                0x00003e44       0x14 C:/Users/yangs/OneDrive/文档/竞赛/飞思卡尔/2016年/开发环境/SDK_1.3_MK60DN512xxx10/lib/ksdk_platform_lib/kds/K60D10/debug/libksdk_platform.a(fsl_gpio_hal.o)
 .rodata.__func__.6143
                0x00003e58       0x18 C:/Users/yangs/OneDrive/文档/竞赛/飞思卡尔/2016年/开发环境/SDK_1.3_MK60DN512xxx10/lib/ksdk_platform_lib/kds/K60D10/debug/libksdk_platform.a(fsl_gpio_hal.o)
 .rodata.g_gpioBase
                0x00003e70       0x14 C:/Users/yangs/OneDrive/文档/竞赛/飞思卡尔/2016年/开发环境/SDK_1.3_MK60DN512xxx10/lib/ksdk_platform_lib/kds/K60D10/debug/libksdk_platform.a(fsl_gpio_common.o)
                0x00003e70                g_gpioBase
 .rodata.g_portBase
                0x00003e84       0x14 C:/Users/yangs/OneDrive/文档/竞赛/飞思卡尔/2016年/开发环境/SDK_1.3_MK60DN512xxx10/lib/ksdk_platform_lib/kds/K60D10/debug/libksdk_platform.a(fsl_gpio_common.o)
                0x00003e84                g_portBase
 .rodata.g_portIrqId
                0x00003e98        0x8 C:/Users/yangs/OneDrive/文档/竞赛/飞思卡尔/2016年/开发环境/SDK_1.3_MK60DN512xxx10/lib/ksdk_platform_lib/kds/K60D10/debug/libksdk_platform.a(fsl_gpio_common.o)
                0x00003e98                g_portIrqId
 .rodata.str1.1
                0x00003ea0       0x3c d:/freescale/kds_v3/toolchain/bin/../lib/gcc/arm-none-eabi/4.8.4/../../../../arm-none-eabi/lib/armv7e-m\libg_s.a(lib_a-assert.o)
                                 0x3d (size before relaxing)
 .rodata.str1.1
                0x00003edc        0x2 d:/freescale/kds_v3/toolchain/bin/../lib/gcc/arm-none-eabi/4.8.4/../../../../arm-none-eabi/lib/armv7e-m\libg_s.a(lib_a-impure.o)
 *fill*         0x00003ede        0x2 
 .rodata._global_impure_ptr
                0x00003ee0        0x4 d:/freescale/kds_v3/toolchain/bin/../lib/gcc/arm-none-eabi/4.8.4/../../../../arm-none-eabi/lib/armv7e-m\libg_s.a(lib_a-impure.o)
                0x00003ee0                _global_impure_ptr
 .rodata.str1.1
                0x00003ee4       0x11 d:/freescale/kds_v3/toolchain/bin/../lib/gcc/arm-none-eabi/4.8.4/../../../../arm-none-eabi/lib/armv7e-m\libg_s.a(lib_a-vfprintf.o)
 .rodata.str1.1
                0x00003ef5       0x22 d:/freescale/kds_v3/toolchain/bin/../lib/gcc/arm-none-eabi/4.8.4/../../../../arm-none-eabi/lib/armv7e-m\libg_s.a(lib_a-vfprintf_i.o)
 *fill*         0x00003f17        0x1 
 .rodata.__sf_fake_stdin
                0x00003f18       0x20 d:/freescale/kds_v3/toolchain/bin/../lib/gcc/arm-none-eabi/4.8.4/../../../../arm-none-eabi/lib/armv7e-m\libg_s.a(lib_a-findfp.o)
                0x00003f18                __sf_fake_stdin
 .rodata.__sf_fake_stdout
                0x00003f38       0x20 d:/freescale/kds_v3/toolchain/bin/../lib/gcc/arm-none-eabi/4.8.4/../../../../arm-none-eabi/lib/armv7e-m\libg_s.a(lib_a-findfp.o)
                0x00003f38                __sf_fake_stdout
 .rodata.__sf_fake_stderr
                0x00003f58       0x20 d:/freescale/kds_v3/toolchain/bin/../lib/gcc/arm-none-eabi/4.8.4/../../../../arm-none-eabi/lib/armv7e-m\libg_s.a(lib_a-findfp.o)
                0x00003f58                __sf_fake_stderr
 *(.glue_7)
 .glue_7        0x00000000        0x0 linker stubs
 *(.glue_7t)
 .glue_7t       0x00000000        0x0 linker stubs
 *(.eh_frame)
 .eh_frame      0x00003f78        0x0 d:/freescale/kds_v3/toolchain/bin/../lib/gcc/arm-none-eabi/4.8.4/armv7e-m/crtbegin.o
 *(.init)
 .init          0x00003f78        0x4 d:/freescale/kds_v3/toolchain/bin/../lib/gcc/arm-none-eabi/4.8.4/armv7e-m/crti.o
                0x00003f78                _init
 .init          0x00003f7c        0x8 d:/freescale/kds_v3/toolchain/bin/../lib/gcc/arm-none-eabi/4.8.4/armv7e-m/crtn.o
 *(.fini)
 .fini          0x00003f84        0x4 d:/freescale/kds_v3/toolchain/bin/../lib/gcc/arm-none-eabi/4.8.4/armv7e-m/crti.o
                0x00003f84                _fini
 .fini          0x00003f88        0x8 d:/freescale/kds_v3/toolchain/bin/../lib/gcc/arm-none-eabi/4.8.4/armv7e-m/crtn.o
                0x00003f90                . = ALIGN (0x4)

.vfp11_veneer   0x00003f90        0x0
 .vfp11_veneer  0x00000000        0x0 linker stubs

.v4_bx          0x00003f90        0x0
 .v4_bx         0x00000000        0x0 linker stubs

.iplt           0x00003f90        0x0
 .iplt          0x00000000        0x0 d:/freescale/kds_v3/toolchain/bin/../lib/gcc/arm-none-eabi/4.8.4/armv7e-m/crtbegin.o

.ARM.extab
 *(.ARM.extab* .gnu.linkonce.armextab.*)

.ARM            0x00003f90        0x8
                0x00003f90                __exidx_start = .
 *(.ARM.exidx*)
 .ARM.exidx     0x00003f90        0x8 d:/freescale/kds_v3/toolchain/bin/../lib/gcc/arm-none-eabi/4.8.4/../../../../arm-none-eabi/lib/armv7e-m/crt0.o
                0x00003f98                __exidx_end = .

.rel.dyn        0x00003f98        0x0
 .rel.iplt      0x00000000        0x0 d:/freescale/kds_v3/toolchain/bin/../lib/gcc/arm-none-eabi/4.8.4/armv7e-m/crtbegin.o

.ctors          0x00003f98        0x0
                0x00003f98                __CTOR_LIST__ = .
 *crtbegin.o(.ctors)
 *crtbegin?.o(.ctors)
 *(EXCLUDE_FILE(*crtend.o *crtend?.o) .ctors)
 *(SORT(.ctors.*))
 *(.ctors)
                0x00003f98                __CTOR_END__ = .

.dtors          0x00003f98        0x0
                0x00003f98                __DTOR_LIST__ = .
 *crtbegin.o(.dtors)
 *crtbegin?.o(.dtors)
 *(EXCLUDE_FILE(*crtend.o *crtend?.o) .dtors)
 *(SORT(.dtors.*))
 *(.dtors)
                0x00003f98                __DTOR_END__ = .

.preinit_array  0x00003f98        0x0
                0x00003f98                PROVIDE (__preinit_array_start, .)
 *(.preinit_array*)
                0x00003f98                PROVIDE (__preinit_array_end, .)

.init_array     0x00003f98        0x4
                0x00003f98                PROVIDE (__init_array_start, .)
 *(SORT(.init_array.*))
 *(.init_array*)
 .init_array    0x00003f98        0x4 d:/freescale/kds_v3/toolchain/bin/../lib/gcc/arm-none-eabi/4.8.4/armv7e-m/crtbegin.o
                0x00003f9c                PROVIDE (__init_array_end, .)

.fini_array     0x00003f9c        0x4
                0x00003f9c                PROVIDE (__fini_array_start, .)
 *(SORT(.fini_array.*))
 *(.fini_array*)
 .fini_array    0x00003f9c        0x4 d:/freescale/kds_v3/toolchain/bin/../lib/gcc/arm-none-eabi/4.8.4/armv7e-m/crtbegin.o
                0x00003fa0                PROVIDE (__fini_array_end, .)
                0x00003fa0                __etext = .
                0x00003fa0                __DATA_ROM = .

.interrupts_ram
                0x1fff0000        0x0
                0x1fff0000                . = ALIGN (0x4)
                0x1fff0000                __VECTOR_RAM__ = .
                0x1fff0000                __interrupts_ram_start__ = .
 *(.m_interrupts_ram)
                0x1fff0000                . = (. + M_VECTOR_RAM_SIZE)
                0x1fff0000                . = ALIGN (0x4)
                0x1fff0000                __interrupts_ram_end__ = .
                0x00000000                __VECTOR_RAM = DEFINED (__ram_vector_table__)?__VECTOR_RAM__:ORIGIN (m_interrupts)
                0x00000000                __RAM_VECTOR_TABLE_SIZE_BYTES = DEFINED (__ram_vector_table__)?(__interrupts_ram_end__ - __interrupts_ram_start__):0x0

.data           0x1fff0000       0xcc load address 0x00003fa0
                0x1fff0000                . = ALIGN (0x4)
                0x1fff0000                __DATA_RAM = .
                0x1fff0000                __data_start__ = .
 *(.data)
 *(.data*)
 .data.inputPins
                0x1fff0000       0x48 ./Sources/Board/gpio_pins.o
                0x1fff0000                inputPins
 .data.outputPins
                0x1fff0048       0x18 ./Sources/Board/gpio_pins.o
                0x1fff0048                outputPins
 .data.SystemCoreClock
                0x1fff0060        0x4 ./Project_Settings/Startup_Code/system_MK60D10.o
                0x1fff0060                SystemCoreClock
 .data.impure_data
                0x1fff0064       0x60 d:/freescale/kds_v3/toolchain/bin/../lib/gcc/arm-none-eabi/4.8.4/../../../../arm-none-eabi/lib/armv7e-m\libg_s.a(lib_a-impure.o)
 .data._impure_ptr
                0x1fff00c4        0x4 d:/freescale/kds_v3/toolchain/bin/../lib/gcc/arm-none-eabi/4.8.4/../../../../arm-none-eabi/lib/armv7e-m\libg_s.a(lib_a-impure.o)
                0x1fff00c4                _impure_ptr
 *(.jcr*)
 .jcr           0x1fff00c8        0x0 d:/freescale/kds_v3/toolchain/bin/../lib/gcc/arm-none-eabi/4.8.4/armv7e-m/crtbegin.o
 .jcr           0x1fff00c8        0x4 d:/freescale/kds_v3/toolchain/bin/../lib/gcc/arm-none-eabi/4.8.4/armv7e-m/crtend.o
                0x1fff00cc                . = ALIGN (0x4)
                0x1fff00cc                __data_end__ = .
                0x0000406c                __DATA_END = (__DATA_ROM + (__data_end__ - __data_start__))
                0x00080000                text_end = (ORIGIN (m_text) + 0x7fbf0)
                0x00000001                ASSERT ((__DATA_END <= text_end), region m_text overflowed with text and data)

.igot.plt       0x1fff00cc        0x0 load address 0x0000406c
 .igot.plt      0x00000000        0x0 d:/freescale/kds_v3/toolchain/bin/../lib/gcc/arm-none-eabi/4.8.4/armv7e-m/crtbegin.o

.bss            0x1fff00cc       0x48 load address 0x0000406c
                0x1fff00cc                . = ALIGN (0x4)
                0x1fff00cc                __START_BSS = .
                0x1fff00cc                __bss_start__ = .
 *(.bss)
 .bss           0x1fff00cc       0x1c d:/freescale/kds_v3/toolchain/bin/../lib/gcc/arm-none-eabi/4.8.4/armv7e-m/crtbegin.o
 *(.bss*)
 .bss.s_debugConsole
                0x1fff00e8       0x10 ./Sources/Utilities/fsl_debug_console.o
 .bss.heap_end.5138
                0x1fff00f8        0x4 ./Sources/Utilities/fsl_misc_utilities.o
 .bss.i.9001    0x1fff00fc        0x1 ./Sources/main.o
 *fill*         0x1fff00fd        0x3 
 .bss.g_xtal0ClkFreq
                0x1fff0100        0x4 C:/Users/yangs/OneDrive/文档/竞赛/飞思卡尔/2016年/开发环境/SDK_1.3_MK60DN512xxx10/lib/ksdk_platform_lib/kds/K60D10/debug/libksdk_platform.a(fsl_mcg_hal.o)
                0x1fff0100                g_xtal0ClkFreq
 .bss.g_xtalRtcClkFreq
                0x1fff0104        0x4 C:/Users/yangs/OneDrive/文档/竞赛/飞思卡尔/2016年/开发环境/SDK_1.3_MK60DN512xxx10/lib/ksdk_platform_lib/kds/K60D10/debug/libksdk_platform.a(fsl_mcg_hal.o)
                0x1fff0104                g_xtalRtcClkFreq
 .bss.__malloc_sbrk_start
                0x1fff0108        0x4 d:/freescale/kds_v3/toolchain/bin/../lib/gcc/arm-none-eabi/4.8.4/../../../../arm-none-eabi/lib/armv7e-m\libg_s.a(lib_a-nano-mallocr.o)
                0x1fff0108                __malloc_sbrk_start
 .bss.__malloc_free_list
                0x1fff010c        0x4 d:/freescale/kds_v3/toolchain/bin/../lib/gcc/arm-none-eabi/4.8.4/../../../../arm-none-eabi/lib/armv7e-m\libg_s.a(lib_a-nano-mallocr.o)
                0x1fff010c                __malloc_free_list
 *(COMMON)
 COMMON         0x1fff0110        0x4 d:/freescale/kds_v3/toolchain/bin/../lib/gcc/arm-none-eabi/4.8.4/../../../../arm-none-eabi/lib/armv7e-m\libg_s.a(lib_a-reent.o)
                0x1fff0110                errno
                0x1fff0114                . = ALIGN (0x4)
                0x1fff0114                __bss_end__ = .
                0x1fff0114                __END_BSS = .

.heap           0x20000000      0x400
                0x20000000                . = ALIGN (0x8)
                0x20000000                __end__ = .
                0x20000000                PROVIDE (end, .)
                0x20000000                __HeapBase = .
                0x20000400                . = (. + HEAP_SIZE)
 *fill*         0x20000000      0x400 
                0x20000400                __HeapLimit = .

.stack          0x20000400      0x400
                0x20000400                . = ALIGN (0x8)
                0x20000800                . = (. + STACK_SIZE)
 *fill*         0x20000400      0x400 
                0x20010000                __StackTop = (ORIGIN (m_data_2) + 0x10000)
                0x2000fc00                __StackLimit = (__StackTop - STACK_SIZE)
                0x20010000                PROVIDE (__stack, __StackTop)

.ARM.attributes
                0x00000000       0x2a
 *(.ARM.attributes)
 .ARM.attributes
                0x00000000       0x1e d:/freescale/kds_v3/toolchain/bin/../lib/gcc/arm-none-eabi/4.8.4/armv7e-m/crti.o
 .ARM.attributes
                0x0000001e       0x2e d:/freescale/kds_v3/toolchain/bin/../lib/gcc/arm-none-eabi/4.8.4/armv7e-m/crtbegin.o
 .ARM.attributes
                0x0000004c       0x1c d:/freescale/kds_v3/toolchain/bin/../lib/gcc/arm-none-eabi/4.8.4/../../../../arm-none-eabi/lib/armv7e-m/crt0.o
 .ARM.attributes
                0x00000068       0x33 ./Sources/Utilities/fsl_debug_console.o
 .ARM.attributes
                0x0000009b       0x33 ./Sources/Utilities/fsl_misc_utilities.o
 .ARM.attributes
                0x000000ce       0x33 ./Sources/Utilities/print_scan.o
 .ARM.attributes
                0x00000101       0x33 ./Sources/Board/Hardware_init.o
 .ARM.attributes
                0x00000134       0x33 ./Sources/Board/board.o
 .ARM.attributes
                0x00000167       0x33 ./Sources/Board/gpio_pins.o
 .ARM.attributes
                0x0000019a       0x33 ./Sources/Board/pin_mux.o
 .ARM.attributes
                0x000001cd       0x33 ./Sources/main.o
 .ARM.attributes
                0x00000200       0x33 ./Project_Settings/Startup_Code/startup.o
 .ARM.attributes
                0x00000233       0x1b ./Project_Settings/Startup_Code/startup_MK60D10.o
 .ARM.attributes
                0x0000024e       0x33 ./Project_Settings/Startup_Code/system_MK60D10.o
 .ARM.attributes
                0x00000281       0x33 C:/Users/yangs/OneDrive/文档/竞赛/飞思卡尔/2016年/开发环境/SDK_1.3_MK60DN512xxx10/lib/ksdk_platform_lib/kds/K60D10/debug/libksdk_platform.a(fsl_pit_driver.o)
 .ARM.attributes
                0x000002b4       0x33 C:/Users/yangs/OneDrive/文档/竞赛/飞思卡尔/2016年/开发环境/SDK_1.3_MK60DN512xxx10/lib/ksdk_platform_lib/kds/K60D10/debug/libksdk_platform.a(fsl_gpio_driver.o)
 .ARM.attributes
                0x000002e7       0x33 C:/Users/yangs/OneDrive/文档/竞赛/飞思卡尔/2016年/开发环境/SDK_1.3_MK60DN512xxx10/lib/ksdk_platform_lib/kds/K60D10/debug/libksdk_platform.a(fsl_clock_MK60D10.o)
 .ARM.attributes
                0x0000031a       0x33 C:/Users/yangs/OneDrive/文档/竞赛/飞思卡尔/2016年/开发环境/SDK_1.3_MK60DN512xxx10/lib/ksdk_platform_lib/kds/K60D10/debug/libksdk_platform.a(fsl_clock_manager.o)
 .ARM.attributes
                0x0000034d       0x33 C:/Users/yangs/OneDrive/文档/竞赛/飞思卡尔/2016年/开发环境/SDK_1.3_MK60DN512xxx10/lib/ksdk_platform_lib/kds/K60D10/debug/libksdk_platform.a(fsl_clock_manager_common.o)
 .ARM.attributes
                0x00000380       0x33 C:/Users/yangs/OneDrive/文档/竞赛/飞思卡尔/2016年/开发环境/SDK_1.3_MK60DN512xxx10/lib/ksdk_platform_lib/kds/K60D10/debug/libksdk_platform.a(fsl_sim_hal_MK60D10.o)
 .ARM.attributes
                0x000003b3       0x33 C:/Users/yangs/OneDrive/文档/竞赛/飞思卡尔/2016年/开发环境/SDK_1.3_MK60DN512xxx10/lib/ksdk_platform_lib/kds/K60D10/debug/libksdk_platform.a(fsl_pit_common.o)
 .ARM.attributes
                0x000003e6       0x33 C:/Users/yangs/OneDrive/文档/竞赛/飞思卡尔/2016年/开发环境/SDK_1.3_MK60DN512xxx10/lib/ksdk_platform_lib/kds/K60D10/debug/libksdk_platform.a(fsl_osc_hal.o)
 .ARM.attributes
                0x00000419       0x33 C:/Users/yangs/OneDrive/文档/竞赛/飞思卡尔/2016年/开发环境/SDK_1.3_MK60DN512xxx10/lib/ksdk_platform_lib/kds/K60D10/debug/libksdk_platform.a(fsl_mcg_hal.o)
 .ARM.attributes
                0x0000044c       0x33 C:/Users/yangs/OneDrive/文档/竞赛/飞思卡尔/2016年/开发环境/SDK_1.3_MK60DN512xxx10/lib/ksdk_platform_lib/kds/K60D10/debug/libksdk_platform.a(fsl_mcg_hal_modes.o)
 .ARM.attributes
                0x0000047f       0x33 C:/Users/yangs/OneDrive/文档/竞赛/飞思卡尔/2016年/开发环境/SDK_1.3_MK60DN512xxx10/lib/ksdk_platform_lib/kds/K60D10/debug/libksdk_platform.a(fsl_gpio_hal.o)
 .ARM.attributes
                0x000004b2       0x33 C:/Users/yangs/OneDrive/文档/竞赛/飞思卡尔/2016年/开发环境/SDK_1.3_MK60DN512xxx10/lib/ksdk_platform_lib/kds/K60D10/debug/libksdk_platform.a(fsl_gpio_common.o)
 .ARM.attributes
                0x000004e5       0x2e d:/freescale/kds_v3/toolchain/bin/../lib/gcc/arm-none-eabi/4.8.4/../../../../arm-none-eabi/lib/armv7e-m\libg_s.a(lib_a-assert.o)
 .ARM.attributes
                0x00000513       0x2e d:/freescale/kds_v3/toolchain/bin/../lib/gcc/arm-none-eabi/4.8.4/../../../../arm-none-eabi/lib/armv7e-m\libg_s.a(lib_a-errno.o)
 .ARM.attributes
                0x00000541       0x2e d:/freescale/kds_v3/toolchain/bin/../lib/gcc/arm-none-eabi/4.8.4/../../../../arm-none-eabi/lib/armv7e-m\libg_s.a(lib_a-exit.o)
 .ARM.attributes
                0x0000056f       0x2e d:/freescale/kds_v3/toolchain/bin/../lib/gcc/arm-none-eabi/4.8.4/../../../../arm-none-eabi/lib/armv7e-m\libg_s.a(lib_a-fprintf.o)
 .ARM.attributes
                0x0000059d       0x2e d:/freescale/kds_v3/toolchain/bin/../lib/gcc/arm-none-eabi/4.8.4/../../../../arm-none-eabi/lib/armv7e-m\libg_s.a(lib_a-impure.o)
 .ARM.attributes
                0x000005cb       0x2e d:/freescale/kds_v3/toolchain/bin/../lib/gcc/arm-none-eabi/4.8.4/../../../../arm-none-eabi/lib/armv7e-m\libg_s.a(lib_a-init.o)
 .ARM.attributes
                0x000005f9       0x2e d:/freescale/kds_v3/toolchain/bin/../lib/gcc/arm-none-eabi/4.8.4/../../../../arm-none-eabi/lib/armv7e-m\libg_s.a(lib_a-memset.o)
 .ARM.attributes
                0x00000627       0x2e d:/freescale/kds_v3/toolchain/bin/../lib/gcc/arm-none-eabi/4.8.4/../../../../arm-none-eabi/lib/armv7e-m\libg_s.a(lib_a-nano-freer.o)
 .ARM.attributes
                0x00000655       0x2e d:/freescale/kds_v3/toolchain/bin/../lib/gcc/arm-none-eabi/4.8.4/../../../../arm-none-eabi/lib/armv7e-m\libg_s.a(lib_a-nano-mallocr.o)
 .ARM.attributes
                0x00000683       0x2e d:/freescale/kds_v3/toolchain/bin/../lib/gcc/arm-none-eabi/4.8.4/../../../../arm-none-eabi/lib/armv7e-m\libg_s.a(lib_a-sbrkr.o)
 .ARM.attributes
                0x000006b1       0x2e d:/freescale/kds_v3/toolchain/bin/../lib/gcc/arm-none-eabi/4.8.4/../../../../arm-none-eabi/lib/armv7e-m\libg_s.a(lib_a-strlen.o)
 .ARM.attributes
                0x000006df       0x2e d:/freescale/kds_v3/toolchain/bin/../lib/gcc/arm-none-eabi/4.8.4/../../../../arm-none-eabi/lib/armv7e-m\libg_s.a(lib_a-vfprintf.o)
 .ARM.attributes
                0x0000070d       0x2e d:/freescale/kds_v3/toolchain/bin/../lib/gcc/arm-none-eabi/4.8.4/../../../../arm-none-eabi/lib/armv7e-m\libg_s.a(lib_a-vfprintf_i.o)
 .ARM.attributes
                0x0000073b       0x2e d:/freescale/kds_v3/toolchain/bin/../lib/gcc/arm-none-eabi/4.8.4/../../../../arm-none-eabi/lib/armv7e-m\libg_s.a(lib_a-wbuf.o)
 .ARM.attributes
                0x00000769       0x2e d:/freescale/kds_v3/toolchain/bin/../lib/gcc/arm-none-eabi/4.8.4/../../../../arm-none-eabi/lib/armv7e-m\libg_s.a(lib_a-wsetup.o)
 .ARM.attributes
                0x00000797       0x2e d:/freescale/kds_v3/toolchain/bin/../lib/gcc/arm-none-eabi/4.8.4/../../../../arm-none-eabi/lib/armv7e-m\libg_s.a(lib_a-abort.o)
 .ARM.attributes
                0x000007c5       0x2e d:/freescale/kds_v3/toolchain/bin/../lib/gcc/arm-none-eabi/4.8.4/../../../../arm-none-eabi/lib/armv7e-m\libg_s.a(lib_a-fflush.o)
 .ARM.attributes
                0x000007f3       0x2e d:/freescale/kds_v3/toolchain/bin/../lib/gcc/arm-none-eabi/4.8.4/../../../../arm-none-eabi/lib/armv7e-m\libg_s.a(lib_a-findfp.o)
 .ARM.attributes
                0x00000821       0x2e d:/freescale/kds_v3/toolchain/bin/../lib/gcc/arm-none-eabi/4.8.4/../../../../arm-none-eabi/lib/armv7e-m\libg_s.a(lib_a-makebuf.o)
 .ARM.attributes
                0x0000084f       0x2e d:/freescale/kds_v3/toolchain/bin/../lib/gcc/arm-none-eabi/4.8.4/../../../../arm-none-eabi/lib/armv7e-m\libg_s.a(lib_a-memchr-stub.o)
 .ARM.attributes
                0x0000087d       0x2e d:/freescale/kds_v3/toolchain/bin/../lib/gcc/arm-none-eabi/4.8.4/../../../../arm-none-eabi/lib/armv7e-m\libg_s.a(lib_a-reent.o)
 .ARM.attributes
                0x000008ab       0x2e d:/freescale/kds_v3/toolchain/bin/../lib/gcc/arm-none-eabi/4.8.4/../../../../arm-none-eabi/lib/armv7e-m\libg_s.a(lib_a-signal.o)
 .ARM.attributes
                0x000008d9       0x2e d:/freescale/kds_v3/toolchain/bin/../lib/gcc/arm-none-eabi/4.8.4/../../../../arm-none-eabi/lib/armv7e-m\libg_s.a(lib_a-signalr.o)
 .ARM.attributes
                0x00000907       0x2e d:/freescale/kds_v3/toolchain/bin/../lib/gcc/arm-none-eabi/4.8.4/../../../../arm-none-eabi/lib/armv7e-m\libg_s.a(lib_a-stdio.o)
 .ARM.attributes
                0x00000935       0x2e d:/freescale/kds_v3/toolchain/bin/../lib/gcc/arm-none-eabi/4.8.4/../../../../arm-none-eabi/lib/armv7e-m\libg_s.a(lib_a-writer.o)
 .ARM.attributes
                0x00000963       0x2e d:/freescale/kds_v3/toolchain/bin/../lib/gcc/arm-none-eabi/4.8.4/../../../../arm-none-eabi/lib/armv7e-m\libg_s.a(lib_a-closer.o)
 .ARM.attributes
                0x00000991       0x2e d:/freescale/kds_v3/toolchain/bin/../lib/gcc/arm-none-eabi/4.8.4/../../../../arm-none-eabi/lib/armv7e-m\libg_s.a(lib_a-fstatr.o)
 .ARM.attributes
                0x000009bf       0x2e d:/freescale/kds_v3/toolchain/bin/../lib/gcc/arm-none-eabi/4.8.4/../../../../arm-none-eabi/lib/armv7e-m\libg_s.a(lib_a-isattyr.o)
 .ARM.attributes
                0x000009ed       0x2e d:/freescale/kds_v3/toolchain/bin/../lib/gcc/arm-none-eabi/4.8.4/../../../../arm-none-eabi/lib/armv7e-m\libg_s.a(lib_a-lseekr.o)
 .ARM.attributes
                0x00000a1b       0x2e d:/freescale/kds_v3/toolchain/bin/../lib/gcc/arm-none-eabi/4.8.4/../../../../arm-none-eabi/lib/armv7e-m\libg_s.a(lib_a-readr.o)
 .ARM.attributes
                0x00000a49       0x2e d:/freescale/kds_v3/toolchain/bin/../lib/gcc/arm-none-eabi/4.8.4/../../../../arm-none-eabi/lib/armv7e-m\libnosys.a(close.o)
 .ARM.attributes
                0x00000a77       0x2e d:/freescale/kds_v3/toolchain/bin/../lib/gcc/arm-none-eabi/4.8.4/../../../../arm-none-eabi/lib/armv7e-m\libnosys.a(fstat.o)
 .ARM.attributes
                0x00000aa5       0x2e d:/freescale/kds_v3/toolchain/bin/../lib/gcc/arm-none-eabi/4.8.4/../../../../arm-none-eabi/lib/armv7e-m\libnosys.a(getpid.o)
 .ARM.attributes
                0x00000ad3       0x2e d:/freescale/kds_v3/toolchain/bin/../lib/gcc/arm-none-eabi/4.8.4/../../../../arm-none-eabi/lib/armv7e-m\libnosys.a(isatty.o)
 .ARM.attributes
                0x00000b01       0x2e d:/freescale/kds_v3/toolchain/bin/../lib/gcc/arm-none-eabi/4.8.4/../../../../arm-none-eabi/lib/armv7e-m\libnosys.a(kill.o)
 .ARM.attributes
                0x00000b2f       0x2e d:/freescale/kds_v3/toolchain/bin/../lib/gcc/arm-none-eabi/4.8.4/../../../../arm-none-eabi/lib/armv7e-m\libnosys.a(lseek.o)
 .ARM.attributes
                0x00000b5d       0x2e d:/freescale/kds_v3/toolchain/bin/../lib/gcc/arm-none-eabi/4.8.4/../../../../arm-none-eabi/lib/armv7e-m\libnosys.a(_exit.o)
 .ARM.attributes
                0x00000b8b       0x2e d:/freescale/kds_v3/toolchain/bin/../lib/gcc/arm-none-eabi/4.8.4/armv7e-m/crtend.o
 .ARM.attributes
                0x00000bb9       0x1e d:/freescale/kds_v3/toolchain/bin/../lib/gcc/arm-none-eabi/4.8.4/armv7e-m/crtn.o
                0x00000001                ASSERT ((__StackLimit >= __HeapLimit), region m_data_2 overflowed with stack and heap)
OUTPUT(Hardware_test.elf elf32-littlearm)

.debug_info     0x00000000     0xbd14
 .debug_info    0x00000000      0x9be ./Sources/Utilities/fsl_debug_console.o
 .debug_info    0x000009be      0x172 ./Sources/Utilities/fsl_misc_utilities.o
 .debug_info    0x00000b30      0x5e9 ./Sources/Utilities/print_scan.o
 .debug_info    0x00001119      0x425 ./Sources/Board/Hardware_init.o
 .debug_info    0x0000153e      0x971 ./Sources/Board/board.o
 .debug_info    0x00001eaf      0x33d ./Sources/Board/gpio_pins.o
 .debug_info    0x000021ec      0x37d ./Sources/Board/pin_mux.o
 .debug_info    0x00002569      0x222 ./Sources/main.o
 .debug_info    0x0000278b      0x3a7 ./Project_Settings/Startup_Code/startup.o
 .debug_info    0x00002b32       0x90 ./Project_Settings/Startup_Code/startup_MK60D10.o
 .debug_info    0x00002bc2      0x4a4 ./Project_Settings/Startup_Code/system_MK60D10.o
 .debug_info    0x00003066     0x1545 C:/Users/yangs/OneDrive/文档/竞赛/飞思卡尔/2016年/开发环境/SDK_1.3_MK60DN512xxx10/lib/ksdk_platform_lib/kds/K60D10/debug/libksdk_platform.a(fsl_pit_driver.o)
 .debug_info    0x000045ab     0x12b2 C:/Users/yangs/OneDrive/文档/竞赛/飞思卡尔/2016年/开发环境/SDK_1.3_MK60DN512xxx10/lib/ksdk_platform_lib/kds/K60D10/debug/libksdk_platform.a(fsl_gpio_driver.o)
 .debug_info    0x0000585d     0x1abb C:/Users/yangs/OneDrive/文档/竞赛/飞思卡尔/2016年/开发环境/SDK_1.3_MK60DN512xxx10/lib/ksdk_platform_lib/kds/K60D10/debug/libksdk_platform.a(fsl_clock_MK60D10.o)
 .debug_info    0x00007318     0x1711 C:/Users/yangs/OneDrive/文档/竞赛/飞思卡尔/2016年/开发环境/SDK_1.3_MK60DN512xxx10/lib/ksdk_platform_lib/kds/K60D10/debug/libksdk_platform.a(fsl_clock_manager.o)
 .debug_info    0x00008a29      0x457 C:/Users/yangs/OneDrive/文档/竞赛/飞思卡尔/2016年/开发环境/SDK_1.3_MK60DN512xxx10/lib/ksdk_platform_lib/kds/K60D10/debug/libksdk_platform.a(fsl_clock_manager_common.o)
 .debug_info    0x00008e80      0xcdb C:/Users/yangs/OneDrive/文档/竞赛/飞思卡尔/2016年/开发环境/SDK_1.3_MK60DN512xxx10/lib/ksdk_platform_lib/kds/K60D10/debug/libksdk_platform.a(fsl_sim_hal_MK60D10.o)
 .debug_info    0x00009b5b      0x48b C:/Users/yangs/OneDrive/文档/竞赛/飞思卡尔/2016年/开发环境/SDK_1.3_MK60DN512xxx10/lib/ksdk_platform_lib/kds/K60D10/debug/libksdk_platform.a(fsl_pit_common.o)
 .debug_info    0x00009fe6      0x10b C:/Users/yangs/OneDrive/文档/竞赛/飞思卡尔/2016年/开发环境/SDK_1.3_MK60DN512xxx10/lib/ksdk_platform_lib/kds/K60D10/debug/libksdk_platform.a(fsl_osc_hal.o)
 .debug_info    0x0000a0f1      0xc74 C:/Users/yangs/OneDrive/文档/竞赛/飞思卡尔/2016年/开发环境/SDK_1.3_MK60DN512xxx10/lib/ksdk_platform_lib/kds/K60D10/debug/libksdk_platform.a(fsl_mcg_hal.o)
 .debug_info    0x0000ad65      0x870 C:/Users/yangs/OneDrive/文档/竞赛/飞思卡尔/2016年/开发环境/SDK_1.3_MK60DN512xxx10/lib/ksdk_platform_lib/kds/K60D10/debug/libksdk_platform.a(fsl_mcg_hal_modes.o)
 .debug_info    0x0000b5d5      0x201 C:/Users/yangs/OneDrive/文档/竞赛/飞思卡尔/2016年/开发环境/SDK_1.3_MK60DN512xxx10/lib/ksdk_platform_lib/kds/K60D10/debug/libksdk_platform.a(fsl_gpio_hal.o)
 .debug_info    0x0000b7d6      0x53e C:/Users/yangs/OneDrive/文档/竞赛/飞思卡尔/2016年/开发环境/SDK_1.3_MK60DN512xxx10/lib/ksdk_platform_lib/kds/K60D10/debug/libksdk_platform.a(fsl_gpio_common.o)

.debug_abbrev   0x00000000     0x21b2
 .debug_abbrev  0x00000000      0x25a ./Sources/Utilities/fsl_debug_console.o
 .debug_abbrev  0x0000025a       0xc4 ./Sources/Utilities/fsl_misc_utilities.o
 .debug_abbrev  0x0000031e      0x19c ./Sources/Utilities/print_scan.o
 .debug_abbrev  0x000004ba      0x162 ./Sources/Board/Hardware_init.o
 .debug_abbrev  0x0000061c      0x1c5 ./Sources/Board/board.o
 .debug_abbrev  0x000007e1       0xa7 ./Sources/Board/gpio_pins.o
 .debug_abbrev  0x00000888      0x121 ./Sources/Board/pin_mux.o
 .debug_abbrev  0x000009a9      0x108 ./Sources/main.o
 .debug_abbrev  0x00000ab1       0xfa ./Project_Settings/Startup_Code/startup.o
 .debug_abbrev  0x00000bab       0x14 ./Project_Settings/Startup_Code/startup_MK60D10.o
 .debug_abbrev  0x00000bbf      0x11a ./Project_Settings/Startup_Code/system_MK60D10.o
 .debug_abbrev  0x00000cd9      0x2e8 C:/Users/yangs/OneDrive/文档/竞赛/飞思卡尔/2016年/开发环境/SDK_1.3_MK60DN512xxx10/lib/ksdk_platform_lib/kds/K60D10/debug/libksdk_platform.a(fsl_pit_driver.o)
 .debug_abbrev  0x00000fc1      0x291 C:/Users/yangs/OneDrive/文档/竞赛/飞思卡尔/2016年/开发环境/SDK_1.3_MK60DN512xxx10/lib/ksdk_platform_lib/kds/K60D10/debug/libksdk_platform.a(fsl_gpio_driver.o)
 .debug_abbrev  0x00001252      0x2f3 C:/Users/yangs/OneDrive/文档/竞赛/飞思卡尔/2016年/开发环境/SDK_1.3_MK60DN512xxx10/lib/ksdk_platform_lib/kds/K60D10/debug/libksdk_platform.a(fsl_clock_MK60D10.o)
 .debug_abbrev  0x00001545      0x2af C:/Users/yangs/OneDrive/文档/竞赛/飞思卡尔/2016年/开发环境/SDK_1.3_MK60DN512xxx10/lib/ksdk_platform_lib/kds/K60D10/debug/libksdk_platform.a(fsl_clock_manager.o)
 .debug_abbrev  0x000017f4       0xec C:/Users/yangs/OneDrive/文档/竞赛/飞思卡尔/2016年/开发环境/SDK_1.3_MK60DN512xxx10/lib/ksdk_platform_lib/kds/K60D10/debug/libksdk_platform.a(fsl_clock_manager_common.o)
 .debug_abbrev  0x000018e0      0x199 C:/Users/yangs/OneDrive/文档/竞赛/飞思卡尔/2016年/开发环境/SDK_1.3_MK60DN512xxx10/lib/ksdk_platform_lib/kds/K60D10/debug/libksdk_platform.a(fsl_sim_hal_MK60D10.o)
 .debug_abbrev  0x00001a79       0xea C:/Users/yangs/OneDrive/文档/竞赛/飞思卡尔/2016年/开发环境/SDK_1.3_MK60DN512xxx10/lib/ksdk_platform_lib/kds/K60D10/debug/libksdk_platform.a(fsl_pit_common.o)
 .debug_abbrev  0x00001b63       0xaa C:/Users/yangs/OneDrive/文档/竞赛/飞思卡尔/2016年/开发环境/SDK_1.3_MK60DN512xxx10/lib/ksdk_platform_lib/kds/K60D10/debug/libksdk_platform.a(fsl_osc_hal.o)
 .debug_abbrev  0x00001c0d      0x245 C:/Users/yangs/OneDrive/文档/竞赛/飞思卡尔/2016年/开发环境/SDK_1.3_MK60DN512xxx10/lib/ksdk_platform_lib/kds/K60D10/debug/libksdk_platform.a(fsl_mcg_hal.o)
 .debug_abbrev  0x00001e52      0x19b C:/Users/yangs/OneDrive/文档/竞赛/飞思卡尔/2016年/开发环境/SDK_1.3_MK60DN512xxx10/lib/ksdk_platform_lib/kds/K60D10/debug/libksdk_platform.a(fsl_mcg_hal_modes.o)
 .debug_abbrev  0x00001fed       0xf7 C:/Users/yangs/OneDrive/文档/竞赛/飞思卡尔/2016年/开发环境/SDK_1.3_MK60DN512xxx10/lib/ksdk_platform_lib/kds/K60D10/debug/libksdk_platform.a(fsl_gpio_hal.o)
 .debug_abbrev  0x000020e4       0xce C:/Users/yangs/OneDrive/文档/竞赛/飞思卡尔/2016年/开发环境/SDK_1.3_MK60DN512xxx10/lib/ksdk_platform_lib/kds/K60D10/debug/libksdk_platform.a(fsl_gpio_common.o)

.debug_aranges  0x00000000      0xb48
 .debug_aranges
                0x00000000       0x78 ./Sources/Utilities/fsl_debug_console.o
 .debug_aranges
                0x00000078       0x28 ./Sources/Utilities/fsl_misc_utilities.o
 .debug_aranges
                0x000000a0       0x48 ./Sources/Utilities/print_scan.o
 .debug_aranges
                0x000000e8       0x30 ./Sources/Board/Hardware_init.o
 .debug_aranges
                0x00000118       0x50 ./Sources/Board/board.o
 .debug_aranges
                0x00000168       0x18 ./Sources/Board/gpio_pins.o
 .debug_aranges
                0x00000180       0x50 ./Sources/Board/pin_mux.o
 .debug_aranges
                0x000001d0       0x30 ./Sources/main.o
 .debug_aranges
                0x00000200       0x20 ./Project_Settings/Startup_Code/startup.o
 .debug_aranges
                0x00000220       0x20 ./Project_Settings/Startup_Code/startup_MK60D10.o
 .debug_aranges
                0x00000240       0x28 ./Project_Settings/Startup_Code/system_MK60D10.o
 .debug_aranges
                0x00000268      0x150 C:/Users/yangs/OneDrive/文档/竞赛/飞思卡尔/2016年/开发环境/SDK_1.3_MK60DN512xxx10/lib/ksdk_platform_lib/kds/K60D10/debug/libksdk_platform.a(fsl_pit_driver.o)
 .debug_aranges
                0x000003b8      0x110 C:/Users/yangs/OneDrive/文档/竞赛/飞思卡尔/2016年/开发环境/SDK_1.3_MK60DN512xxx10/lib/ksdk_platform_lib/kds/K60D10/debug/libksdk_platform.a(fsl_gpio_driver.o)
 .debug_aranges
                0x000004c8      0x248 C:/Users/yangs/OneDrive/文档/竞赛/飞思卡尔/2016年/开发环境/SDK_1.3_MK60DN512xxx10/lib/ksdk_platform_lib/kds/K60D10/debug/libksdk_platform.a(fsl_clock_MK60D10.o)
 .debug_aranges
                0x00000710      0x148 C:/Users/yangs/OneDrive/文档/竞赛/飞思卡尔/2016年/开发环境/SDK_1.3_MK60DN512xxx10/lib/ksdk_platform_lib/kds/K60D10/debug/libksdk_platform.a(fsl_clock_manager.o)
 .debug_aranges
                0x00000858       0x18 C:/Users/yangs/OneDrive/文档/竞赛/飞思卡尔/2016年/开发环境/SDK_1.3_MK60DN512xxx10/lib/ksdk_platform_lib/kds/K60D10/debug/libksdk_platform.a(fsl_clock_manager_common.o)
 .debug_aranges
                0x00000870       0xd0 C:/Users/yangs/OneDrive/文档/竞赛/飞思卡尔/2016年/开发环境/SDK_1.3_MK60DN512xxx10/lib/ksdk_platform_lib/kds/K60D10/debug/libksdk_platform.a(fsl_sim_hal_MK60D10.o)
 .debug_aranges
                0x00000940       0x18 C:/Users/yangs/OneDrive/文档/竞赛/飞思卡尔/2016年/开发环境/SDK_1.3_MK60DN512xxx10/lib/ksdk_platform_lib/kds/K60D10/debug/libksdk_platform.a(fsl_pit_common.o)
 .debug_aranges
                0x00000958       0x20 C:/Users/yangs/OneDrive/文档/竞赛/飞思卡尔/2016年/开发环境/SDK_1.3_MK60DN512xxx10/lib/ksdk_platform_lib/kds/K60D10/debug/libksdk_platform.a(fsl_osc_hal.o)
 .debug_aranges
                0x00000978       0xf8 C:/Users/yangs/OneDrive/文档/竞赛/飞思卡尔/2016年/开发环境/SDK_1.3_MK60DN512xxx10/lib/ksdk_platform_lib/kds/K60D10/debug/libksdk_platform.a(fsl_mcg_hal.o)
 .debug_aranges
                0x00000a70       0x98 C:/Users/yangs/OneDrive/文档/竞赛/飞思卡尔/2016年/开发环境/SDK_1.3_MK60DN512xxx10/lib/ksdk_platform_lib/kds/K60D10/debug/libksdk_platform.a(fsl_mcg_hal_modes.o)
 .debug_aranges
                0x00000b08       0x28 C:/Users/yangs/OneDrive/文档/竞赛/飞思卡尔/2016年/开发环境/SDK_1.3_MK60DN512xxx10/lib/ksdk_platform_lib/kds/K60D10/debug/libksdk_platform.a(fsl_gpio_hal.o)
 .debug_aranges
                0x00000b30       0x18 C:/Users/yangs/OneDrive/文档/竞赛/飞思卡尔/2016年/开发环境/SDK_1.3_MK60DN512xxx10/lib/ksdk_platform_lib/kds/K60D10/debug/libksdk_platform.a(fsl_gpio_common.o)

.debug_ranges   0x00000000      0x9a8
 .debug_ranges  0x00000000       0x68 ./Sources/Utilities/fsl_debug_console.o
 .debug_ranges  0x00000068       0x18 ./Sources/Utilities/fsl_misc_utilities.o
 .debug_ranges  0x00000080       0x38 ./Sources/Utilities/print_scan.o
 .debug_ranges  0x000000b8       0x20 ./Sources/Board/Hardware_init.o
 .debug_ranges  0x000000d8       0x40 ./Sources/Board/board.o
 .debug_ranges  0x00000118       0x40 ./Sources/Board/pin_mux.o
 .debug_ranges  0x00000158       0x20 ./Sources/main.o
 .debug_ranges  0x00000178       0x10 ./Project_Settings/Startup_Code/startup.o
 .debug_ranges  0x00000188       0x18 ./Project_Settings/Startup_Code/system_MK60D10.o
 .debug_ranges  0x000001a0      0x140 C:/Users/yangs/OneDrive/文档/竞赛/飞思卡尔/2016年/开发环境/SDK_1.3_MK60DN512xxx10/lib/ksdk_platform_lib/kds/K60D10/debug/libksdk_platform.a(fsl_pit_driver.o)
 .debug_ranges  0x000002e0      0x100 C:/Users/yangs/OneDrive/文档/竞赛/飞思卡尔/2016年/开发环境/SDK_1.3_MK60DN512xxx10/lib/ksdk_platform_lib/kds/K60D10/debug/libksdk_platform.a(fsl_gpio_driver.o)
 .debug_ranges  0x000003e0      0x238 C:/Users/yangs/OneDrive/文档/竞赛/飞思卡尔/2016年/开发环境/SDK_1.3_MK60DN512xxx10/lib/ksdk_platform_lib/kds/K60D10/debug/libksdk_platform.a(fsl_clock_MK60D10.o)
 .debug_ranges  0x00000618      0x138 C:/Users/yangs/OneDrive/文档/竞赛/飞思卡尔/2016年/开发环境/SDK_1.3_MK60DN512xxx10/lib/ksdk_platform_lib/kds/K60D10/debug/libksdk_platform.a(fsl_clock_manager.o)
 .debug_ranges  0x00000750       0xc0 C:/Users/yangs/OneDrive/文档/竞赛/飞思卡尔/2016年/开发环境/SDK_1.3_MK60DN512xxx10/lib/ksdk_platform_lib/kds/K60D10/debug/libksdk_platform.a(fsl_sim_hal_MK60D10.o)
 .debug_ranges  0x00000810       0x10 C:/Users/yangs/OneDrive/文档/竞赛/飞思卡尔/2016年/开发环境/SDK_1.3_MK60DN512xxx10/lib/ksdk_platform_lib/kds/K60D10/debug/libksdk_platform.a(fsl_osc_hal.o)
 .debug_ranges  0x00000820       0xe8 C:/Users/yangs/OneDrive/文档/竞赛/飞思卡尔/2016年/开发环境/SDK_1.3_MK60DN512xxx10/lib/ksdk_platform_lib/kds/K60D10/debug/libksdk_platform.a(fsl_mcg_hal.o)
 .debug_ranges  0x00000908       0x88 C:/Users/yangs/OneDrive/文档/竞赛/飞思卡尔/2016年/开发环境/SDK_1.3_MK60DN512xxx10/lib/ksdk_platform_lib/kds/K60D10/debug/libksdk_platform.a(fsl_mcg_hal_modes.o)
 .debug_ranges  0x00000990       0x18 C:/Users/yangs/OneDrive/文档/竞赛/飞思卡尔/2016年/开发环境/SDK_1.3_MK60DN512xxx10/lib/ksdk_platform_lib/kds/K60D10/debug/libksdk_platform.a(fsl_gpio_hal.o)

.debug_macro    0x00000000    0x342cf
 .debug_macro   0x00000000      0x2b7 ./Sources/Utilities/fsl_debug_console.o
 .debug_macro   0x000002b7      0x850 ./Sources/Utilities/fsl_debug_console.o
 .debug_macro   0x00000b07       0x58 ./Sources/Utilities/fsl_debug_console.o
 .debug_macro   0x00000b5f       0x58 ./Sources/Utilities/fsl_debug_console.o
 .debug_macro   0x00000bb7       0x16 ./Sources/Utilities/fsl_debug_console.o
 .debug_macro   0x00000bcd       0x35 ./Sources/Utilities/fsl_debug_console.o
 .debug_macro   0x00000c02       0xa3 ./Sources/Utilities/fsl_debug_console.o
 .debug_macro   0x00000ca5       0x16 ./Sources/Utilities/fsl_debug_console.o
 .debug_macro   0x00000cbb       0x97 ./Sources/Utilities/fsl_debug_console.o
 .debug_macro   0x00000d52       0xef ./Sources/Utilities/fsl_debug_console.o
 .debug_macro   0x00000e41       0x4a ./Sources/Utilities/fsl_debug_console.o
 .debug_macro   0x00000e8b       0x52 ./Sources/Utilities/fsl_debug_console.o
 .debug_macro   0x00000edd       0x16 ./Sources/Utilities/fsl_debug_console.o
 .debug_macro   0x00000ef3       0x43 ./Sources/Utilities/fsl_debug_console.o
 .debug_macro   0x00000f36      0x180 ./Sources/Utilities/fsl_debug_console.o
 .debug_macro   0x000010b6       0x10 ./Sources/Utilities/fsl_debug_console.o
 .debug_macro   0x000010c6       0x22 ./Sources/Utilities/fsl_debug_console.o
 .debug_macro   0x000010e8       0xbd ./Sources/Utilities/fsl_debug_console.o
 .debug_macro   0x000011a5       0x16 ./Sources/Utilities/fsl_debug_console.o
 .debug_macro   0x000011bb      0x14a ./Sources/Utilities/fsl_debug_console.o
 .debug_macro   0x00001305       0x16 ./Sources/Utilities/fsl_debug_console.o
 .debug_macro   0x0000131b       0x35 ./Sources/Utilities/fsl_debug_console.o
 .debug_macro   0x00001350       0x22 ./Sources/Utilities/fsl_debug_console.o
 .debug_macro   0x00001372       0x11 ./Sources/Utilities/fsl_debug_console.o
 .debug_macro   0x00001383       0x16 ./Sources/Utilities/fsl_debug_console.o
 .debug_macro   0x00001399      0x20f ./Sources/Utilities/fsl_debug_console.o
 .debug_macro   0x000015a8       0x53 ./Sources/Utilities/fsl_debug_console.o
 .debug_macro   0x000015fb       0x3b ./Sources/Utilities/fsl_debug_console.o
 .debug_macro   0x00001636       0x34 ./Sources/Utilities/fsl_debug_console.o
 .debug_macro   0x0000166a       0x26 ./Sources/Utilities/fsl_debug_console.o
 .debug_macro   0x00001690      0xba3 ./Sources/Utilities/fsl_debug_console.o
 .debug_macro   0x00002233       0x71 ./Sources/Utilities/fsl_debug_console.o
 .debug_macro   0x000022a4    0x17e58 ./Sources/Utilities/fsl_debug_console.o
 .debug_macro   0x0001a0fc       0x1c ./Sources/Utilities/fsl_debug_console.o
 .debug_macro   0x0001a118    0x170ed ./Sources/Utilities/fsl_debug_console.o
 .debug_macro   0x00031205     0x1191 ./Sources/Utilities/fsl_debug_console.o
 .debug_macro   0x00032396       0x22 ./Sources/Utilities/fsl_debug_console.o
 .debug_macro   0x000323b8       0x44 ./Sources/Utilities/fsl_debug_console.o
 .debug_macro   0x000323fc       0x22 ./Sources/Utilities/fsl_debug_console.o
 .debug_macro   0x0003241e       0x16 ./Sources/Utilities/fsl_debug_console.o
 .debug_macro   0x00032434       0x10 ./Sources/Utilities/fsl_debug_console.o
 .debug_macro   0x00032444       0x11 ./Sources/Utilities/fsl_debug_console.o
 .debug_macro   0x00032455       0x1c ./Sources/Utilities/fsl_debug_console.o
 .debug_macro   0x00032471      0x2a6 ./Sources/Utilities/fsl_debug_console.o
 .debug_macro   0x00032717       0x10 ./Sources/Utilities/fsl_debug_console.o
 .debug_macro   0x00032727      0x17b ./Sources/Utilities/fsl_misc_utilities.o
 .debug_macro   0x000328a2       0x2e ./Sources/Utilities/fsl_misc_utilities.o
 .debug_macro   0x000328d0       0x10 ./Sources/Utilities/fsl_misc_utilities.o
 .debug_macro   0x000328e0      0x241 ./Sources/Utilities/fsl_misc_utilities.o
 .debug_macro   0x00032b21      0x257 ./Sources/Utilities/print_scan.o
 .debug_macro   0x00032d78       0x10 ./Sources/Utilities/print_scan.o
 .debug_macro   0x00032d88       0x52 ./Sources/Utilities/print_scan.o
 .debug_macro   0x00032dda       0x94 ./Sources/Utilities/print_scan.o
 .debug_macro   0x00032e6e      0x27e ./Sources/Board/Hardware_init.o
 .debug_macro   0x000330ec       0x44 ./Sources/Board/Hardware_init.o
 .debug_macro   0x00033130      0x209 ./Sources/Board/Hardware_init.o
 .debug_macro   0x00033339      0x10e ./Sources/Board/Hardware_init.o
 .debug_macro   0x00033447       0x7f ./Sources/Board/Hardware_init.o
 .debug_macro   0x000334c6       0x65 ./Sources/Board/Hardware_init.o
 .debug_macro   0x0003352b       0x22 ./Sources/Board/Hardware_init.o
 .debug_macro   0x0003354d      0x153 ./Sources/Board/Hardware_init.o
 .debug_macro   0x000336a0       0x10 ./Sources/Board/Hardware_init.o
 .debug_macro   0x000336b0       0x3a ./Sources/Board/Hardware_init.o
 .debug_macro   0x000336ea      0x2b3 ./Sources/Board/board.o
 .debug_macro   0x0003399d      0x1a4 ./Sources/Board/gpio_pins.o
 .debug_macro   0x00033b41      0x1a9 ./Sources/Board/pin_mux.o
 .debug_macro   0x00033cea       0x16 ./Sources/Board/pin_mux.o
 .debug_macro   0x00033d00      0x2e0 ./Sources/main.o
 .debug_macro   0x00033fe0       0x1c ./Sources/main.o
 .debug_macro   0x00033ffc      0x171 ./Project_Settings/Startup_Code/startup.o
 .debug_macro   0x0003416d      0x162 ./Project_Settings/Startup_Code/system_MK60D10.o

.debug_line     0x00000000     0x6d6a
 .debug_line    0x00000000      0x8ba ./Sources/Utilities/fsl_debug_console.o
 .debug_line    0x000008ba      0x3a5 ./Sources/Utilities/fsl_misc_utilities.o
 .debug_line    0x00000c5f      0x648 ./Sources/Utilities/print_scan.o
 .debug_line    0x000012a7      0x684 ./Sources/Board/Hardware_init.o
 .debug_line    0x0000192b      0x7fd ./Sources/Board/board.o
 .debug_line    0x00002128      0x448 ./Sources/Board/gpio_pins.o
 .debug_line    0x00002570      0x51c ./Sources/Board/pin_mux.o
 .debug_line    0x00002a8c      0x7b8 ./Sources/main.o
 .debug_line    0x00003244      0x358 ./Project_Settings/Startup_Code/startup.o
 .debug_line    0x0000359c       0x6a ./Project_Settings/Startup_Code/startup_MK60D10.o
 .debug_line    0x00003606      0x383 ./Project_Settings/Startup_Code/system_MK60D10.o
 .debug_line    0x00003989      0x703 C:/Users/yangs/OneDrive/文档/竞赛/飞思卡尔/2016年/开发环境/SDK_1.3_MK60DN512xxx10/lib/ksdk_platform_lib/kds/K60D10/debug/libksdk_platform.a(fsl_pit_driver.o)
 .debug_line    0x0000408c      0x5bc C:/Users/yangs/OneDrive/文档/竞赛/飞思卡尔/2016年/开发环境/SDK_1.3_MK60DN512xxx10/lib/ksdk_platform_lib/kds/K60D10/debug/libksdk_platform.a(fsl_gpio_driver.o)
 .debug_line    0x00004648      0x9a0 C:/Users/yangs/OneDrive/文档/竞赛/飞思卡尔/2016年/开发环境/SDK_1.3_MK60DN512xxx10/lib/ksdk_platform_lib/kds/K60D10/debug/libksdk_platform.a(fsl_clock_MK60D10.o)
 .debug_line    0x00004fe8      0x78f C:/Users/yangs/OneDrive/文档/竞赛/飞思卡尔/2016年/开发环境/SDK_1.3_MK60DN512xxx10/lib/ksdk_platform_lib/kds/K60D10/debug/libksdk_platform.a(fsl_clock_manager.o)
 .debug_line    0x00005777      0x1ee C:/Users/yangs/OneDrive/文档/竞赛/飞思卡尔/2016年/开发环境/SDK_1.3_MK60DN512xxx10/lib/ksdk_platform_lib/kds/K60D10/debug/libksdk_platform.a(fsl_clock_manager_common.o)
 .debug_line    0x00005965      0x50d C:/Users/yangs/OneDrive/文档/竞赛/飞思卡尔/2016年/开发环境/SDK_1.3_MK60DN512xxx10/lib/ksdk_platform_lib/kds/K60D10/debug/libksdk_platform.a(fsl_sim_hal_MK60D10.o)
 .debug_line    0x00005e72      0x163 C:/Users/yangs/OneDrive/文档/竞赛/飞思卡尔/2016年/开发环境/SDK_1.3_MK60DN512xxx10/lib/ksdk_platform_lib/kds/K60D10/debug/libksdk_platform.a(fsl_pit_common.o)
 .debug_line    0x00005fd5      0x16d C:/Users/yangs/OneDrive/文档/竞赛/飞思卡尔/2016年/开发环境/SDK_1.3_MK60DN512xxx10/lib/ksdk_platform_lib/kds/K60D10/debug/libksdk_platform.a(fsl_osc_hal.o)
 .debug_line    0x00006142      0x4e5 C:/Users/yangs/OneDrive/文档/竞赛/飞思卡尔/2016年/开发环境/SDK_1.3_MK60DN512xxx10/lib/ksdk_platform_lib/kds/K60D10/debug/libksdk_platform.a(fsl_mcg_hal.o)
 .debug_line    0x00006627      0x417 C:/Users/yangs/OneDrive/文档/竞赛/飞思卡尔/2016年/开发环境/SDK_1.3_MK60DN512xxx10/lib/ksdk_platform_lib/kds/K60D10/debug/libksdk_platform.a(fsl_mcg_hal_modes.o)
 .debug_line    0x00006a3e      0x1c7 C:/Users/yangs/OneDrive/文档/竞赛/飞思卡尔/2016年/开发环境/SDK_1.3_MK60DN512xxx10/lib/ksdk_platform_lib/kds/K60D10/debug/libksdk_platform.a(fsl_gpio_hal.o)
 .debug_line    0x00006c05      0x165 C:/Users/yangs/OneDrive/文档/竞赛/飞思卡尔/2016年/开发环境/SDK_1.3_MK60DN512xxx10/lib/ksdk_platform_lib/kds/K60D10/debug/libksdk_platform.a(fsl_gpio_common.o)

.debug_str      0x00000000   0x1aec15
 .debug_str     0x00000000   0x1a869c ./Sources/Utilities/fsl_debug_console.o
                             0x1a894f (size before relaxing)
 .debug_str     0x001a869c      0x6af ./Sources/Utilities/fsl_misc_utilities.o
                               0x59f1 (size before relaxing)
 .debug_str     0x001a8d4b      0x8ab ./Sources/Utilities/print_scan.o
                               0x68d2 (size before relaxing)
 .debug_str     0x001a95f6      0xc6c ./Sources/Board/Hardware_init.o
                             0x1a72e1 (size before relaxing)
 .debug_str     0x001aa262      0x6ff ./Sources/Board/board.o
                             0x1a7820 (size before relaxing)
 .debug_str     0x001aa961       0x8c ./Sources/Board/gpio_pins.o
                             0x1a68bd (size before relaxing)
 .debug_str     0x001aa9ed       0x80 ./Sources/Board/pin_mux.o
                             0x1a6601 (size before relaxing)
 .debug_str     0x001aaa6d       0x36 ./Sources/main.o
                             0x1a7aa8 (size before relaxing)
 .debug_str     0x001aaaa3      0x15e ./Project_Settings/Startup_Code/startup.o
                             0x1a6474 (size before relaxing)
 .debug_str     0x001aac01      0x181 ./Project_Settings/Startup_Code/system_MK60D10.o
                             0x1a64d1 (size before relaxing)
 .debug_str     0x001aad82     0x1010 C:/Users/yangs/OneDrive/文档/竞赛/飞思卡尔/2016年/开发环境/SDK_1.3_MK60DN512xxx10/lib/ksdk_platform_lib/kds/K60D10/debug/libksdk_platform.a(fsl_pit_driver.o)
                               0x129f (size before relaxing)
 .debug_str     0x001abd92      0x3e0 C:/Users/yangs/OneDrive/文档/竞赛/飞思卡尔/2016年/开发环境/SDK_1.3_MK60DN512xxx10/lib/ksdk_platform_lib/kds/K60D10/debug/libksdk_platform.a(fsl_gpio_driver.o)
                               0x1143 (size before relaxing)
 .debug_str     0x001ac172      0xe68 C:/Users/yangs/OneDrive/文档/竞赛/飞思卡尔/2016年/开发环境/SDK_1.3_MK60DN512xxx10/lib/ksdk_platform_lib/kds/K60D10/debug/libksdk_platform.a(fsl_clock_MK60D10.o)
                               0x1a1c (size before relaxing)
 .debug_str     0x001acfda      0xb45 C:/Users/yangs/OneDrive/文档/竞赛/飞思卡尔/2016年/开发环境/SDK_1.3_MK60DN512xxx10/lib/ksdk_platform_lib/kds/K60D10/debug/libksdk_platform.a(fsl_clock_manager.o)
                               0x18e9 (size before relaxing)
 .debug_str     0x001adb1f       0x9f C:/Users/yangs/OneDrive/文档/竞赛/飞思卡尔/2016年/开发环境/SDK_1.3_MK60DN512xxx10/lib/ksdk_platform_lib/kds/K60D10/debug/libksdk_platform.a(fsl_clock_manager_common.o)
                                0x408 (size before relaxing)
 .debug_str     0x001adbbe      0x649 C:/Users/yangs/OneDrive/文档/竞赛/飞思卡尔/2016年/开发环境/SDK_1.3_MK60DN512xxx10/lib/ksdk_platform_lib/kds/K60D10/debug/libksdk_platform.a(fsl_sim_hal_MK60D10.o)
                                0x9e6 (size before relaxing)
 .debug_str     0x001ae207       0x80 C:/Users/yangs/OneDrive/文档/竞赛/飞思卡尔/2016年/开发环境/SDK_1.3_MK60DN512xxx10/lib/ksdk_platform_lib/kds/K60D10/debug/libksdk_platform.a(fsl_pit_common.o)
                                0x92a (size before relaxing)
 .debug_str     0x001ae287       0x96 C:/Users/yangs/OneDrive/文档/竞赛/飞思卡尔/2016年/开发环境/SDK_1.3_MK60DN512xxx10/lib/ksdk_platform_lib/kds/K60D10/debug/libksdk_platform.a(fsl_osc_hal.o)
                                0x2d1 (size before relaxing)
 .debug_str     0x001ae31d      0x62d C:/Users/yangs/OneDrive/文档/竞赛/飞思卡尔/2016年/开发环境/SDK_1.3_MK60DN512xxx10/lib/ksdk_platform_lib/kds/K60D10/debug/libksdk_platform.a(fsl_mcg_hal.o)
                                0xc17 (size before relaxing)
 .debug_str     0x001ae94a      0x1a3 C:/Users/yangs/OneDrive/文档/竞赛/飞思卡尔/2016年/开发环境/SDK_1.3_MK60DN512xxx10/lib/ksdk_platform_lib/kds/K60D10/debug/libksdk_platform.a(fsl_mcg_hal_modes.o)
                                0x972 (size before relaxing)
 .debug_str     0x001aeaed       0xa6 C:/Users/yangs/OneDrive/文档/竞赛/飞思卡尔/2016年/开发环境/SDK_1.3_MK60DN512xxx10/lib/ksdk_platform_lib/kds/K60D10/debug/libksdk_platform.a(fsl_gpio_hal.o)
                                0x360 (size before relaxing)
 .debug_str     0x001aeb93       0x82 C:/Users/yangs/OneDrive/文档/竞赛/飞思卡尔/2016年/开发环境/SDK_1.3_MK60DN512xxx10/lib/ksdk_platform_lib/kds/K60D10/debug/libksdk_platform.a(fsl_gpio_common.o)
                                0x96f (size before relaxing)

.comment        0x00000000       0x70
 .comment       0x00000000       0x70 ./Sources/Utilities/fsl_debug_console.o
                                 0x71 (size before relaxing)
 .comment       0x00000000       0x71 ./Sources/Utilities/fsl_misc_utilities.o
 .comment       0x00000000       0x71 ./Sources/Utilities/print_scan.o
 .comment       0x00000000       0x71 ./Sources/Board/Hardware_init.o
 .comment       0x00000000       0x71 ./Sources/Board/board.o
 .comment       0x00000000       0x71 ./Sources/Board/gpio_pins.o
 .comment       0x00000000       0x71 ./Sources/Board/pin_mux.o
 .comment       0x00000000       0x71 ./Sources/main.o
 .comment       0x00000000       0x71 ./Project_Settings/Startup_Code/startup.o
 .comment       0x00000000       0x71 ./Project_Settings/Startup_Code/system_MK60D10.o
 .comment       0x00000000       0x71 C:/Users/yangs/OneDrive/文档/竞赛/飞思卡尔/2016年/开发环境/SDK_1.3_MK60DN512xxx10/lib/ksdk_platform_lib/kds/K60D10/debug/libksdk_platform.a(fsl_pit_driver.o)
 .comment       0x00000000       0x71 C:/Users/yangs/OneDrive/文档/竞赛/飞思卡尔/2016年/开发环境/SDK_1.3_MK60DN512xxx10/lib/ksdk_platform_lib/kds/K60D10/debug/libksdk_platform.a(fsl_gpio_driver.o)
 .comment       0x00000000       0x71 C:/Users/yangs/OneDrive/文档/竞赛/飞思卡尔/2016年/开发环境/SDK_1.3_MK60DN512xxx10/lib/ksdk_platform_lib/kds/K60D10/debug/libksdk_platform.a(fsl_clock_MK60D10.o)
 .comment       0x00000000       0x71 C:/Users/yangs/OneDrive/文档/竞赛/飞思卡尔/2016年/开发环境/SDK_1.3_MK60DN512xxx10/lib/ksdk_platform_lib/kds/K60D10/debug/libksdk_platform.a(fsl_clock_manager.o)
 .comment       0x00000000       0x71 C:/Users/yangs/OneDrive/文档/竞赛/飞思卡尔/2016年/开发环境/SDK_1.3_MK60DN512xxx10/lib/ksdk_platform_lib/kds/K60D10/debug/libksdk_platform.a(fsl_clock_manager_common.o)